Component: ARM Compiler 5.06 update 6 (build 750) Tool: armlink [4d35ed]

==============================================================================

Section Cross References

    main.o(i.main) refers to system_stm32f10x.o(i.SystemInit) for SystemInit
    main.o(i.main) refers to system_stm32f10x.o(i.SystemCoreClockUpdate) for SystemCoreClockUpdate
    main.o(i.main) refers to usart.o(i.USART_Config) for USART_Config
    main.o(i.main) refers to system.o(i.RTOS_Run) for RTOS_Run
    system.o(i.RTOS_Run) refers to queue.o(i.xQueueGenericCreate) for xQueueGenericCreate
    system.o(i.RTOS_Run) refers to tasks.o(i.xTaskCreate) for xTaskCreate
    system.o(i.RTOS_Run) refers to tasks.o(i.vTaskStartScheduler) for vTaskStartScheduler
    system.o(i.RTOS_Run) refers to system.o(.data) for xQueue
    system.o(i.RTOS_Run) refers to system.o(i.RTOS_Task_1) for RTOS_Task_1
    system.o(i.RTOS_Run) refers to system.o(i.RTOS_Task_2) for RTOS_Task_2
    system.o(i.RTOS_Task_1) refers to usart.o(i.USART_FlagDB) for USART_FlagDB
    system.o(i.RTOS_Task_1) refers to usart.o(i.USART_Compare) for USART_Compare
    system.o(i.RTOS_Task_1) refers to queue.o(i.xQueueGenericSend) for xQueueGenericSend
    system.o(i.RTOS_Task_1) refers to system.o(.data) for xQueue
    system.o(i.RTOS_Task_2) refers to queue.o(i.xQueueReceive) for xQueueReceive
    system.o(i.RTOS_Task_2) refers to usart.o(i.USART_SendString) for USART_SendString
    system.o(i.RTOS_Task_2) refers to system.o(.data) for xQueue
    usart.o(i.USART1_IRQHandler) refers to stm32f10x_usart.o(i.USART_GetITStatus) for USART_GetITStatus
    usart.o(i.USART1_IRQHandler) refers to stm32f10x_usart.o(i.USART_ReceiveData) for USART_ReceiveData
    usart.o(i.USART1_IRQHandler) refers to usart.o(.data) for GetChar
    usart.o(i.USART1_IRQHandler) refers to main.o(.bss) for Recei
    usart.o(i.USART_Compare) refers to strcmpv7m.o(.text) for strcmp
    usart.o(i.USART_Compare) refers to main.o(.bss) for Recei
    usart.o(i.USART_Config) refers to stm32f10x_rcc.o(i.RCC_APB2PeriphClockCmd) for RCC_APB2PeriphClockCmd
    usart.o(i.USART_Config) refers to stm32f10x_gpio.o(i.GPIO_Init) for GPIO_Init
    usart.o(i.USART_Config) refers to stm32f10x_usart.o(i.USART_Init) for USART_Init
    usart.o(i.USART_Config) refers to stm32f10x_usart.o(i.USART_ITConfig) for USART_ITConfig
    usart.o(i.USART_Config) refers to stm32f10x_usart.o(i.USART_Cmd) for USART_Cmd
    usart.o(i.USART_Config) refers to usart.o(.data) for Tx_pin
    usart.o(i.USART_FlagDB) refers to usart.o(.data) for stt_flag
    usart.o(i.USART_SendChar) refers to stm32f10x_usart.o(i.USART_SendData) for USART_SendData
    usart.o(i.USART_SendChar) refers to stm32f10x_usart.o(i.USART_GetFlagStatus) for USART_GetFlagStatus
    usart.o(i.USART_SendString) refers to usart.o(i.USART_SendChar) for USART_SendChar
    clib_arm.o(i.__user_perthread_libspace) refers to clib_arm.o(i.os_kernel_is_active) for os_kernel_is_active
    clib_arm.o(i.__user_perthread_libspace) refers to tasks.o(i.xTaskGetCurrentTaskHandle) for xTaskGetCurrentTaskHandle
    clib_arm.o(i.__user_perthread_libspace) refers to clib_arm.o(.bss) for os_libspace
    clib_arm.o(i._mutex_acquire) refers to clib_arm.o(i.os_kernel_is_active) for os_kernel_is_active
    clib_arm.o(i._mutex_acquire) refers to clib_arm.o(i.is_thread_mode) for is_thread_mode
    clib_arm.o(i._mutex_acquire) refers to queue.o(i.xQueueSemaphoreTake) for xQueueSemaphoreTake
    clib_arm.o(i._mutex_free) refers to queue.o(i.vQueueDelete) for vQueueDelete
    clib_arm.o(i._mutex_free) refers to clib_arm.o(.bss) for clib_mutex_id
    clib_arm.o(i._mutex_initialize) refers to queue.o(i.xQueueCreateMutexStatic) for xQueueCreateMutexStatic
    clib_arm.o(i._mutex_initialize) refers to clib_arm.o(i.os_kernel_is_active) for os_kernel_is_active
    clib_arm.o(i._mutex_initialize) refers to queue.o(i.xQueueCreateMutex) for xQueueCreateMutex
    clib_arm.o(i._mutex_initialize) refers to clib_arm.o(.bss) for clib_mutex_id
    clib_arm.o(i._mutex_release) refers to clib_arm.o(i.os_kernel_is_active) for os_kernel_is_active
    clib_arm.o(i._mutex_release) refers to clib_arm.o(i.is_thread_mode) for is_thread_mode
    clib_arm.o(i._mutex_release) refers to queue.o(i.xQueueGenericSend) for xQueueGenericSend
    clib_arm.o(i.os_kernel_is_active) refers to tasks.o(i.xTaskGetSchedulerState) for xTaskGetSchedulerState
    cmsis_os2.o(i.IRQ_Context) refers to tasks.o(i.xTaskGetSchedulerState) for xTaskGetSchedulerState
    cmsis_os2.o(i.SysTick_Handler) refers to tasks.o(i.xTaskGetSchedulerState) for xTaskGetSchedulerState
    cmsis_os2.o(i.SysTick_Handler) refers to port.o(i.xPortSysTickHandler) for xPortSysTickHandler
    cmsis_os2.o(i.TimerCallback) refers to timers.o(i.pvTimerGetTimerID) for pvTimerGetTimerID
    cmsis_os2.o(i.osDelay) refers to cmsis_os2.o(i.IRQ_Context) for IRQ_Context
    cmsis_os2.o(i.osDelay) refers to tasks.o(i.vTaskDelay) for vTaskDelay
[...]
    Removing tasks.o(i.vTaskPlaceOnUnorderedEventList), (80 bytes).
    Removing tasks.o(i.vTaskPrioritySet), (276 bytes).
    Removing tasks.o(i.vTaskRemoveFromUnorderedEventList), (204 bytes).
    Removing tasks.o(i.vTaskResume), (172 bytes).
    Removing tasks.o(i.vTaskSetTaskNumber), (8 bytes).
    Removing tasks.o(i.vTaskSetTimeOutState), (36 bytes).
    Removing tasks.o(i.vTaskSuspend), (176 bytes).
    Removing tasks.o(i.xTaskCatchUpTicks), (40 bytes).
    Removing tasks.o(i.xTaskDelayUntil), (116 bytes).
    Removing tasks.o(i.xTaskGenericNotify), (328 bytes).
    Removing tasks.o(i.xTaskGenericNotifyFromISR), (500 bytes).
    Removing tasks.o(i.xTaskGenericNotifyStateClear), (64 bytes).
    Removing tasks.o(i.xTaskGenericNotifyWait), (172 bytes).
    Removing tasks.o(i.xTaskGetCurrentTaskHandle), (12 bytes).
    Removing tasks.o(i.xTaskGetTickCountFromISR), (12 bytes).
    Removing tasks.o(i.xTaskResumeFromISR), (212 bytes).
    Removing timers.o(.rev16_text), (4 bytes).
    Removing timers.o(.revsh_text), (4 bytes).
    Removing timers.o(.rrx_text), (6 bytes).
    Removing timers.o(i.pcTimerGetName), (8 bytes).
    Removing timers.o(i.prvInitialiseNewTimer), (56 bytes).
    Removing timers.o(i.pvTimerGetTimerID), (20 bytes).
    Removing timers.o(i.uxTimerGetReloadMode), (12 bytes).
    Removing timers.o(i.uxTimerGetTimerNumber), (6 bytes).
    Removing timers.o(i.vTimerSetReloadMode), (46 bytes).
    Removing timers.o(i.vTimerSetTimerID), (20 bytes).
    Removing timers.o(i.vTimerSetTimerNumber), (4 bytes).
    Removing timers.o(i.xTimerCreate), (54 bytes).
    Removing timers.o(i.xTimerCreateStatic), (48 bytes).
    Removing timers.o(i.xTimerGenericCommand), (108 bytes).
    Removing timers.o(i.xTimerGetExpiryTime), (8 bytes).
    Removing timers.o(i.xTimerGetPeriod), (8 bytes).
    Removing timers.o(i.xTimerGetReloadMode), (34 bytes).
    Removing timers.o(i.xTimerGetTimerDaemonTaskHandle), (12 bytes).
    Removing timers.o(i.xTimerIsTimerActive), (34 bytes).
    Removing timers.o(i.xTimerPendFunctionCall), (52 bytes).
    Removing timers.o(i.xTimerPendFunctionCallFromISR), (52 bytes).

314 unused section(s) (total 25193 bytes) removed from the image.

==============================================================================

Image Symbol Table

    Local Symbols

    Symbol Name                              Value     Ov Type        Size  Object(Section)

    ../clib/angel/boardlib.s                 0x00000000   Number         0  boardshut.o ABSOLUTE
    ../clib/angel/boardlib.s                 0x00000000   Number         0  boardinit1.o ABSOLUTE
    ../clib/angel/boardlib.s                 0x00000000   Number         0  boardinit3.o ABSOLUTE
    ../clib/angel/handlers.s                 0x00000000   Number         0  __scatter_copy.o ABSOLUTE
    ../clib/angel/handlers.s                 0x00000000   Number         0  __scatter_zi.o ABSOLUTE
    ../clib/angel/kernel.s                   0x00000000   Number         0  __rtentry2.o ABSOLUTE
    ../clib/angel/kernel.s                   0x00000000   Number         0  rtexit.o ABSOLUTE
    ../clib/angel/kernel.s                   0x00000000   Number         0  rtexit2.o ABSOLUTE
    ../clib/angel/kernel.s                   0x00000000   Number         0  __rtentry4.o ABSOLUTE
    ../clib/angel/kernel.s                   0x00000000   Number         0  __rtentry.o ABSOLUTE
    ../clib/angel/rt.s                       0x00000000   Number         0  rt_raise.o ABSOLUTE
    ../clib/angel/scatter.s                  0x00000000   Number         0  __scatter.o ABSOLUTE
    ../clib/angel/startup.s                  0x00000000   Number         0  __main.o ABSOLUTE
    ../clib/angel/sys.s                      0x00000000   Number         0  libspace.o ABSOLUTE
    ../clib/angel/sys.s                      0x00000000   Number         0  sys_stackheap_outer.o ABSOLUTE
    ../clib/angel/sys.s                      0x00000000   Number         0  use_no_semi.o ABSOLUTE
    ../clib/angel/sys.s                      0x00000000   Number         0  indicate_semi.o ABSOLUTE
    ../clib/angel/sysapp.c                   0x00000000   Number         0  sys_exit.o ABSOLUTE
    ../clib/angel/sysapp.c                   0x00000000   Number         0  sys_command.o ABSOLUTE
    ../clib/angel/sysapp.c                   0x00000000   Number         0  sys_wrch.o ABSOLUTE
    ../clib/armsys.c                         0x00000000   Number         0  argv_veneer.o ABSOLUTE
    ../clib/armsys.c                         0x00000000   Number         0  argv_veneer.o ABSOLUTE
    ../clib/armsys.c                         0x00000000   Number         0  _get_argv_nomalloc.o ABSOLUTE
    ../clib/armsys.c                         0x00000000   Number         0  no_argv.o ABSOLUTE
    ../clib/heapalloc.c                      0x00000000   Number         0  hrguard.o ABSOLUTE
    ../clib/heapaux.c                        0x00000000   Number         0  heapauxi.o ABSOLUTE
    ../clib/libinit.s                        0x00000000   Number         0  libshutdown.o ABSOLUTE
    ../clib/libinit.s                        0x00000000   Number         0  libshutdown2.o ABSOLUTE
    ../clib/libinit.s                        0x00000000   Number         0  libinit2.o ABSOLUTE
    ../clib/libinit.s                        0x00000000   Number         0  libinit.o ABSOLUTE
    ../clib/memcpset.s                       0x00000000   Number         0  rt_memcpy_v6.o ABSOLUTE
    ../clib/memcpset.s                       0x00000000   Number         0  rt_memclr_w.o ABSOLUTE
    ../clib/memcpset.s                       0x00000000   Number         0  rt_memcpy_w.o ABSOLUTE
    ../clib/memcpset.s                       0x00000000   Number         0  rt_memclr.o ABSOLUTE
    ../clib/memcpset.s                       0x00000000   Number         0  strcmpv7m.o ABSOLUTE
    ../clib/memcpset.s                       0x00000000   Number         0  aeabi_memset.o ABSOLUTE
    ../clib/signal.c                         0x00000000   Number         0  defsig_segv_inner.o ABSOLUTE
    ../clib/signal.c                         0x00000000   Number         0  defsig_general.o ABSOLUTE
    ../clib/signal.c                         0x00000000   Number         0  defsig_cppl_inner.o ABSOLUTE
    ../clib/signal.c                         0x00000000   Number         0  defsig_pvfn_inner.o ABSOLUTE
    ../clib/signal.c                         0x00000000   Number         0  defsig_rtmem_formal.o ABSOLUTE
    ../clib/signal.c                         0x00000000   Number         0  __raise.o ABSOLUTE
    ../clib/signal.c                         0x00000000   Number         0  defsig_exit.o ABSOLUTE
    ../clib/signal.c                         0x00000000   Number         0  defsig_fpe_inner.o ABSOLUTE
    ../clib/signal.c                         0x00000000   Number         0  defsig_stak_inner.o ABSOLUTE
    ../clib/signal.c                         0x00000000   Number         0  defsig_abrt_inner.o ABSOLUTE
    ../clib/signal.c                         0x00000000   Number         0  defsig_rtred_inner.o ABSOLUTE
    ../clib/signal.c                         0x00000000   Number         0  defsig_rtmem_outer.o ABSOLUTE
    ../clib/signal.c                         0x00000000   Number         0  defsig_rtmem_inner.o ABSOLUTE
    ../clib/signal.c                         0x00000000   Number         0  defsig_other.o ABSOLUTE
    ../clib/signal.s                         0x00000000   Number         0  defsig.o ABSOLUTE
    ../clib/stdlib.c                         0x00000000   Number         0  exit.o ABSOLUTE
    ../fplib/fpinit.s                        0x00000000   Number         0  fpinit.o ABSOLUTE
    ..\User\main.c                           0x00000000   Number         0  main.o ABSOLUTE
    ..\User\system.c                         0x00000000   Number         0  system.o ABSOLUTE
    ..\User\usart.c                          0x00000000   Number         0  usart.o ABSOLUTE
    ..\\User\\main.c                         0x00000000   Number         0  main.o ABSOLUTE
    ..\\User\\system.c                       0x00000000   Number         0  system.o ABSOLUTE
    ..\\User\\usart.c                        0x00000000   Number         0  usart.o ABSOLUTE
    C:\Users\nvan0\AppData\Local\Arm\Packs\ARM\CMSIS-FreeRTOS\10.5.1\CMSIS\RTOS2\FreeRTOS\Source\ARM\clib_arm.c 0x00000000   Number         0  clib_arm.o ABSOLUTE
    C:\Users\nvan0\AppData\Local\Arm\Packs\ARM\CMSIS-FreeRTOS\10.5.1\CMSIS\RTOS2\FreeRTOS\Source\cmsis_os2.c 0x00000000   Number         0  cmsis_os2.o ABSOLUTE
    C:\Users\nvan0\AppData\Local\Arm\Packs\ARM\CMSIS-FreeRTOS\10.5.1\CMSIS\RTOS2\FreeRTOS\Source\freertos_evr.c 0x00000000   Number         0  freertos_evr.o ABSOLUTE
    C:\Users\nvan0\AppData\Local\Arm\Packs\ARM\CMSIS-FreeRTOS\10.5.1\CMSIS\RTOS2\FreeRTOS\Source\os_systick.c 0x00000000   Number         0  os_systick.o ABSOLUTE
    C:\Users\nvan0\AppData\Local\Arm\Packs\ARM\CMSIS-FreeRTOS\10.5.1\Source\event_groups.c 0x00000000   Number         0  event_groups.o ABSOLUTE
    C:\Users\nvan0\AppData\Local\Arm\Packs\ARM\CMSIS-FreeRTOS\10.5.1\Source\list.c 0x00000000   Number         0  list.o ABSOLUTE
    C:\Users\nvan0\AppData\Local\Arm\Packs\ARM\CMSIS-FreeRTOS\10.5.1\Source\portable\MemMang\heap_4.c 0x00000000   Number         0  heap_4.o ABSOLUTE
    C:\Users\nvan0\AppData\Local\Arm\Packs\ARM\CMSIS-FreeRTOS\10.5.1\Source\portable\RVDS\ARM_CM3\port.c 0x00000000   Number         0  port.o ABSOLUTE
    C:\Users\nvan0\AppData\Local\Arm\Packs\ARM\CMSIS-FreeRTOS\10.5.1\Source\queue.c 0x00000000   Number         0  queue.o ABSOLUTE
    C:\Users\nvan0\AppData\Local\Arm\Packs\ARM\CMSIS-FreeRTOS\10.5.1\Source\tasks.c 0x00000000   Number         0  tasks.o ABSOLUTE
    C:\Users\nvan0\AppData\Local\Arm\Packs\ARM\CMSIS-FreeRTOS\10.5.1\Source\timers.c 0x00000000   Number         0  timers.o ABSOLUTE
    C:\Users\nvan0\AppData\Local\Arm\Packs\Keil\STM32F1xx_DFP\2.3.0\Device\StdPeriph_Driver\src\misc.c 0x00000000   Number         0  misc.o ABSOLUTE
    C:\Users\nvan0\AppData\Local\Arm\Packs\Keil\STM32F1xx_DFP\2.3.0\Device\StdPeriph_Driver\src\stm32f10x_gpio.c 0x00000000   Number         0  stm32f10x_gpio.o ABSOLUTE
    C:\Users\nvan0\AppData\Local\Arm\Packs\Keil\STM32F1xx_DFP\2.3.0\Device\StdPeriph_Driver\src\stm32f10x_rcc.c 0x00000000   Number         0  stm32f10x_rcc.o ABSOLUTE
    C:\Users\nvan0\AppData\Local\Arm\Packs\Keil\STM32F1xx_DFP\2.3.0\Device\StdPeriph_Driver\src\stm32f10x_usart.c 0x00000000   Number         0  stm32f10x_usart.o ABSOLUTE
    C:\\Users\\nvan0\\AppData\\Local\\Arm\\Packs\\ARM\\CMSIS-FreeRTOS\\10.5.1\\CMSIS\\RTOS2\\FreeRTOS\\Source\\ARM\\clib_arm.c 0x00000000   Number         0  clib_arm.o ABSOLUTE
    C:\\Users\\nvan0\\AppData\\Local\\Arm\\Packs\\ARM\\CMSIS-FreeRTOS\\10.5.1\\CMSIS\\RTOS2\\FreeRTOS\\Source\\cmsis_os2.c 0x00000000   Number         0  cmsis_os2.o ABSOLUTE
    C:\\Users\\nvan0\\AppData\\Local\\Arm\\Packs\\ARM\\CMSIS-FreeRTOS\\10.5.1\\CMSIS\\RTOS2\\FreeRTOS\\Source\\freertos_evr.c 0x00000000   Number         0  freertos_evr.o ABSOLUTE
    C:\\Users\\nvan0\\AppData\\Local\\Arm\\Packs\\ARM\\CMSIS-FreeRTOS\\10.5.1\\CMSIS\\RTOS2\\FreeRTOS\\Source\\os_systick.c 0x00000000   Number         0  os_systick.o ABSOLUTE
    C:\\Users\\nvan0\\AppData\\Local\\Arm\\Packs\\ARM\\CMSIS-FreeRTOS\\10.5.1\\Source\\event_groups.c 0x00000000   Number         0  event_groups.o ABSOLUTE
    C:\\Users\\nvan0\\AppData\\Local\\Arm\\Packs\\ARM\\CMSIS-FreeRTOS\\10.5.1\\Source\\list.c 0x00000000   Number         0  list.o ABSOLUTE
    C:\\Users\\nvan0\\AppData\\Local\\Arm\\Packs\\ARM\\CMSIS-FreeRTOS\\10.5.1\\Source\\portable\\MemMang\\heap_4.c 0x00000000   Number         0  heap_4.o ABSOLUTE
    C:\\Users\\nvan0\\AppData\\Local\\Arm\\Packs\\ARM\\CMSIS-FreeRTOS\\10.5.1\\Source\\portable\\RVDS\\ARM_CM3\\port.c 0x00000000   Number         0  port.o ABSOLUTE
    C:\\Users\\nvan0\\AppData\\Local\\Arm\\Packs\\ARM\\CMSIS-FreeRTOS\\10.5.1\\Source\\queue.c 0x00000000   Number         0  queue.o ABSOLUTE
    C:\\Users\\nvan0\\AppData\\Local\\Arm\\Packs\\ARM\\CMSIS-FreeRTOS\\10.5.1\\Source\\tasks.c 0x00000000   Number         0  tasks.o ABSOLUTE
    C:\\Users\\nvan0\\AppData\\Local\\Arm\\Packs\\ARM\\CMSIS-FreeRTOS\\10.5.1\\Source\\timers.c 0x00000000   Number         0  timers.o ABSOLUTE
    C:\\Users\\nvan0\\AppData\\Local\\Arm\\Packs\\Keil\\STM32F1xx_DFP\\2.3.0\\Device\\StdPeriph_Driver\\src\\misc.c 0x00000000   Number         0  misc.o ABSOLUTE
    C:\\Users\\nvan0\\AppData\\Local\\Arm\\Packs\\Keil\\STM32F1xx_DFP\\2.3.0\\Device\\StdPeriph_Driver\\src\\stm32f10x_gpio.c 0x00000000   Number         0  stm32f10x_gpio.o ABSOLUTE
    C:\\Users\\nvan0\\AppData\\Local\\Arm\\Packs\\Keil\\STM32F1xx_DFP\\2.3.0\\Device\\StdPeriph_Driver\\src\\stm32f10x_rcc.c 0x00000000   Number         0  stm32f10x_rcc.o ABSOLUTE
    C:\\Users\\nvan0\\AppData\\Local\\Arm\\Packs\\Keil\\STM32F1xx_DFP\\2.3.0\\Device\\StdPeriph_Driver\\src\\stm32f10x_usart.c 0x00000000   Number         0  stm32f10x_usart.o ABSOLUTE
    RTE\Device\STM32F103C8\startup_stm32f10x_md.s 0x00000000   Number         0  startup_stm32f10x_md.o ABSOLUTE
    RTE\Device\STM32F103C8\system_stm32f10x.c 0x00000000   Number         0  system_stm32f10x.o ABSOLUTE
    RTE\\Device\\STM32F103C8\\system_stm32f10x.c 0x00000000   Number         0  system_stm32f10x.o ABSOLUTE
    dc.s                                     0x00000000   Number         0  dc.o ABSOLUTE
    RESET                                    0x08000000   Section      236  startup_stm32f10x_md.o(RESET)
    !!!main                                  0x080000ec   Section        8  __main.o(!!!main)
    !!!scatter                               0x080000f4   Section       52  __scatter.o(!!!scatter)
    !!handler_copy                           0x08000128   Section       26  __scatter_copy.o(!!handler_copy)
    !!handler_zi                             0x08000144   Section       28  __scatter_zi.o(!!handler_zi)
    .ARM.Collect$$libinit$$00000000          0x08000160   Section        2  libinit.o(.ARM.Collect$$libinit$$00000000)
    .ARM.Collect$$libinit$$00000002          0x08000162   Section        0  libinit2.o(.ARM.Collect$$libinit$$00000002)
    .ARM.Collect$$libinit$$00000004          0x08000162   Section        0  libinit2.o(.ARM.Collect$$libinit$$00000004)
    .ARM.Collect$$libinit$$0000000A          0x08000162   Section        0  libinit2.o(.ARM.Collect$$libinit$$0000000A)
    .ARM.Collect$$libinit$$0000000C          0x08000162   Section        0  libinit2.o(.ARM.Collect$$libinit$$0000000C)
    .ARM.Collect$$libinit$$0000000E          0x08000162   Section        0  libinit2.o(.ARM.Collect$$libinit$$0000000E)
    .ARM.Collect$$libinit$$00000011          0x08000162   Section        0  libinit2.o(.ARM.Collect$$libinit$$00000011)
    .ARM.Collect$$libinit$$00000013          0x08000162   Section        0  libinit2.o(.ARM.Collect$$libinit$$00000013)
    .ARM.Collect$$libinit$$00000015          0x08000162   Section        0  libinit2.o(.ARM.Collect$$libinit$$00000015)
    .ARM.Collect$$libinit$$00000017          0x08000162   Section        0  libinit2.o(.ARM.Collect$$libinit$$00000017)
    .ARM.Collect$$libinit$$00000019          0x08000162   Section        0  libinit2.o(.ARM.Collect$$libinit$$00000019)
    .ARM.Collect$$libinit$$0000001B          0x08000162   Section        0  libinit2.o(.ARM.Collect$$libinit$$0000001B)
    .ARM.Collect$$libinit$$0000001D          0x08000162   Section        0  libinit2.o(.ARM.Collect$$libinit$$0000001D)
    .ARM.Collect$$libinit$$0000001F          0x08000162   Section        0  libinit2.o(.ARM.Collect$$libinit$$0000001F)
    .ARM.Collect$$libinit$$00000021          0x08000162   Section        0  libinit2.o(.ARM.Collect$$libinit$$00000021)
    .ARM.Collect$$libinit$$00000023          0x08000162   Section        0  libinit2.o(.ARM.Collect$$libinit$$00000023)
    .ARM.Collect$$libinit$$00000025          0x08000162   Section        0  libinit2.o(.ARM.Collect$$libinit$$00000025)
    .ARM.Collect$$libinit$$0000002C          0x08000162   Section        0  libinit2.o(.ARM.Collect$$libinit$$0000002C)
    .ARM.Collect$$libinit$$0000002E          0x08000162   Section        0  libinit2.o(.ARM.Collect$$libinit$$0000002E)
    .ARM.Collect$$libinit$$00000030          0x08000162   Section        0  libinit2.o(.ARM.Collect$$libinit$$00000030)
    .ARM.Collect$$libinit$$00000032          0x08000162   Section        0  libinit2.o(.ARM.Collect$$libinit$$00000032)
    .ARM.Collect$$libinit$$00000033          0x08000162   Section        2  libinit2.o(.ARM.Collect$$libinit$$00000033)
    .ARM.Collect$$libshutdown$$00000000      0x08000164   Section        2  libshutdown.o(.ARM.Collect$$libshutdown$$00000000)
    .ARM.Collect$$libshutdown$$00000002      0x08000166   Section        0  libshutdown2.o(.ARM.Collect$$libshutdown$$00000002)
    .ARM.Collect$$libshutdown$$00000004      0x08000166   Section        0  libshutdown2.o(.ARM.Collect$$libshutdown$$00000004)
    .ARM.Collect$$libshutdown$$00000007      0x08000166   Section        0  libshutdown2.o(.ARM.Collect$$libshutdown$$00000007)
    .ARM.Collect$$libshutdown$$0000000A      0x08000166   Section        0  libshutdown2.o(.ARM.Collect$$libshutdown$$0000000A)
    .ARM.Collect$$libshutdown$$0000000C      0x08000166   Section        0  libshutdown2.o(.ARM.Collect$$libshutdown$$0000000C)
    .ARM.Collect$$libshutdown$$0000000F      0x08000166   Section        0  libshutdown2.o(.ARM.Collect$$libshutdown$$0000000F)
    .ARM.Collect$$libshutdown$$00000010      0x08000166   Section        2  libshutdown2.o(.ARM.Collect$$libshutdown$$00000010)
    .ARM.Collect$$rtentry$$00000000          0x08000168   Section        0  __rtentry.o(.ARM.Collect$$rtentry$$00000000)
    .ARM.Collect$$rtentry$$00000002          0x08000168   Section        0  __rtentry2.o(.ARM.Collect$$rtentry$$00000002)
    .ARM.Collect$$rtentry$$00000004          0x08000168   Section        6  __rtentry4.o(.ARM.Collect$$rtentry$$00000004)
    .ARM.Collect$$rtentry$$00000008          0x0800016e   Section        8  __rtentry2.o(.ARM.Collect$$rtentry$$00000008)
    .ARM.Collect$$rtentry$$0000000A          0x08000176   Section        4  __rtentry2.o(.ARM.Collect$$rtentry$$0000000A)
    .ARM.Collect$$rtentry$$0000000C          0x0800017a   Section        0  __rtentry2.o(.ARM.Collect$$rtentry$$0000000C)
    .ARM.Collect$$rtentry$$0000000D          0x0800017a   Section        8  __rtentry2.o(.ARM.Collect$$rtentry$$0000000D)
    .ARM.Collect$$rtexit$$00000000           0x08000182   Section        2  rtexit.o(.ARM.Collect$$rtexit$$00000000)
    .ARM.Collect$$rtexit$$00000002           0x08000184   Section        0  rtexit2.o(.ARM.Collect$$rtexit$$00000002)
    .ARM.Collect$$rtexit$$00000003           0x08000184   Section        4  rtexit2.o(.ARM.Collect$$rtexit$$00000003)
    .ARM.Collect$$rtexit$$00000004           0x08000188   Section        6  rtexit2.o(.ARM.Collect$$rtexit$$00000004)
    .emb_text                                0x08000190   Section      150  port.o(.emb_text)
    .text                                    0x08000228   Section       64  startup_stm32f10x_md.o(.text)
    .text                                    0x08000268   Section      138  rt_memcpy_v6.o(.text)
    .text                                    0x080002f2   Section       16  aeabi_memset.o(.text)
    .text                                    0x08000302   Section       68  rt_memclr.o(.text)
    .text                                    0x08000346   Section       78  rt_memclr_w.o(.text)
    .text                                    0x08000394   Section      128  strcmpv7m.o(.text)
    .text                                    0x08000414   Section        0  heapauxi.o(.text)
    .text                                    0x0800041a   Section      100  rt_memcpy_w.o(.text)
    .text                                    0x0800047e   Section       74  sys_stackheap_outer.o(.text)
    .text                                    0x080004c8   Section        0  exit.o(.text)
    .text                                    0x080004dc   Section        8  libspace.o(.text)
    .text                                    0x080004e4   Section        0  sys_exit.o(.text)
    .text                                    0x080004f0   Section        2  use_no_semi.o(.text)
    .text                                    0x080004f2   Section        0  indicate_semi.o(.text)
    i.GPIO_Init                              0x080004f2   Section        0  stm32f10x_gpio.o(i.GPIO_Init)
    i.RCC_APB2PeriphClockCmd                 0x08000608   Section        0  stm32f10x_rcc.o(i.RCC_APB2PeriphClockCmd)
    i.RCC_GetClocksFreq                      0x08000628   Section        0  stm32f10x_rcc.o(i.RCC_GetClocksFreq)
    i.RTOS_Run                               0x080006fc   Section        0  system.o(i.RTOS_Run)
    i.RTOS_Task_1                            0x08000758   Section        0  system.o(i.RTOS_Task_1)
    i.RTOS_Task_2                            0x080007b4   Section        0  system.o(i.RTOS_Task_2)
    i.SetSysClock                            0x08000800   Section        0  system_stm32f10x.o(i.SetSysClock)
    SetSysClock                              0x08000801   Thumb Code     8  system_stm32f10x.o(i.SetSysClock)
    i.SetSysClockTo72                        0x08000808   Section        0  system_stm32f10x.o(i.SetSysClockTo72)
    SetSysClockTo72                          0x08000809   Thumb Code   214  system_stm32f10x.o(i.SetSysClockTo72)
    i.SysTick_Handler                        0x080008e8   Section        0  cmsis_os2.o(i.SysTick_Handler)
    i.SystemCoreClockUpdate                  0x08000900   Section        0  system_stm32f10x.o(i.SystemCoreClockUpdate)
    i.SystemInit                             0x080009a4   Section        0  system_stm32f10x.o(i.SystemInit)
    i.USART1_IRQHandler                      0x08000a04   Section        0  usart.o(i.USART1_IRQHandler)
    i.USART_Cmd                              0x08000a6c   Section        0  stm32f10x_usart.o(i.USART_Cmd)
    i.USART_Compare                          0x08000a84   Section        0  usart.o(i.USART_Compare)
    i.USART_Config                           0x08000aa0   Section        0  usart.o(i.USART_Config)
    i.USART_FlagDB                           0x08000b68   Section        0  usart.o(i.USART_FlagDB)
    i.USART_GetFlagStatus                    0x08000b84   Section        0  stm32f10x_usart.o(i.USART_GetFlagStatus)
    i.USART_GetITStatus                      0x08000b9e   Section        0  stm32f10x_usart.o(i.USART_GetITStatus)
    i.USART_ITConfig                         0x08000bf2   Section        0  stm32f10x_usart.o(i.USART_ITConfig)
    i.USART_Init                             0x08000c3c   Section        0  stm32f10x_usart.o(i.USART_Init)
    i.USART_ReceiveData                      0x08000d14   Section        0  stm32f10x_usart.o(i.USART_ReceiveData)
    i.USART_SendChar                         0x08000d20   Section        0  usart.o(i.USART_SendChar)
    i.USART_SendData                         0x08000d40   Section        0  stm32f10x_usart.o(i.USART_SendData)
    i.USART_SendString                       0x08000d48   Section        0  usart.o(i.USART_SendString)
    i._mutex_acquire                         0x08000d5e   Section        0  clib_arm.o(i._mutex_acquire)
    __tagsym$$used                           0x08000d5f   Number         0  clib_arm.o(i._mutex_acquire)
    i._mutex_free                            0x08000d7c   Section        0  clib_arm.o(i._mutex_free)
    __tagsym$$used                           0x08000d7d   Number         0  clib_arm.o(i._mutex_free)
    i._mutex_initialize                      0x08000db0   Section        0  clib_arm.o(i._mutex_initialize)
    __tagsym$$used                           0x08000db1   Number         0  clib_arm.o(i._mutex_initialize)
    i._mutex_release                         0x08000e1c   Section        0  clib_arm.o(i._mutex_release)
    __tagsym$$used                           0x08000e1d   Number         0  clib_arm.o(i._mutex_release)
    i._platform_post_stackheap_init          0x08000e3a   Section        0  clib_arm.o(i._platform_post_stackheap_init)
    i.is_thread_mode                         0x08000e3c   Section        0  clib_arm.o(i.is_thread_mode)
    is_thread_mode                           0x08000e3d   Thumb Code    16  clib_arm.o(i.is_thread_mode)
    i.main                                   0x08000e4c   Section        0  main.o(i.main)
    i.os_kernel_is_active                    0x08000e66   Section        0  clib_arm.o(i.os_kernel_is_active)
    os_kernel_is_active                      0x08000e67   Thumb Code    18  clib_arm.o(i.os_kernel_is_active)
    i.prvAddCurrentTaskToDelayedList         0x08000e78   Section        0  tasks.o(i.prvAddCurrentTaskToDelayedList)
    prvAddCurrentTaskToDelayedList           0x08000e79   Thumb Code   140  tasks.o(i.prvAddCurrentTaskToDelayedList)
    i.prvAddNewTaskToReadyList               0x08000f1c   Section        0  tasks.o(i.prvAddNewTaskToReadyList)
    prvAddNewTaskToReadyList                 0x08000f1d   Thumb Code   204  tasks.o(i.prvAddNewTaskToReadyList)
    i.prvCheckForValidListAndQueue           0x08001004   Section        0  timers.o(i.prvCheckForValidListAndQueue)
    prvCheckForValidListAndQueue             0x08001005   Thumb Code    62  timers.o(i.prvCheckForValidListAndQueue)
    i.prvCheckTasksWaitingTermination        0x08001060   Section        0  tasks.o(i.prvCheckTasksWaitingTermination)
    prvCheckTasksWaitingTermination          0x08001061   Thumb Code    60  tasks.o(i.prvCheckTasksWaitingTermination)
    i.prvCopyDataFromQueue                   0x080010a8   Section        0  queue.o(i.prvCopyDataFromQueue)
    prvCopyDataFromQueue                     0x080010a9   Thumb Code    42  queue.o(i.prvCopyDataFromQueue)
    i.prvCopyDataToQueue                     0x080010d2   Section        0  queue.o(i.prvCopyDataToQueue)
    prvCopyDataToQueue                       0x080010d3   Thumb Code   126  queue.o(i.prvCopyDataToQueue)
    i.prvDeleteTCB                           0x08001150   Section        0  tasks.o(i.prvDeleteTCB)
    prvDeleteTCB                             0x08001151   Thumb Code    40  tasks.o(i.prvDeleteTCB)
    i.prvGetDisinheritPriorityAfterTimeout   0x08001178   Section        0  queue.o(i.prvGetDisinheritPriorityAfterTimeout)
    prvGetDisinheritPriorityAfterTimeout     0x08001179   Thumb Code    20  queue.o(i.prvGetDisinheritPriorityAfterTimeout)
    i.prvGetNextExpireTime                   0x0800118c   Section        0  timers.o(i.prvGetNextExpireTime)
    prvGetNextExpireTime                     0x0800118d   Thumb Code    36  timers.o(i.prvGetNextExpireTime)
    i.prvHeapInit                            0x080011b4   Section        0  heap_4.o(i.prvHeapInit)
    prvHeapInit                              0x080011b5   Thumb Code    90  heap_4.o(i.prvHeapInit)
    i.prvIdleTask                            0x08001224   Section        0  tasks.o(i.prvIdleTask)
    prvIdleTask                              0x08001225   Thumb Code    32  tasks.o(i.prvIdleTask)
    i.prvInitialiseMutex                     0x0800124c   Section        0  queue.o(i.prvInitialiseMutex)
    prvInitialiseMutex                       0x0800124d   Thumb Code    30  queue.o(i.prvInitialiseMutex)
    i.prvInitialiseNewQueue                  0x0800126a   Section        0  queue.o(i.prvInitialiseNewQueue)
    prvInitialiseNewQueue                    0x0800126b   Thumb Code    42  queue.o(i.prvInitialiseNewQueue)
    i.prvInitialiseNewTask                   0x08001294   Section        0  tasks.o(i.prvInitialiseNewTask)
    prvInitialiseNewTask                     0x08001295   Thumb Code   134  tasks.o(i.prvInitialiseNewTask)
    i.prvInitialiseTaskLists                 0x0800131c   Section        0  tasks.o(i.prvInitialiseTaskLists)
    prvInitialiseTaskLists                   0x0800131d   Thumb Code    70  tasks.o(i.prvInitialiseTaskLists)
    i.prvInsertBlockIntoFreeList             0x08001384   Section        0  heap_4.o(i.prvInsertBlockIntoFreeList)
    prvInsertBlockIntoFreeList               0x08001385   Thumb Code    96  heap_4.o(i.prvInsertBlockIntoFreeList)
    i.prvInsertTimerInActiveList             0x080013ec   Section        0  timers.o(i.prvInsertTimerInActiveList)
    prvInsertTimerInActiveList               0x080013ed   Thumb Code    80  timers.o(i.prvInsertTimerInActiveList)
    i.prvIsQueueEmpty                        0x08001444   Section        0  queue.o(i.prvIsQueueEmpty)
    prvIsQueueEmpty                          0x08001445   Thumb Code    26  queue.o(i.prvIsQueueEmpty)
    i.prvIsQueueFull                         0x0800145e   Section        0  queue.o(i.prvIsQueueFull)
    prvIsQueueFull                           0x0800145f   Thumb Code    30  queue.o(i.prvIsQueueFull)
    i.prvProcessExpiredTimer                 0x0800147c   Section        0  timers.o(i.prvProcessExpiredTimer)
    prvProcessExpiredTimer                   0x0800147d   Thumb Code    62  timers.o(i.prvProcessExpiredTimer)
    i.prvProcessReceivedCommands             0x080014c0   Section        0  timers.o(i.prvProcessReceivedCommands)
    prvProcessReceivedCommands               0x080014c1   Thumb Code   268  timers.o(i.prvProcessReceivedCommands)
    i.prvProcessTimerOrBlockTask             0x080015d0   Section        0  timers.o(i.prvProcessTimerOrBlockTask)
    prvProcessTimerOrBlockTask               0x080015d1   Thumb Code   102  timers.o(i.prvProcessTimerOrBlockTask)
    i.prvReloadTimer                         0x08001644   Section        0  timers.o(i.prvReloadTimer)
    prvReloadTimer                           0x08001645   Thumb Code    40  timers.o(i.prvReloadTimer)
    i.prvResetNextTaskUnblockTime            0x0800166c   Section        0  tasks.o(i.prvResetNextTaskUnblockTime)
    prvResetNextTaskUnblockTime              0x0800166d   Thumb Code    40  tasks.o(i.prvResetNextTaskUnblockTime)
    i.prvSampleTimeNow                       0x0800169c   Section        0  timers.o(i.prvSampleTimeNow)
    prvSampleTimeNow                         0x0800169d   Thumb Code    40  timers.o(i.prvSampleTimeNow)
    i.prvSwitchTimerLists                    0x080016c8   Section        0  timers.o(i.prvSwitchTimerLists)
    prvSwitchTimerLists                      0x080016c9   Thumb Code    58  timers.o(i.prvSwitchTimerLists)
    i.prvTaskExitError                       0x0800170c   Section        0  port.o(i.prvTaskExitError)
    prvTaskExitError                         0x0800170d   Thumb Code    22  port.o(i.prvTaskExitError)
    i.prvTimerTask                           0x08001722   Section        0  timers.o(i.prvTimerTask)
    prvTimerTask                             0x08001723   Thumb Code    26  timers.o(i.prvTimerTask)
    i.prvUnlockQueue                         0x0800173c   Section        0  queue.o(i.prvUnlockQueue)
    prvUnlockQueue                           0x0800173d   Thumb Code   126  queue.o(i.prvUnlockQueue)
    i.pvPortMalloc                           0x080017bc   Section        0  heap_4.o(i.pvPortMalloc)
    i.pvTaskIncrementMutexHeldCount          0x080018a0   Section        0  tasks.o(i.pvTaskIncrementMutexHeldCount)
    i.pxPortInitialiseStack                  0x080018c0   Section        0  port.o(i.pxPortInitialiseStack)
    i.uxListRemove                           0x080018e4   Section        0  list.o(i.uxListRemove)
    i.vApplicationGetIdleTaskMemory          0x0800190c   Section        0  cmsis_os2.o(i.vApplicationGetIdleTaskMemory)
    i.vApplicationGetTimerTaskMemory         0x08001924   Section        0  cmsis_os2.o(i.vApplicationGetTimerTaskMemory)
    i.vApplicationStackOverflowHook          0x0800193c   Section        0  cmsis_os2.o(i.vApplicationStackOverflowHook)
    i.vListInitialise                        0x0800193e   Section        0  list.o(i.vListInitialise)
    i.vListInitialiseItem                    0x08001958   Section        0  list.o(i.vListInitialiseItem)
    i.vListInsert                            0x0800195e   Section        0  list.o(i.vListInsert)
    i.vPortEnterCritical                     0x08001994   Section        0  port.o(i.vPortEnterCritical)
    i.vPortExitCritical                      0x080019b8   Section        0  port.o(i.vPortExitCritical)
    i.vPortFree                              0x080019d8   Section        0  heap_4.o(i.vPortFree)
    i.vPortSetupTimerInterrupt               0x08001a24   Section        0  port.o(i.vPortSetupTimerInterrupt)
    i.vQueueDelete                           0x08001a4c   Section        0  queue.o(i.vQueueDelete)
    i.vQueueWaitForMessageRestricted         0x08001a60   Section        0  queue.o(i.vQueueWaitForMessageRestricted)
    i.vTaskInternalSetTimeOutState           0x08001aac   Section        0  tasks.o(i.vTaskInternalSetTimeOutState)
    i.vTaskMissedYield                       0x08001ac4   Section        0  tasks.o(i.vTaskMissedYield)
    i.vTaskPlaceOnEventList                  0x08001ad0   Section        0  tasks.o(i.vTaskPlaceOnEventList)
    i.vTaskPlaceOnEventListRestricted        0x08001af0   Section        0  tasks.o(i.vTaskPlaceOnEventListRestricted)
    i.vTaskPriorityDisinheritAfterTimeout    0x08001b3c   Section        0  tasks.o(i.vTaskPriorityDisinheritAfterTimeout)
    i.vTaskStartScheduler                    0x08001bfc   Section        0  tasks.o(i.vTaskStartScheduler)
    i.vTaskSuspendAll                        0x08001c98   Section        0  tasks.o(i.vTaskSuspendAll)
    i.vTaskSwitchContext                     0x08001ca8   Section        0  tasks.o(i.vTaskSwitchContext)
    i.xPortStartScheduler                    0x08001d58   Section        0  port.o(i.xPortStartScheduler)
    i.xPortSysTickHandler                    0x08001d8c   Section        0  port.o(i.xPortSysTickHandler)
    i.xQueueCreateMutex                      0x08001dc0   Section        0  queue.o(i.xQueueCreateMutex)
    i.xQueueCreateMutexStatic                0x08001de2   Section        0  queue.o(i.xQueueCreateMutexStatic)
    i.xQueueGenericCreate                    0x08001e0c   Section        0  queue.o(i.xQueueGenericCreate)
    i.xQueueGenericCreateStatic              0x08001e5e   Section        0  queue.o(i.xQueueGenericCreateStatic)
    i.xQueueGenericReset                     0x08001e9c   Section        0  queue.o(i.xQueueGenericReset)
    i.xQueueGenericSend                      0x08001f3c   Section        0  queue.o(i.xQueueGenericSend)
    i.xQueueReceive                          0x08002054   Section        0  queue.o(i.xQueueReceive)
    i.xQueueSemaphoreTake                    0x08002158   Section        0  queue.o(i.xQueueSemaphoreTake)
    i.xTaskCheckForTimeOut                   0x08002288   Section        0  tasks.o(i.xTaskCheckForTimeOut)
    i.xTaskCreate                            0x080022e8   Section        0  tasks.o(i.xTaskCreate)
    i.xTaskCreateStatic                      0x08002354   Section        0  tasks.o(i.xTaskCreateStatic)
    i.xTaskGetSchedulerState                 0x080023ac   Section        0  tasks.o(i.xTaskGetSchedulerState)
    i.xTaskGetTickCount                      0x080023cc   Section        0  tasks.o(i.xTaskGetTickCount)
    i.xTaskIncrementTick                     0x080023d8   Section        0  tasks.o(i.xTaskIncrementTick)
    i.xTaskPriorityDisinherit                0x08002568   Section        0  tasks.o(i.xTaskPriorityDisinherit)
    i.xTaskPriorityInherit                   0x080025fc   Section        0  tasks.o(i.xTaskPriorityInherit)
    i.xTaskRemoveFromEventList               0x080026d4   Section        0  tasks.o(i.xTaskRemoveFromEventList)
    i.xTaskResumeAll                         0x080027dc   Section        0  tasks.o(i.xTaskResumeAll)
    i.xTimerCreateTimerTask                  0x08002934   Section        0  timers.o(i.xTimerCreateTimerTask)
    .data                                    0x20000000   Section        4  system.o(.data)
    .data                                    0x20000004   Section       20  usart.o(.data)
    .data                                    0x20000018   Section       20  stm32f10x_rcc.o(.data)
    APBAHBPrescTable                         0x20000018   Data          16  stm32f10x_rcc.o(.data)
    ADCPrescTable                            0x20000028   Data           4  stm32f10x_rcc.o(.data)
    .data                                    0x2000002c   Section       20  system_stm32f10x.o(.data)
    .data                                    0x20000040   Section       28  heap_4.o(.data)
    xStart                                   0x20000040   Data           8  heap_4.o(.data)
    pxEnd                                    0x20000048   Data           4  heap_4.o(.data)
    xFreeBytesRemaining                      0x2000004c   Data           4  heap_4.o(.data)
    xMinimumEverFreeBytesRemaining           0x20000050   Data           4  heap_4.o(.data)
    xNumberOfSuccessfulAllocations           0x20000054   Data           4  heap_4.o(.data)
    xNumberOfSuccessfulFrees                 0x20000058   Data           4  heap_4.o(.data)
    .data                                    0x2000005c   Section        4  port.o(.data)
    uxCriticalNesting                        0x2000005c   Data           4  port.o(.data)
    .data                                    0x20000060   Section       64  tasks.o(.data)
    pxDelayedTaskList                        0x20000064   Data           4  tasks.o(.data)
    pxOverflowDelayedTaskList                0x20000068   Data           4  tasks.o(.data)
    uxDeletedTasksWaitingCleanUp             0x2000006c   Data           4  tasks.o(.data)
    uxCurrentNumberOfTasks                   0x20000070   Data           4  tasks.o(.data)
    xTickCount                               0x20000074   Data           4  tasks.o(.data)
    uxTopReadyPriority                       0x20000078   Data           4  tasks.o(.data)
    xSchedulerRunning                        0x2000007c   Data           4  tasks.o(.data)
    xPendedTicks                             0x20000080   Data           4  tasks.o(.data)
    xYieldPending                            0x20000084   Data           4  tasks.o(.data)
    xNumOfOverflows                          0x20000088   Data           4  tasks.o(.data)
    uxTaskNumber                             0x2000008c   Data           4  tasks.o(.data)
    xNextTaskUnblockTime                     0x20000090   Data           4  tasks.o(.data)
    xIdleTaskHandle                          0x20000094   Data           4  tasks.o(.data)
    uxSchedulerSuspended                     0x2000009c   Data           4  tasks.o(.data)
    .data                                    0x200000a0   Section       20  timers.o(.data)
    pxCurrentTimerList                       0x200000a0   Data           4  timers.o(.data)
    pxOverflowTimerList                      0x200000a4   Data           4  timers.o(.data)
    xTimerQueue                              0x200000a8   Data           4  timers.o(.data)
    xTimerTaskHandle                         0x200000ac   Data           4  timers.o(.data)
    xLastTime                                0x200000b0   Data           4  timers.o(.data)
    .bss                                     0x200000b4   Section     1000  main.o(.bss)
    .bss                                     0x2000049c   Section      916  clib_arm.o(.bss)
    os_libspace                              0x2000049c   Data         480  clib_arm.o(.bss)
    os_libspace_id                           0x2000067c   Data          16  clib_arm.o(.bss)
    clib_mutex_cb                            0x2000068c   Data         400  clib_arm.o(.bss)
    clib_mutex_id                            0x2000081c   Data          20  clib_arm.o(.bss)
    .bss                                     0x20000830   Section     1016  cmsis_os2.o(.bss)
    Idle_TCB                                 0x20000830   Data          92  cmsis_os2.o(.bss)
    Idle_Stack                               0x2000088c   Data         512  cmsis_os2.o(.bss)
    Timer_TCB                                0x20000a8c   Data          92  cmsis_os2.o(.bss)
    Timer_Stack                              0x20000ae8   Data         320  cmsis_os2.o(.bss)
    .bss                                     0x20000c28   Section     8192  heap_4.o(.bss)
    ucHeap                                   0x20000c28   Data        8192  heap_4.o(.bss)
    .bss                                     0x20002c28   Section     1220  tasks.o(.bss)
    pxReadyTasksLists                        0x20002c28   Data        1120  tasks.o(.bss)
    xDelayedTaskList1                        0x20003088   Data          20  tasks.o(.bss)
    xDelayedTaskList2                        0x2000309c   Data          20  tasks.o(.bss)
    xPendingReadyList                        0x200030b0   Data          20  tasks.o(.bss)
    xTasksWaitingTermination                 0x200030c4   Data          20  tasks.o(.bss)
    xSuspendedTaskList                       0x200030d8   Data          20  tasks.o(.bss)
    .bss                                     0x200030ec   Section      200  timers.o(.bss)
    xActiveTimerList1                        0x200030ec   Data          20  timers.o(.bss)
    xActiveTimerList2                        0x20003100   Data          20  timers.o(.bss)
    xStaticTimerQueue                        0x20003114   Data          80  timers.o(.bss)
    ucStaticTimerQueueStorage                0x20003164   Data          80  timers.o(.bss)
    .bss                                     0x200031b4   Section       96  libspace.o(.bss)
    HEAP                                     0x20003218   Section      512  startup_stm32f10x_md.o(HEAP)
    Heap_Mem                                 0x20003218   Data         512  startup_stm32f10x_md.o(HEAP)
    STACK                                    0x20003418   Section     1024  startup_stm32f10x_md.o(STACK)
    Stack_Mem                                0x20003418   Data        1024  startup_stm32f10x_md.o(STACK)
    __initial_sp                             0x20003818   Data           0  startup_stm32f10x_md.o(STACK)

    Global Symbols

    Symbol Name                              Value     Ov Type        Size  Object(Section)

    BuildAttributes$$THM_ISAv4$P$D$K$B$S$PE$A:L22UL41UL21$X:L11$S22US41US21$IEEE1$IW$USESV6$~STKCKD$USESV7$~SHL$OSPACE$ROPI$EBA8$UX$STANDARDLIB$REQ8$PRES8$EABIv2 0x00000000   Number         0  anon$$obj.o ABSOLUTE
    __ARM_use_no_argv                        0x00000000   Number         0  main.o ABSOLUTE
    __ARM_exceptions_init                     - Undefined Weak Reference
    __alloca_initialize                       - Undefined Weak Reference
    __arm_preinit_                            - Undefined Weak Reference
    __cpp_initialize__aeabi_                  - Undefined Weak Reference
    __cxa_finalize                            - Undefined Weak Reference
    __rt_locale                               - Undefined Weak Reference
    __sigvec_lookup                           - Undefined Weak Reference
    _atexit_init                              - Undefined Weak Reference
    _call_atexit_fns                          - Undefined Weak Reference
    _clock_init                               - Undefined Weak Reference
    _fp_trap_init                             - Undefined Weak Reference
    _fp_trap_shutdown                         - Undefined Weak Reference
    _get_lc_collate                           - Undefined Weak Reference
    _get_lc_ctype                             - Undefined Weak Reference
    _get_lc_monetary                          - Undefined Weak Reference
    _get_lc_numeric                           - Undefined Weak Reference
    _get_lc_time                              - Undefined Weak Reference
    _getenv_init                              - Undefined Weak Reference
    _handle_redirection                       - Undefined Weak Reference
    _init_alloc                               - Undefined Weak Reference
    _init_user_alloc                          - Undefined Weak Reference
    _initio                                   - Undefined Weak Reference
    _rand_init                                - Undefined Weak Reference
    _signal_finish                            - Undefined Weak Reference
    _signal_init                              - Undefined Weak Reference
    _terminate_alloc                          - Undefined Weak Reference
    _terminate_user_alloc                     - Undefined Weak Reference
    _terminateio                              - Undefined Weak Reference
    __Vectors_Size                           0x000000ec   Number         0  startup_stm32f10x_md.o ABSOLUTE
    __Vectors                                0x08000000   Data           4  startup_stm32f10x_md.o(RESET)
    __Vectors_End                            0x080000ec   Data           0  startup_stm32f10x_md.o(RESET)
    __main                                   0x080000ed   Thumb Code     8  __main.o(!!!main)
    __scatterload                            0x080000f5   Thumb Code     0  __scatter.o(!!!scatter)
    __scatterload_rt2                        0x080000f5   Thumb Code    44  __scatter.o(!!!scatter)
    __scatterload_rt2_thumb_only             0x080000f5   Thumb Code     0  __scatter.o(!!!scatter)
    __scatterload_null                       0x08000103   Thumb Code     0  __scatter.o(!!!scatter)
    __scatterload_copy                       0x08000129   Thumb Code    26  __scatter_copy.o(!!handler_copy)
    __scatterload_zeroinit                   0x08000145   Thumb Code    28  __scatter_zi.o(!!handler_zi)
    __rt_lib_init                            0x08000161   Thumb Code     0  libinit.o(.ARM.Collect$$libinit$$00000000)
    __rt_lib_init_alloca_1                   0x08000163   Thumb Code     0  libinit2.o(.ARM.Collect$$libinit$$0000002E)
    __rt_lib_init_argv_1                     0x08000163   Thumb Code     0  libinit2.o(.ARM.Collect$$libinit$$0000002C)
    __rt_lib_init_atexit_1                   0x08000163   Thumb Code     0  libinit2.o(.ARM.Collect$$libinit$$0000001B)
    __rt_lib_init_clock_1                    0x08000163   Thumb Code     0  libinit2.o(.ARM.Collect$$libinit$$00000021)
    __rt_lib_init_cpp_1                      0x08000163   Thumb Code     0  libinit2.o(.ARM.Collect$$libinit$$00000032)
    __rt_lib_init_exceptions_1               0x08000163   Thumb Code     0  libinit2.o(.ARM.Collect$$libinit$$00000030)
    __rt_lib_init_fp_1                       0x08000163   Thumb Code     0  libinit2.o(.ARM.Collect$$libinit$$00000002)
    __rt_lib_init_fp_trap_1                  0x08000163   Thumb Code     0  libinit2.o(.ARM.Collect$$libinit$$0000001F)
    __rt_lib_init_getenv_1                   0x08000163   Thumb Code     0  libinit2.o(.ARM.Collect$$libinit$$00000023)
    __rt_lib_init_heap_1                     0x08000163   Thumb Code     0  libinit2.o(.ARM.Collect$$libinit$$0000000A)
    __rt_lib_init_lc_collate_1               0x08000163   Thumb Code     0  libinit2.o(.ARM.Collect$$libinit$$00000011)
    __rt_lib_init_lc_ctype_1                 0x08000163   Thumb Code     0  libinit2.o(.ARM.Collect$$libinit$$00000013)
    __rt_lib_init_lc_monetary_1              0x08000163   Thumb Code     0  libinit2.o(.ARM.Collect$$libinit$$00000015)
    __rt_lib_init_lc_numeric_1               0x08000163   Thumb Code     0  libinit2.o(.ARM.Collect$$libinit$$00000017)
    __rt_lib_init_lc_time_1                  0x08000163   Thumb Code     0  libinit2.o(.ARM.Collect$$libinit$$00000019)
    __rt_lib_init_preinit_1                  0x08000163   Thumb Code     0  libinit2.o(.ARM.Collect$$libinit$$00000004)
    __rt_lib_init_rand_1                     0x08000163   Thumb Code     0  libinit2.o(.ARM.Collect$$libinit$$0000000E)
    __rt_lib_init_return                     0x08000163   Thumb Code     0  libinit2.o(.ARM.Collect$$libinit$$00000033)
    __rt_lib_init_signal_1                   0x08000163   Thumb Code     0  libinit2.o(.ARM.Collect$$libinit$$0000001D)
    __rt_lib_init_stdio_1                    0x08000163   Thumb Code     0  libinit2.o(.ARM.Collect$$libinit$$00000025)
    __rt_lib_init_user_alloc_1               0x08000163   Thumb Code     0  libinit2.o(.ARM.Collect$$libinit$$0000000C)
    __rt_lib_shutdown                        0x08000165   Thumb Code     0  libshutdown.o(.ARM.Collect$$libshutdown$$00000000)
    __rt_lib_shutdown_cpp_1                  0x08000167   Thumb Code     0  libshutdown2.o(.ARM.Collect$$libshutdown$$00000002)
    __rt_lib_shutdown_fp_trap_1              0x08000167   Thumb Code     0  libshutdown2.o(.ARM.Collect$$libshutdown$$00000007)
    __rt_lib_shutdown_heap_1                 0x08000167   Thumb Code     0  libshutdown2.o(.ARM.Collect$$libshutdown$$0000000F)
    __rt_lib_shutdown_return                 0x08000167   Thumb Code     0  libshutdown2.o(.ARM.Collect$$libshutdown$$00000010)
    __rt_lib_shutdown_signal_1               0x08000167   Thumb Code     0  libshutdown2.o(.ARM.Collect$$libshutdown$$0000000A)
    __rt_lib_shutdown_stdio_1                0x08000167   Thumb Code     0  libshutdown2.o(.ARM.Collect$$libshutdown$$00000004)
    __rt_lib_shutdown_user_alloc_1           0x08000167   Thumb Code     0  libshutdown2.o(.ARM.Collect$$libshutdown$$0000000C)
    __rt_entry                               0x08000169   Thumb Code     0  __rtentry.o(.ARM.Collect$$rtentry$$00000000)
    __rt_entry_presh_1                       0x08000169   Thumb Code     0  __rtentry2.o(.ARM.Collect$$rtentry$$00000002)
    __rt_entry_sh                            0x08000169   Thumb Code     0  __rtentry4.o(.ARM.Collect$$rtentry$$00000004)
    __rt_entry_postsh_1                      0x0800016f   Thumb Code     0  __rtentry2.o(.ARM.Collect$$rtentry$$00000008)
    __rt_entry_li                            0x08000177   Thumb Code     0  __rtentry2.o(.ARM.Collect$$rtentry$$0000000A)
    __rt_entry_main                          0x0800017b   Thumb Code     0  __rtentry2.o(.ARM.Collect$$rtentry$$0000000D)
    __rt_entry_postli_1                      0x0800017b   Thumb Code     0  __rtentry2.o(.ARM.Collect$$rtentry$$0000000C)
    __rt_exit                                0x08000183   Thumb Code     0  rtexit.o(.ARM.Collect$$rtexit$$00000000)
    __rt_exit_ls                             0x08000185   Thumb Code     0  rtexit2.o(.ARM.Collect$$rtexit$$00000003)
    __rt_exit_prels_1                        0x08000185   Thumb Code     0  rtexit2.o(.ARM.Collect$$rtexit$$00000002)
    __rt_exit_exit                           0x08000189   Thumb Code     0  rtexit2.o(.ARM.Collect$$rtexit$$00000004)
    SVC_Handler                              0x08000191   Thumb Code    32  port.o(.emb_text)
    __asm___6_port_c_39a90d8d__prvStartFirstTask 0x080001b5   Thumb Code    28  port.o(.emb_text)
    PendSV_Handler                           0x080001d5   Thumb Code    72  port.o(.emb_text)
    vPortGetIPSR                             0x08000221   Thumb Code     6  port.o(.emb_text)
    Reset_Handler                            0x08000229   Thumb Code     8  startup_stm32f10x_md.o(.text)
    NMI_Handler                              0x08000231   Thumb Code     2  startup_stm32f10x_md.o(.text)
    HardFault_Handler                        0x08000233   Thumb Code     2  startup_stm32f10x_md.o(.text)
    MemManage_Handler                        0x08000235   Thumb Code     2  startup_stm32f10x_md.o(.text)
    BusFault_Handler                         0x08000237   Thumb Code     2  startup_stm32f10x_md.o(.text)
    UsageFault_Handler                       0x08000239   Thumb Code     2  startup_stm32f10x_md.o(.text)
    DebugMon_Handler                         0x0800023d   Thumb Code     2  startup_stm32f10x_md.o(.text)
    ADC1_2_IRQHandler                        0x08000243   Thumb Code     0  startup_stm32f10x_md.o(.text)
    CAN1_RX1_IRQHandler                      0x08000243   Thumb Code     0  startup_stm32f10x_md.o(.text)
    CAN1_SCE_IRQHandler                      0x08000243   Thumb Code     0  startup_stm32f10x_md.o(.text)
    DMA1_Channel1_IRQHandler                 0x08000243   Thumb Code     0  startup_stm32f10x_md.o(.text)
    DMA1_Channel2_IRQHandler                 0x08000243   Thumb Code     0  startup_stm32f10x_md.o(.text)
    DMA1_Channel3_IRQHandler                 0x08000243   Thumb Code     0  startup_stm32f10x_md.o(.text)
    DMA1_Channel4_IRQHandler                 0x08000243   Thumb Code     0  startup_stm32f10x_md.o(.text)
    DMA1_Channel5_IRQHandler                 0x08000243   Thumb Code     0  startup_stm32f10x_md.o(.text)
    DMA1_Channel6_IRQHandler                 0x08000243   Thumb Code     0  startup_stm32f10x_md.o(.text)
    DMA1_Channel7_IRQHandler                 0x08000243   Thumb Code     0  startup_stm32f10x_md.o(.text)
    EXTI0_IRQHandler                         0x08000243   Thumb Code     0  startup_stm32f10x_md.o(.text)
    EXTI15_10_IRQHandler                     0x08000243   Thumb Code     0  startup_stm32f10x_md.o(.text)
    EXTI1_IRQHandler                         0x08000243   Thumb Code     0  startup_stm32f10x_md.o(.text)
    EXTI2_IRQHandler                         0x08000243   Thumb Code     0  startup_stm32f10x_md.o(.text)
    EXTI3_IRQHandler                         0x08000243   Thumb Code     0  startup_stm32f10x_md.o(.text)
    EXTI4_IRQHandler                         0x08000243   Thumb Code     0  startup_stm32f10x_md.o(.text)
    EXTI9_5_IRQHandler                       0x08000243   Thumb Code     0  startup_stm32f10x_md.o(.text)
    FLASH_IRQHandler                         0x08000243   Thumb Code     0  startup_stm32f10x_md.o(.text)
    I2C1_ER_IRQHandler                       0x08000243   Thumb Code     0  startup_stm32f10x_md.o(.text)
    I2C1_EV_IRQHandler                       0x08000243   Thumb Code     0  startup_stm32f10x_md.o(.text)
    I2C2_ER_IRQHandler                       0x08000243   Thumb Code     0  startup_stm32f10x_md.o(.text)
    I2C2_EV_IRQHandler                       0x08000243   Thumb Code     0  startup_stm32f10x_md.o(.text)
    PVD_IRQHandler                           0x08000243   Thumb Code     0  startup_stm32f10x_md.o(.text)
    RCC_IRQHandler                           0x08000243   Thumb Code     0  startup_stm32f10x_md.o(.text)
    RTCAlarm_IRQHandler                      0x08000243   Thumb Code     0  startup_stm32f10x_md.o(.text)
    RTC_IRQHandler                           0x08000243   Thumb Code     0  startup_stm32f10x_md.o(.text)
    SPI1_IRQHandler                          0x08000243   Thumb Code     0  startup_stm32f10x_md.o(.text)
    SPI2_IRQHandler                          0x08000243   Thumb Code     0  startup_stm32f10x_md.o(.text)
    TAMPER_IRQHandler                        0x08000243   Thumb Code     0  startup_stm32f10x_md.o(.text)
    TIM1_BRK_IRQHandler                      0x08000243   Thumb Code     0  startup_stm32f10x_md.o(.text)
    TIM1_CC_IRQHandler                       0x08000243   Thumb Code     0  startup_stm32f10x_md.o(.text)
    TIM1_TRG_COM_IRQHandler                  0x08000243   Thumb Code     0  startup_stm32f10x_md.o(.text)
    TIM1_UP_IRQHandler                       0x08000243   Thumb Code     0  startup_stm32f10x_md.o(.text)
    TIM2_IRQHandler                          0x08000243   Thumb Code     0  startup_stm32f10x_md.o(.text)
    TIM3_IRQHandler                          0x08000243   Thumb Code     0  startup_stm32f10x_md.o(.text)
    TIM4_IRQHandler                          0x08000243   Thumb Code     0  startup_stm32f10x_md.o(.text)
    USART2_IRQHandler                        0x08000243   Thumb Code     0  startup_stm32f10x_md.o(.text)
    USART3_IRQHandler                        0x08000243   Thumb Code     0  startup_stm32f10x_md.o(.text)
    USBWakeUp_IRQHandler                     0x08000243   Thumb Code     0  startup_stm32f10x_md.o(.text)
    USB_HP_CAN1_TX_IRQHandler                0x08000243   Thumb Code     0  startup_stm32f10x_md.o(.text)
    USB_LP_CAN1_RX0_IRQHandler               0x08000243   Thumb Code     0  startup_stm32f10x_md.o(.text)
    WWDG_IRQHandler                          0x08000243   Thumb Code     0  startup_stm32f10x_md.o(.text)
    __user_initial_stackheap                 0x08000245   Thumb Code     0  startup_stm32f10x_md.o(.text)
    __aeabi_memcpy                           0x08000269   Thumb Code     0  rt_memcpy_v6.o(.text)
    __rt_memcpy                              0x08000269   Thumb Code   138  rt_memcpy_v6.o(.text)
    _memcpy_lastbytes                        0x080002cf   Thumb Code     0  rt_memcpy_v6.o(.text)
    __aeabi_memset                           0x080002f3   Thumb Code    16  aeabi_memset.o(.text)
    __aeabi_memclr                           0x08000303   Thumb Code     0  rt_memclr.o(.text)
    __rt_memclr                              0x08000303   Thumb Code    68  rt_memclr.o(.text)
    _memset                                  0x08000307   Thumb Code     0  rt_memclr.o(.text)
    __aeabi_memclr4                          0x08000347   Thumb Code     0  rt_memclr_w.o(.text)
    __aeabi_memclr8                          0x08000347   Thumb Code     0  rt_memclr_w.o(.text)
    __rt_memclr_w                            0x08000347   Thumb Code    78  rt_memclr_w.o(.text)
    _memset_w                                0x0800034b   Thumb Code     0  rt_memclr_w.o(.text)
    strcmp                                   0x08000395   Thumb Code   128  strcmpv7m.o(.text)
    __use_two_region_memory                  0x08000415   Thumb Code     2  heapauxi.o(.text)
    __rt_heap_escrow$2region                 0x08000417   Thumb Code     2  heapauxi.o(.text)
    __rt_heap_expand$2region                 0x08000419   Thumb Code     2  heapauxi.o(.text)
    __aeabi_memcpy4                          0x0800041b   Thumb Code     0  rt_memcpy_w.o(.text)
    __aeabi_memcpy8                          0x0800041b   Thumb Code     0  rt_memcpy_w.o(.text)
    __rt_memcpy_w                            0x0800041b   Thumb Code   100  rt_memcpy_w.o(.text)
    _memcpy_lastbytes_aligned                0x08000463   Thumb Code     0  rt_memcpy_w.o(.text)
    __user_setup_stackheap                   0x0800047f   Thumb Code    74  sys_stackheap_outer.o(.text)
    exit                                     0x080004c9   Thumb Code    18  exit.o(.text)
    __user_libspace                          0x080004dd   Thumb Code     8  libspace.o(.text)
    __user_perproc_libspace                  0x080004dd   Thumb Code     0  libspace.o(.text)
    _sys_exit                                0x080004e5   Thumb Code     8  sys_exit.o(.text)
    __I$use$semihosting                      0x080004f1   Thumb Code     0  use_no_semi.o(.text)
    __use_no_semihosting_swi                 0x080004f1   Thumb Code     2  use_no_semi.o(.text)
    GPIO_Init                                0x080004f3   Thumb Code   278  stm32f10x_gpio.o(i.GPIO_Init)
    __semihosting_library_function           0x080004f3   Thumb Code     0  indicate_semi.o(.text)
    RCC_APB2PeriphClockCmd                   0x08000609   Thumb Code    26  stm32f10x_rcc.o(i.RCC_APB2PeriphClockCmd)
    RCC_GetClocksFreq                        0x08000629   Thumb Code   192  stm32f10x_rcc.o(i.RCC_GetClocksFreq)
    RTOS_Run                                 0x080006fd   Thumb Code    62  system.o(i.RTOS_Run)
    RTOS_Task_1                              0x08000759   Thumb Code    70  system.o(i.RTOS_Task_1)
    RTOS_Task_2                              0x080007b5   Thumb Code    46  system.o(i.RTOS_Task_2)
    SysTick_Handler                          0x080008e9   Thumb Code    22  cmsis_os2.o(i.SysTick_Handler)
    SystemCoreClockUpdate                    0x08000901   Thumb Code   142  system_stm32f10x.o(i.SystemCoreClockUpdate)
    SystemInit                               0x080009a5   Thumb Code    78  system_stm32f10x.o(i.SystemInit)
    USART1_IRQHandler                        0x08000a05   Thumb Code    82  usart.o(i.USART1_IRQHandler)
    USART_Cmd                                0x08000a6d   Thumb Code    24  stm32f10x_usart.o(i.USART_Cmd)
    USART_Compare                            0x08000a85   Thumb Code    22  usart.o(i.USART_Compare)
    USART_Config                             0x08000aa1   Thumb Code   182  usart.o(i.USART_Config)
    USART_FlagDB                             0x08000b69   Thumb Code    22  usart.o(i.USART_FlagDB)
    USART_GetFlagStatus                      0x08000b85   Thumb Code    26  stm32f10x_usart.o(i.USART_GetFlagStatus)
    USART_GetITStatus                        0x08000b9f   Thumb Code    84  stm32f10x_usart.o(i.USART_GetITStatus)
    USART_ITConfig                           0x08000bf3   Thumb Code    74  stm32f10x_usart.o(i.USART_ITConfig)
    USART_Init                               0x08000c3d   Thumb Code   210  stm32f10x_usart.o(i.USART_Init)
    USART_ReceiveData                        0x08000d15   Thumb Code    10  stm32f10x_usart.o(i.USART_ReceiveData)
    USART_SendChar                           0x08000d21   Thumb Code    28  usart.o(i.USART_SendChar)
    USART_SendData                           0x08000d41   Thumb Code     8  stm32f10x_usart.o(i.USART_SendData)
    USART_SendString                         0x08000d49   Thumb Code    22  usart.o(i.USART_SendString)
    _mutex_acquire                           0x08000d5f   Thumb Code    28  clib_arm.o(i._mutex_acquire)
    _mutex_free                              0x08000d7d   Thumb Code    46  clib_arm.o(i._mutex_free)
    _mutex_initialize                        0x08000db1   Thumb Code    98  clib_arm.o(i._mutex_initialize)
    _mutex_release                           0x08000e1d   Thumb Code    30  clib_arm.o(i._mutex_release)
    _platform_post_stackheap_init            0x08000e3b   Thumb Code     2  clib_arm.o(i._platform_post_stackheap_init)
    main                                     0x08000e4d   Thumb Code    26  main.o(i.main)
    pvPortMalloc                             0x080017bd   Thumb Code   208  heap_4.o(i.pvPortMalloc)
    pvTaskIncrementMutexHeldCount            0x080018a1   Thumb Code    26  tasks.o(i.pvTaskIncrementMutexHeldCount)
    pxPortInitialiseStack                    0x080018c1   Thumb Code    30  port.o(i.pxPortInitialiseStack)
    uxListRemove                             0x080018e5   Thumb Code    40  list.o(i.uxListRemove)
    vApplicationGetIdleTaskMemory            0x0800190d   Thumb Code    14  cmsis_os2.o(i.vApplicationGetIdleTaskMemory)
    vApplicationGetTimerTaskMemory           0x08001925   Thumb Code    14  cmsis_os2.o(i.vApplicationGetTimerTaskMemory)
    vApplicationStackOverflowHook            0x0800193d   Thumb Code     2  cmsis_os2.o(i.vApplicationStackOverflowHook)
    vListInitialise                          0x0800193f   Thumb Code    26  list.o(i.vListInitialise)
    vListInitialiseItem                      0x08001959   Thumb Code     6  list.o(i.vListInitialiseItem)
    vListInsert                              0x0800195f   Thumb Code    52  list.o(i.vListInsert)
    vPortEnterCritical                       0x08001995   Thumb Code    30  port.o(i.vPortEnterCritical)
    vPortExitCritical                        0x080019b9   Thumb Code    28  port.o(i.vPortExitCritical)
    vPortFree                                0x080019d9   Thumb Code    68  heap_4.o(i.vPortFree)
    vPortSetupTimerInterrupt                 0x08001a25   Thumb Code    36  port.o(i.vPortSetupTimerInterrupt)
    vQueueDelete                             0x08001a4d   Thumb Code    20  queue.o(i.vQueueDelete)
    vQueueWaitForMessageRestricted           0x08001a61   Thumb Code    74  queue.o(i.vQueueWaitForMessageRestricted)
    vTaskInternalSetTimeOutState             0x08001aad   Thumb Code    14  tasks.o(i.vTaskInternalSetTimeOutState)
    vTaskMissedYield                         0x08001ac5   Thumb Code     8  tasks.o(i.vTaskMissedYield)
    vTaskPlaceOnEventList                    0x08001ad1   Thumb Code    28  tasks.o(i.vTaskPlaceOnEventList)
    vTaskPlaceOnEventListRestricted          0x08001af1   Thumb Code    70  tasks.o(i.vTaskPlaceOnEventListRestricted)
    vTaskPriorityDisinheritAfterTimeout      0x08001b3d   Thumb Code   182  tasks.o(i.vTaskPriorityDisinheritAfterTimeout)
    vTaskStartScheduler                      0x08001bfd   Thumb Code   124  tasks.o(i.vTaskStartScheduler)
    vTaskSuspendAll                          0x08001c99   Thumb Code    12  tasks.o(i.vTaskSuspendAll)
    vTaskSwitchContext                       0x08001ca9   Thumb Code   154  tasks.o(i.vTaskSwitchContext)
    xPortStartScheduler                      0x08001d59   Thumb Code    42  port.o(i.xPortStartScheduler)
    xPortSysTickHandler                      0x08001d8d   Thumb Code    46  port.o(i.xPortSysTickHandler)
    xQueueCreateMutex                        0x08001dc1   Thumb Code    34  queue.o(i.xQueueCreateMutex)
    xQueueCreateMutexStatic                  0x08001de3   Thumb Code    42  queue.o(i.xQueueCreateMutexStatic)
    xQueueGenericCreate                      0x08001e0d   Thumb Code    82  queue.o(i.xQueueGenericCreate)
    xQueueGenericCreateStatic                0x08001e5f   Thumb Code    62  queue.o(i.xQueueGenericCreateStatic)
    xQueueGenericReset                       0x08001e9d   Thumb Code   156  queue.o(i.xQueueGenericReset)
    xQueueGenericSend                        0x08001f3d   Thumb Code   276  queue.o(i.xQueueGenericSend)
    xQueueReceive                            0x08002055   Thumb Code   256  queue.o(i.xQueueReceive)
    xQueueSemaphoreTake                      0x08002159   Thumb Code   300  queue.o(i.xQueueSemaphoreTake)
    xTaskCheckForTimeOut                     0x08002289   Thumb Code    88  tasks.o(i.xTaskCheckForTimeOut)
    xTaskCreate                              0x080022e9   Thumb Code   108  tasks.o(i.xTaskCreate)
    xTaskCreateStatic                        0x08002355   Thumb Code    86  tasks.o(i.xTaskCreateStatic)
    xTaskGetSchedulerState                   0x080023ad   Thumb Code    24  tasks.o(i.xTaskGetSchedulerState)
    xTaskGetTickCount                        0x080023cd   Thumb Code     6  tasks.o(i.xTaskGetTickCount)
    xTaskIncrementTick                       0x080023d9   Thumb Code   354  tasks.o(i.xTaskIncrementTick)
    xTaskPriorityDisinherit                  0x08002569   Thumb Code   138  tasks.o(i.xTaskPriorityDisinherit)
    xTaskPriorityInherit                     0x080025fd   Thumb Code   202  tasks.o(i.xTaskPriorityInherit)
    xTaskRemoveFromEventList                 0x080026d5   Thumb Code   238  tasks.o(i.xTaskRemoveFromEventList)
    xTaskResumeAll                           0x080027dd   Thumb Code   308  tasks.o(i.xTaskResumeAll)
    xTimerCreateTimerTask                    0x08002935   Thumb Code    76  timers.o(i.xTimerCreateTimerTask)
    Region$$Table$$Base                      0x08002994   Number         0  anon$$obj.o(Region$$Table)
    Region$$Table$$Limit                     0x080029b4   Number         0  anon$$obj.o(Region$$Table)
    xQueue                                   0x20000000   Data           4  system.o(.data)
    GetChar                                  0x20000004   Data           1  usart.o(.data)
    locate                                   0x20000008   Data           4  usart.o(.data)
    count                                    0x2000000c   Data           4  usart.o(.data)
    stt_flag                                 0x20000010   Data           4  usart.o(.data)
    Tx_pin                                   0x20000014   Data           2  usart.o(.data)
    Rx_pin                                   0x20000016   Data           2  usart.o(.data)
    SystemCoreClock                          0x2000002c   Data           4  system_stm32f10x.o(.data)
    AHBPrescTable                            0x20000030   Data          16  system_stm32f10x.o(.data)
    pxCurrentTCB                             0x20000060   Data           4  tasks.o(.data)
    uxTopUsedPriority                        0x20000098   Data           4  tasks.o(.data)
    Recei                                    0x200000b4   Data        1000  main.o(.bss)
    __libspace_start                         0x200031b4   Data          96  libspace.o(.bss)
    __temporary_stack_top$libspace           0x20003214   Data           0  libspace.o(.bss)



==============================================================================

Memory Map of the image

  Image Entry point : 0x080000ed

  Load Region LR_IROM1 (Base: 0x08000000, Size: 0x00002a68, Max: 0x00010000, ABSOLUTE)

    Execution Region ER_IROM1 (Exec base: 0x08000000, Load base: 0x08000000, Size: 0x000029b4, Max: 0x00010000, ABSOLUTE)

    Exec Addr    Load Addr    Size         Type   Attr      Idx    E Section Name        Object

    0x08000000   0x08000000   0x000000ec   Data   RO         1544    RESET               startup_stm32f10x_md.o
    0x080000ec   0x080000ec   0x00000008   Code   RO         2782  * !!!main             c_w.l(__main.o)
    0x080000f4   0x080000f4   0x00000034   Code   RO         2939    !!!scatter          c_w.l(__scatter.o)
    0x08000128   0x08000128   0x0000001a   Code   RO         2941    !!handler_copy      c_w.l(__scatter_copy.o)
    0x08000142   0x08000142   0x00000002   PAD
    0x08000144   0x08000144   0x0000001c   Code   RO         2943    !!handler_zi        c_w.l(__scatter_zi.o)
    0x08000160   0x08000160   0x00000002   Code   RO         2809    .ARM.Collect$$libinit$$00000000  c_w.l(libinit.o)
    0x08000162   0x08000162   0x00000000   Code   RO         2816    .ARM.Collect$$libinit$$00000002  c_w.l(libinit2.o)
    0x08000162   0x08000162   0x00000000   Code   RO         2818    .ARM.Collect$$libinit$$00000004  c_w.l(libinit2.o)
    0x08000162   0x08000162   0x00000000   Code   RO         2821    .ARM.Collect$$libinit$$0000000A  c_w.l(libinit2.o)
    0x08000162   0x08000162   0x00000000   Code   RO         2823    .ARM.Collect$$libinit$$0000000C  c_w.l(libinit2.o)
    0x08000162   0x08000162   0x00000000   Code   RO         2825    .ARM.Collect$$libinit$$0000000E  c_w.l(libinit2.o)
    0x08000162   0x08000162   0x00000000   Code   RO         2828    .ARM.Collect$$libinit$$00000011  c_w.l(libinit2.o)
    0x08000162   0x08000162   0x00000000   Code   RO         2830    .ARM.Collect$$libinit$$00000013  c_w.l(libinit2.o)
    0x08000162   0x08000162   0x00000000   Code   RO         2832    .ARM.Collect$$libinit$$00000015  c_w.l(libinit2.o)
    0x08000162   0x08000162   0x00000000   Code   RO         2834    .ARM.Collect$$libinit$$00000017  c_w.l(libinit2.o)
    0x08000162   0x08000162   0x00000000   Code   RO         2836    .ARM.Collect$$libinit$$00000019  c_w.l(libinit2.o)
    0x08000162   0x08000162   0x00000000   Code   RO         2838    .ARM.Collect$$libinit$$0000001B  c_w.l(libinit2.o)
    0x08000162   0x08000162   0x00000000   Code   RO         2840    .ARM.Collect$$libinit$$0000001D  c_w.l(libinit2.o)
    0x08000162   0x08000162   0x00000000   Code   RO         2842    .ARM.Collect$$libinit$$0000001F  c_w.l(libinit2.o)
    0x08000162   0x08000162   0x00000000   Code   RO         2844    .ARM.Collect$$libinit$$00000021  c_w.l(libinit2.o)
    0x08000162   0x08000162   0x00000000   Code   RO         2846    .ARM.Collect$$libinit$$00000023  c_w.l(libinit2.o)
    0x08000162   0x08000162   0x00000000   Code   RO         2848    .ARM.Collect$$libinit$$00000025  c_w.l(libinit2.o)
    0x08000162   0x08000162   0x00000000   Code   RO         2852    .ARM.Collect$$libinit$$0000002C  c_w.l(libinit2.o)
    0x08000162   0x08000162   0x00000000   Code   RO         2854    .ARM.Collect$$libinit$$0000002E  c_w.l(libinit2.o)
    0x08000162   0x08000162   0x00000000   Code   RO         2856    .ARM.Collect$$libinit$$00000030  c_w.l(libinit2.o)
    0x08000162   0x08000162   0x00000000   Code   RO         2858    .ARM.Collect$$libinit$$00000032  c_w.l(libinit2.o)
    0x08000162   0x08000162   0x00000002   Code   RO         2859    .ARM.Collect$$libinit$$00000033  c_w.l(libinit2.o)
    0x08000164   0x08000164   0x00000002   Code   RO         2879    .ARM.Collect$$libshutdown$$00000000  c_w.l(libshutdown.o)
    0x08000166   0x08000166   0x00000000   Code   RO         2892    .ARM.Collect$$libshutdown$$00000002  c_w.l(libshutdown2.o)
    0x08000166   0x08000166   0x00000000   Code   RO         2894    .ARM.Collect$$libshutdown$$00000004  c_w.l(libshutdown2.o)
    0x08000166   0x08000166   0x00000000   Code   RO         2897    .ARM.Collect$$libshutdown$$00000007  c_w.l(libshutdown2.o)
    0x08000166   0x08000166   0x00000000   Code   RO         2900    .ARM.Collect$$libshutdown$$0000000A  c_w.l(libshutdown2.o)
    0x08000166   0x08000166   0x00000000   Code   RO         2902    .ARM.Collect$$libshutdown$$0000000C  c_w.l(libshutdown2.o)
    0x08000166   0x08000166   0x00000000   Code   RO         2905    .ARM.Collect$$libshutdown$$0000000F  c_w.l(libshutdown2.o)
    0x08000166   0x08000166   0x00000002   Code   RO         2906    .ARM.Collect$$libshutdown$$00000010  c_w.l(libshutdown2.o)
    0x08000168   0x08000168   0x00000000   Code   RO         2784    .ARM.Collect$$rtentry$$00000000  c_w.l(__rtentry.o)
    0x08000168   0x08000168   0x00000000   Code   RO         2788    .ARM.Collect$$rtentry$$00000002  c_w.l(__rtentry2.o)
    0x08000168   0x08000168   0x00000006   Code   RO         2800    .ARM.Collect$$rtentry$$00000004  c_w.l(__rtentry4.o)
    0x0800016e   0x0800016e   0x00000008   Code   RO         2789    .ARM.Collect$$rtentry$$00000008  c_w.l(__rtentry2.o)
    0x08000176   0x08000176   0x00000004   Code   RO         2791    .ARM.Collect$$rtentry$$0000000A  c_w.l(__rtentry2.o)
    0x0800017a   0x0800017a   0x00000000   Code   RO         2793    .ARM.Collect$$rtentry$$0000000C  c_w.l(__rtentry2.o)
    0x0800017a   0x0800017a   0x00000008   Code   RO         2794    .ARM.Collect$$rtentry$$0000000D  c_w.l(__rtentry2.o)
    0x08000182   0x08000182   0x00000002   Code   RO         2813    .ARM.Collect$$rtexit$$00000000  c_w.l(rtexit.o)
    0x08000184   0x08000184   0x00000000   Code   RO         2861    .ARM.Collect$$rtexit$$00000002  c_w.l(rtexit2.o)
    0x08000184   0x08000184   0x00000004   Code   RO         2862    .ARM.Collect$$rtexit$$00000003  c_w.l(rtexit2.o)
    0x08000188   0x08000188   0x00000006   Code   RO         2863    .ARM.Collect$$rtexit$$00000004  c_w.l(rtexit2.o)
    0x0800018e   0x0800018e   0x00000002   PAD
    0x08000190   0x08000190   0x00000096   Code   RO         1868    .emb_text           port.o
    0x08000226   0x08000226   0x00000002   PAD
    0x08000228   0x08000228   0x00000040   Code   RO         1545    .text               startup_stm32f10x_md.o
    0x08000268   0x08000268   0x0000008a   Code   RO         2770    .text               c_w.l(rt_memcpy_v6.o)
    0x080002f2   0x080002f2   0x00000010   Code   RO         2772    .text               c_w.l(aeabi_memset.o)
    0x08000302   0x08000302   0x00000044   Code   RO         2774    .text               c_w.l(rt_memclr.o)
    0x08000346   0x08000346   0x0000004e   Code   RO         2776    .text               c_w.l(rt_memclr_w.o)
    0x08000394   0x08000394   0x00000080   Code   RO         2778    .text               c_w.l(strcmpv7m.o)
    0x08000414   0x08000414   0x00000006   Code   RO         2780    .text               c_w.l(heapauxi.o)
    0x0800041a   0x0800041a   0x00000064   Code   RO         2785    .text               c_w.l(rt_memcpy_w.o)
    0x0800047e   0x0800047e   0x0000004a   Code   RO         2802    .text               c_w.l(sys_stackheap_outer.o)
    0x080004c8   0x080004c8   0x00000012   Code   RO         2804    .text               c_w.l(exit.o)
    0x080004da   0x080004da   0x00000002   PAD
    0x080004dc   0x080004dc   0x00000008   Code   RO         2810    .text               c_w.l(libspace.o)
    0x080004e4   0x080004e4   0x0000000c   Code   RO         2871    .text               c_w.l(sys_exit.o)
    0x080004f0   0x080004f0   0x00000002   Code   RO         2882    .text               c_w.l(use_no_semi.o)
    0x080004f2   0x080004f2   0x00000000   Code   RO         2884    .text               c_w.l(indicate_semi.o)
    0x080004f2   0x080004f2   0x00000116   Code   RO         1021    i.GPIO_Init         stm32f10x_gpio.o
    0x08000608   0x08000608   0x00000020   Code   RO         1145    i.RCC_APB2PeriphClockCmd  stm32f10x_rcc.o
    0x08000628   0x08000628   0x000000d4   Code   RO         1153    i.RCC_GetClocksFreq  stm32f10x_rcc.o
    0x080006fc   0x080006fc   0x0000005c   Code   RO          136    i.RTOS_Run          system.o
    0x08000758   0x08000758   0x0000005c   Code   RO          137    i.RTOS_Task_1       system.o
    0x080007b4   0x080007b4   0x0000004c   Code   RO          138    i.RTOS_Task_2       system.o
    0x08000800   0x08000800   0x00000008   Code   RO         1552    i.SetSysClock       system_stm32f10x.o
    0x08000808   0x08000808   0x000000e0   Code   RO         1553    i.SetSysClockTo72   system_stm32f10x.o
    0x080008e8   0x080008e8   0x00000016   Code   RO          358    i.SysTick_Handler   cmsis_os2.o
    0x080008fe   0x080008fe   0x00000002   PAD
    0x08000900   0x08000900   0x000000a4   Code   RO         1554    i.SystemCoreClockUpdate  system_stm32f10x.o
    0x080009a4   0x080009a4   0x00000060   Code   RO         1555    i.SystemInit        system_stm32f10x.o
    0x08000a04   0x08000a04   0x00000068   Code   RO          191    i.USART1_IRQHandler  usart.o
    0x08000a6c   0x08000a6c   0x00000018   Code   RO         1357    i.USART_Cmd         stm32f10x_usart.o
    0x08000a84   0x08000a84   0x0000001c   Code   RO          192    i.USART_Compare     usart.o
    0x08000aa0   0x08000aa0   0x000000c8   Code   RO          193    i.USART_Config      usart.o
    0x08000b68   0x08000b68   0x0000001c   Code   RO          194    i.USART_FlagDB      usart.o
    0x08000b84   0x08000b84   0x0000001a   Code   RO         1360    i.USART_GetFlagStatus  stm32f10x_usart.o
    0x08000b9e   0x08000b9e   0x00000054   Code   RO         1361    i.USART_GetITStatus  stm32f10x_usart.o
    0x08000bf2   0x08000bf2   0x0000004a   Code   RO         1363    i.USART_ITConfig    stm32f10x_usart.o
    0x08000c3c   0x08000c3c   0x000000d8   Code   RO         1364    i.USART_Init        stm32f10x_usart.o
    0x08000d14   0x08000d14   0x0000000a   Code   RO         1371    i.USART_ReceiveData  stm32f10x_usart.o
    0x08000d1e   0x08000d1e   0x00000002   PAD
    0x08000d20   0x08000d20   0x00000020   Code   RO          195    i.USART_SendChar    usart.o
    0x08000d40   0x08000d40   0x00000008   Code   RO         1374    i.USART_SendData    stm32f10x_usart.o
    0x08000d48   0x08000d48   0x00000016   Code   RO          196    i.USART_SendString  usart.o
    0x08000d5e   0x08000d5e   0x0000001c   Code   RO          265    i._mutex_acquire    clib_arm.o
    0x08000d7a   0x08000d7a   0x00000002   PAD
    0x08000d7c   0x08000d7c   0x00000034   Code   RO          266    i._mutex_free       clib_arm.o
    0x08000db0   0x08000db0   0x0000006c   Code   RO          267    i._mutex_initialize  clib_arm.o
    0x08000e1c   0x08000e1c   0x0000001e   Code   RO          268    i._mutex_release    clib_arm.o
    0x08000e3a   0x08000e3a   0x00000002   Code   RO          269    i._platform_post_stackheap_init  clib_arm.o
    0x08000e3c   0x08000e3c   0x00000010   Code   RO          270    i.is_thread_mode    clib_arm.o
    0x08000e4c   0x08000e4c   0x0000001a   Code   RO            4    i.main              main.o
    0x08000e66   0x08000e66   0x00000012   Code   RO          271    i.os_kernel_is_active  clib_arm.o
    0x08000e78   0x08000e78   0x000000a4   Code   RO         2188    i.prvAddCurrentTaskToDelayedList  tasks.o
    0x08000f1c   0x08000f1c   0x000000e8   Code   RO         2189    i.prvAddNewTaskToReadyList  tasks.o
    0x08001004   0x08001004   0x0000005c   Code   RO         2585    i.prvCheckForValidListAndQueue  timers.o
    0x08001060   0x08001060   0x00000048   Code   RO         2190    i.prvCheckTasksWaitingTermination  tasks.o
    0x080010a8   0x080010a8   0x0000002a   Code   RO         1951    i.prvCopyDataFromQueue  queue.o
    0x080010d2   0x080010d2   0x0000007e   Code   RO         1952    i.prvCopyDataToQueue  queue.o
    0x08001150   0x08001150   0x00000028   Code   RO         2191    i.prvDeleteTCB      tasks.o
    0x08001178   0x08001178   0x00000014   Code   RO         1953    i.prvGetDisinheritPriorityAfterTimeout  queue.o
    0x0800118c   0x0800118c   0x00000028   Code   RO         2586    i.prvGetNextExpireTime  timers.o
    0x080011b4   0x080011b4   0x00000070   Code   RO         1795    i.prvHeapInit       heap_4.o
    0x08001224   0x08001224   0x00000028   Code   RO         2192    i.prvIdleTask       tasks.o
    0x0800124c   0x0800124c   0x0000001e   Code   RO         1954    i.prvInitialiseMutex  queue.o
    0x0800126a   0x0800126a   0x0000002a   Code   RO         1955    i.prvInitialiseNewQueue  queue.o
    0x08001294   0x08001294   0x00000086   Code   RO         2193    i.prvInitialiseNewTask  tasks.o
    0x0800131a   0x0800131a   0x00000002   PAD
    0x0800131c   0x0800131c   0x00000068   Code   RO         2194    i.prvInitialiseTaskLists  tasks.o
    0x08001384   0x08001384   0x00000068   Code   RO         1796    i.prvInsertBlockIntoFreeList  heap_4.o
    0x080013ec   0x080013ec   0x00000058   Code   RO         2588    i.prvInsertTimerInActiveList  timers.o
    0x08001444   0x08001444   0x0000001a   Code   RO         1956    i.prvIsQueueEmpty   queue.o
    0x0800145e   0x0800145e   0x0000001e   Code   RO         1957    i.prvIsQueueFull    queue.o
    0x0800147c   0x0800147c   0x00000044   Code   RO         2589    i.prvProcessExpiredTimer  timers.o
    0x080014c0   0x080014c0   0x00000110   Code   RO         2590    i.prvProcessReceivedCommands  timers.o
    0x080015d0   0x080015d0   0x00000074   Code   RO         2591    i.prvProcessTimerOrBlockTask  timers.o
    0x08001644   0x08001644   0x00000028   Code   RO         2592    i.prvReloadTimer    timers.o
    0x0800166c   0x0800166c   0x00000030   Code   RO         2196    i.prvResetNextTaskUnblockTime  tasks.o
    0x0800169c   0x0800169c   0x0000002c   Code   RO         2593    i.prvSampleTimeNow  timers.o
    0x080016c8   0x080016c8   0x00000044   Code   RO         2594    i.prvSwitchTimerLists  timers.o
    0x0800170c   0x0800170c   0x00000016   Code   RO         1869    i.prvTaskExitError  port.o
    0x08001722   0x08001722   0x0000001a   Code   RO         2595    i.prvTimerTask      timers.o
    0x0800173c   0x0800173c   0x0000007e   Code   RO         1958    i.prvUnlockQueue    queue.o
    0x080017ba   0x080017ba   0x00000002   PAD
    0x080017bc   0x080017bc   0x000000e4   Code   RO         1798    i.pvPortMalloc      heap_4.o
    0x080018a0   0x080018a0   0x00000020   Code   RO         2199    i.pvTaskIncrementMutexHeldCount  tasks.o
    0x080018c0   0x080018c0   0x00000024   Code   RO         1870    i.pxPortInitialiseStack  port.o
    0x080018e4   0x080018e4   0x00000028   Code   RO         1744    i.uxListRemove      list.o
    0x0800190c   0x0800190c   0x00000018   Code   RO          431    i.vApplicationGetIdleTaskMemory  cmsis_os2.o
    0x08001924   0x08001924   0x00000018   Code   RO          432    i.vApplicationGetTimerTaskMemory  cmsis_os2.o
    0x0800193c   0x0800193c   0x00000002   Code   RO          433    i.vApplicationStackOverflowHook  cmsis_os2.o
    0x0800193e   0x0800193e   0x0000001a   Code   RO         1745    i.vListInitialise   list.o
    0x08001958   0x08001958   0x00000006   Code   RO         1746    i.vListInitialiseItem  list.o
    0x0800195e   0x0800195e   0x00000034   Code   RO         1747    i.vListInsert       list.o
    0x08001992   0x08001992   0x00000002   PAD
    0x08001994   0x08001994   0x00000024   Code   RO         1872    i.vPortEnterCritical  port.o
    0x080019b8   0x080019b8   0x00000020   Code   RO         1873    i.vPortExitCritical  port.o
    0x080019d8   0x080019d8   0x0000004c   Code   RO         1799    i.vPortFree         heap_4.o
    0x08001a24   0x08001a24   0x00000028   Code   RO         1874    i.vPortSetupTimerInterrupt  port.o
    0x08001a4c   0x08001a4c   0x00000014   Code   RO         1964    i.vQueueDelete      queue.o
    0x08001a60   0x08001a60   0x0000004a   Code   RO         1966    i.vQueueWaitForMessageRestricted  queue.o
    0x08001aaa   0x08001aaa   0x00000002   PAD
    0x08001aac   0x08001aac   0x00000018   Code   RO         2214    i.vTaskInternalSetTimeOutState  tasks.o
    0x08001ac4   0x08001ac4   0x0000000c   Code   RO         2215    i.vTaskMissedYield  tasks.o
    0x08001ad0   0x08001ad0   0x00000020   Code   RO         2216    i.vTaskPlaceOnEventList  tasks.o
    0x08001af0   0x08001af0   0x0000004c   Code   RO         2217    i.vTaskPlaceOnEventListRestricted  tasks.o
    0x08001b3c   0x08001b3c   0x000000c0   Code   RO         2219    i.vTaskPriorityDisinheritAfterTimeout  tasks.o
    0x08001bfc   0x08001bfc   0x0000009c   Code   RO         2225    i.vTaskStartScheduler  tasks.o
    0x08001c98   0x08001c98   0x00000010   Code   RO         2227    i.vTaskSuspendAll   tasks.o
    0x08001ca8   0x08001ca8   0x000000b0   Code   RO         2228    i.vTaskSwitchContext  tasks.o
    0x08001d58   0x08001d58   0x00000034   Code   RO         1875    i.xPortStartScheduler  port.o
    0x08001d8c   0x08001d8c   0x00000034   Code   RO         1876    i.xPortSysTickHandler  port.o
    0x08001dc0   0x08001dc0   0x00000022   Code   RO         1969    i.xQueueCreateMutex  queue.o
    0x08001de2   0x08001de2   0x0000002a   Code   RO         1970    i.xQueueCreateMutexStatic  queue.o
    0x08001e0c   0x08001e0c   0x00000052   Code   RO         1971    i.xQueueGenericCreate  queue.o
    0x08001e5e   0x08001e5e   0x0000003e   Code   RO         1972    i.xQueueGenericCreateStatic  queue.o
    0x08001e9c   0x08001e9c   0x000000a0   Code   RO         1973    i.xQueueGenericReset  queue.o
    0x08001f3c   0x08001f3c   0x00000118   Code   RO         1974    i.xQueueGenericSend  queue.o
    0x08002054   0x08002054   0x00000104   Code   RO         1984    i.xQueueReceive     queue.o
    0x08002158   0x08002158   0x00000130   Code   RO         1986    i.xQueueSemaphoreTake  queue.o
    0x08002288   0x08002288   0x00000060   Code   RO         2230    i.xTaskCheckForTimeOut  tasks.o
    0x080022e8   0x080022e8   0x0000006c   Code   RO         2231    i.xTaskCreate       tasks.o
    0x08002354   0x08002354   0x00000056   Code   RO         2232    i.xTaskCreateStatic  tasks.o
    0x080023aa   0x080023aa   0x00000002   PAD
    0x080023ac   0x080023ac   0x00000020   Code   RO         2239    i.xTaskGetSchedulerState  tasks.o
    0x080023cc   0x080023cc   0x0000000c   Code   RO         2240    i.xTaskGetTickCount  tasks.o
    0x080023d8   0x080023d8   0x00000190   Code   RO         2242    i.xTaskIncrementTick  tasks.o
    0x08002568   0x08002568   0x00000094   Code   RO         2243    i.xTaskPriorityDisinherit  tasks.o
    0x080025fc   0x080025fc   0x000000d8   Code   RO         2244    i.xTaskPriorityInherit  tasks.o
    0x080026d4   0x080026d4   0x00000108   Code   RO         2245    i.xTaskRemoveFromEventList  tasks.o
    0x080027dc   0x080027dc   0x00000158   Code   RO         2246    i.xTaskResumeAll    tasks.o
    0x08002934   0x08002934   0x00000060   Code   RO         2604    i.xTimerCreateTimerTask  timers.o
    0x08002994   0x08002994   0x00000020   Data   RO         2937    Region$$Table       anon$$obj.o


    Execution Region RW_IRAM1 (Exec base: 0x20000000, Load base: 0x080029b4, Size: 0x00003818, Max: 0x00005000, ABSOLUTE)

    Exec Addr    Load Addr    Size         Type   Attr      Idx    E Section Name        Object

    0x20000000   0x080029b4   0x00000004   Data   RW          139    .data               system.o
    0x20000004   0x080029b8   0x00000014   Data   RW          198    .data               usart.o
    0x20000018   0x080029cc   0x00000014   Data   RW         1173    .data               stm32f10x_rcc.o
    0x2000002c   0x080029e0   0x00000014   Data   RW         1556    .data               system_stm32f10x.o
    0x20000040   0x080029f4   0x0000001c   Data   RW         1805    .data               heap_4.o
    0x2000005c   0x08002a10   0x00000004   Data   RW         1877    .data               port.o
    0x20000060   0x08002a14   0x00000040   Data   RW         2249    .data               tasks.o
    0x200000a0   0x08002a54   0x00000014   Data   RW         2614    .data               timers.o
    0x200000b4        -       0x000003e8   Zero   RW            5    .bss                main.o
    0x2000049c        -       0x00000394   Zero   RW          272    .bss                clib_arm.o
    0x20000830        -       0x000003f8   Zero   RW          434    .bss                cmsis_os2.o
    0x20000c28        -       0x00002000   Zero   RW         1804    .bss                heap_4.o
    0x20002c28        -       0x000004c4   Zero   RW         2248    .bss                tasks.o
    0x200030ec        -       0x000000c8   Zero   RW         2613    .bss                timers.o
    0x200031b4        -       0x00000060   Zero   RW         2811    .bss                c_w.l(libspace.o)
    0x20003214   0x08002a68   0x00000004   PAD
    0x20003218        -       0x00000200   Zero   RW         1543    HEAP                startup_stm32f10x_md.o
    0x20003418        -       0x00000400   Zero   RW         1542    STACK               startup_stm32f10x_md.o


==============================================================================

Image component sizes


      Code (inc. data)   RO Data    RW Data    ZI Data      Debug   Object Name

       254         16          0          0        916      27228   clib_arm.o
        72         20          0          0       1016      31051   cmsis_os2.o
         0          0          0          0          0      12012   event_groups.o
       520         58          0         28       8192       5063   heap_4.o
       124          0          0          0          0      12469   list.o
        26          0          0          0       1000     251867   main.o
       420         48          0          4          0       9528   port.o
      1760         16          0          0          0      19047   queue.o
        64         26        236          0       1536        796   startup_stm32f10x_md.o
       278          0          0          0          0       2296   stm32f10x_gpio.o
       244         26          0         20          0       4273   stm32f10x_rcc.o
       442          6          0          0          0       6949   stm32f10x_usart.o
       260         82          0          4          0       1572   system.o
       492         50          0         20          0       2913   system_stm32f10x.o
      3256        366          0         64       1220      45416   tasks.o
       950        110          0         20        200      11848   timers.o
       414         56          0         20          0      28771   usart.o

    ----------------------------------------------------------------------
      9594        880        268        180      14080     473099   Object Totals
         0          0         32          0          0          0   (incl. Generated)
        18          0          0          0          0          0   (incl. Padding)

    ----------------------------------------------------------------------

      Code (inc. data)   RO Data    RW Data    ZI Data      Debug   Library Member Name

         8          0          0          0          0         68   __main.o
         0          0          0          0          0          0   __rtentry.o
        20          0          0          0          0          0   __rtentry2.o
         6          0          0          0          0          0   __rtentry4.o
        52          8          0          0          0          0   __scatter.o
        26          0          0          0          0          0   __scatter_copy.o
        28          0          0          0          0          0   __scatter_zi.o
        16          0          0          0          0         68   aeabi_memset.o
        18          0          0          0          0         80   exit.o
         6          0          0          0          0        152   heapauxi.o
         0          0          0          0          0          0   indicate_semi.o
         2          0          0          0          0          0   libinit.o
         2          0          0          0          0          0   libinit2.o
         2          0          0          0          0          0   libshutdown.o
         2          0          0          0          0          0   libshutdown2.o
         8          4          0          0         96         68   libspace.o
        68          0          0          0          0         68   rt_memclr.o
        78          0          0          0          0         80   rt_memclr_w.o
       138          0          0          0          0         68   rt_memcpy_v6.o
       100          0          0          0          0         80   rt_memcpy_w.o
         2          0          0          0          0          0   rtexit.o
        10          0          0          0          0          0   rtexit2.o
       128          0          0          0          0         68   strcmpv7m.o
        12          4          0          0          0         68   sys_exit.o
        74          0          0          0          0         80   sys_stackheap_outer.o
         2          0          0          0          0         68   use_no_semi.o

    ----------------------------------------------------------------------
       814         16          0          0        100       1016   Library Totals
         6          0          0          0          4          0   (incl. Padding)

    ----------------------------------------------------------------------

      Code (inc. data)   RO Data    RW Data    ZI Data      Debug   Library Name

       808         16          0          0         96       1016   c_w.l

    ----------------------------------------------------------------------
       814         16          0          0        100       1016   Library Totals

    ----------------------------------------------------------------------

==============================================================================


      Code (inc. data)   RO Data    RW Data    ZI Data      Debug   

     10408        896        268        180      14180     468235   Grand Totals
     10408        896        268        180      14180     468235   ELF Image Totals
     10408        896        268        180          0          0   ROM Totals

==============================================================================

    Total RO  Size (Code + RO Data)                10676 (  10.43kB)
    Total RW  Size (RW Data + ZI Data)             14360 (  14.02kB)
    Total ROM Size (Code + RO Data + RW Data)      10856 (  10.60kB)

==============================================================================

