Component: ARM Compiler 5.06 update 6 (build 750) Tool: armlink [4d35ed]

==============================================================================

Section Cross References

    main.o(i.main) refers to system_stm32f10x.o(i.SystemInit) for SystemInit
    main.o(i.main) refers to system_stm32f10x.o(i.SystemCoreClockUpdate) for SystemCoreClockUpdate
    main.o(i.main) refers to usart.o(i.USART_Config) for USART_Config
    main.o(i.main) refers to system.o(i.RTOS_Run) for RTOS_Run
    system.o(i.RTOS_Run) refers to queue.o(i.xQueueGenericCreate) for xQueueGenericCreate
    system.o(i.RTOS_Run) refers to queue.o(i.xQueueGenericSend) for xQueueGenericSend
    system.o(i.RTOS_Run) refers to tasks.o(i.xTaskCreate) for xTaskCreate
    system.o(i.RTOS_Run) refers to tasks.o(i.vTaskStartScheduler) for vTaskStartScheduler
    system.o(i.RTOS_Run) refers to system.o(.data) for xSemaphoreBin
    system.o(i.RTOS_Run) refers to system.o(i.RTOS_Task_1) for RTOS_Task_1
    system.o(i.RTOS_Run) refers to system.o(i.RTOS_Task_2) for RTOS_Task_2
    system.o(i.RTOS_Task_1) refers to queue.o(i.xQueueSemaphoreTake) for xQueueSemaphoreTake
    system.o(i.RTOS_Task_1) refers to usart.o(i.USART_SendString) for USART_SendString
    system.o(i.RTOS_Task_1) refers to tasks.o(i.vTaskDelay) for vTaskDelay
    system.o(i.RTOS_Task_1) refers to queue.o(i.xQueueGenericSend) for xQueueGenericSend
    system.o(i.RTOS_Task_1) refers to system.o(.data) for xSemaphoreBin
    system.o(i.RTOS_Task_2) refers to queue.o(i.xQueueSemaphoreTake) for xQueueSemaphoreTake
    system.o(i.RTOS_Task_2) refers to usart.o(i.USART_SendString) for USART_SendString
    system.o(i.RTOS_Task_2) refers to queue.o(i.xQueueGenericSend) for xQueueGenericSend
    system.o(i.RTOS_Task_2) refers to tasks.o(i.vTaskDelay) for vTaskDelay
    system.o(i.RTOS_Task_2) refers to system.o(.data) for xSemaphoreBin
    usart.o(i.Numberal) refers to usart.o(.bss) for Buffer_Numberal
    usart.o(i.USART1_IRQHandler) refers to stm32f10x_usart.o(i.USART_GetITStatus) for USART_GetITStatus
    usart.o(i.USART1_IRQHandler) refers to stm32f10x_usart.o(i.USART_ReceiveData) for USART_ReceiveData
    usart.o(i.USART1_IRQHandler) refers to usart.o(.data) for GetChar
    usart.o(i.USART1_IRQHandler) refers to main.o(.bss) for Recei
    usart.o(i.USART2_IRQHandler) refers to stm32f10x_usart.o(i.USART_GetITStatus) for USART_GetITStatus
    usart.o(i.USART2_IRQHandler) refers to stm32f10x_usart.o(i.USART_ReceiveData) for USART_ReceiveData
    usart.o(i.USART2_IRQHandler) refers to usart.o(.data) for GetChar
    usart.o(i.USART2_IRQHandler) refers to main.o(.bss) for Recei
    usart.o(i.USART3_IRQHandler) refers to stm32f10x_usart.o(i.USART_GetITStatus) for USART_GetITStatus
    usart.o(i.USART3_IRQHandler) refers to stm32f10x_usart.o(i.USART_ReceiveData) for USART_ReceiveData
    usart.o(i.USART3_IRQHandler) refers to usart.o(.data) for GetChar
    usart.o(i.USART3_IRQHandler) refers to main.o(.bss) for Recei
    usart.o(i.USART_Compare) refers to strcmpv7m.o(.text) for strcmp
    usart.o(i.USART_Compare) refers to main.o(.bss) for Recei
    usart.o(i.USART_Config) refers to stm32f10x_rcc.o(i.RCC_APB2PeriphClockCmd) for RCC_APB2PeriphClockCmd
    usart.o(i.USART_Config) refers to stm32f10x_rcc.o(i.RCC_APB1PeriphClockCmd) for RCC_APB1PeriphClockCmd
    usart.o(i.USART_Config) refers to stm32f10x_gpio.o(i.GPIO_Init) for GPIO_Init
    usart.o(i.USART_Config) refers to stm32f10x_usart.o(i.USART_Init) for USART_Init
    usart.o(i.USART_Config) refers to stm32f10x_usart.o(i.USART_ITConfig) for USART_ITConfig
    usart.o(i.USART_Config) refers to usart.o(i.__NVIC_EnableIRQ) for __NVIC_EnableIRQ
    usart.o(i.USART_Config) refers to stm32f10x_usart.o(i.USART_Cmd) for USART_Cmd
    usart.o(i.USART_Config) refers to usart.o(.data) for USARTx
    usart.o(i.USART_FlagDB) refers to usart.o(.data) for stt_flag
    usart.o(i.USART_Printf) refers to vsprintf.o(.text) for vsprintf
    usart.o(i.USART_Printf) refers to usart.o(i.USART_SendString) for USART_SendString
    usart.o(i.USART_SendChar) refers to stm32f10x_usart.o(i.USART_SendData) for USART_SendData
    usart.o(i.USART_SendChar) refers to stm32f10x_usart.o(i.USART_GetFlagStatus) for USART_GetFlagStatus
    usart.o(i.USART_SendChar) refers to usart.o(.data) for USARTx
    usart.o(i.USART_SendNum) refers to usart.o(i.Numberal) for Numberal
    usart.o(i.USART_SendNum) refers to usart.o(i.USART_SendChar) for USART_SendChar
    usart.o(i.USART_SendNum) refers to usart.o(.data) for locate
    usart.o(i.USART_SendNum) refers to usart.o(.bss) for Buffer_Numberal
    usart.o(i.USART_SendString) refers to usart.o(i.USART_SendChar) for USART_SendChar
    clib_arm.o(i.__user_perthread_libspace) refers to clib_arm.o(i.os_kernel_is_active) for os_kernel_is_active
    clib_arm.o(i.__user_perthread_libspace) refers to tasks.o(i.xTaskGetCurrentTaskHandle) for xTaskGetCurrentTaskHandle
[...]
    ../clib/printf.c                         0x00000000   Number         0  _printf_hex_int.o ABSOLUTE
    ../clib/printf.c                         0x00000000   Number         0  _printf_hex_ll.o ABSOLUTE
    ../clib/printf.c                         0x00000000   Number         0  _printf_oct_int_ll.o ABSOLUTE
    ../clib/printf.c                         0x00000000   Number         0  _printf_oct_int.o ABSOLUTE
    ../clib/printf.c                         0x00000000   Number         0  _printf_longlong_dec.o ABSOLUTE
    ../clib/printf.c                         0x00000000   Number         0  _printf_wctomb.o ABSOLUTE
    ../clib/printf.c                         0x00000000   Number         0  _sputc.o ABSOLUTE
    ../clib/printf.c                         0x00000000   Number         0  _printf_char_common.o ABSOLUTE
    ../clib/printf.c                         0x00000000   Number         0  _printf_dec.o ABSOLUTE
    ../clib/printf.c                         0x00000000   Number         0  _printf_str.o ABSOLUTE
    ../clib/printf.c                         0x00000000   Number         0  _printf_wchar.o ABSOLUTE
    ../clib/printf.c                         0x00000000   Number         0  _printf_char.o ABSOLUTE
    ../clib/printf.c                         0x00000000   Number         0  vsprintf.o ABSOLUTE
    ../clib/printf.c                         0x00000000   Number         0  _printf_fp_infnan.o ABSOLUTE
    ../clib/printf.c                         0x00000000   Number         0  __printf_nopercent.o ABSOLUTE
    ../clib/printf.c                         0x00000000   Number         0  _printf_fp_hex.o ABSOLUTE
    ../clib/printf.c                         0x00000000   Number         0  _printf_fp_dec.o ABSOLUTE
    ../clib/printf.c                         0x00000000   Number         0  _printf_intcommon.o ABSOLUTE
    ../clib/printf.c                         0x00000000   Number         0  _printf_charcount.o ABSOLUTE
    ../clib/printf.c                         0x00000000   Number         0  _printf_pad.o ABSOLUTE
    ../clib/printf_percent.s                 0x00000000   Number         0  _printf_g.o ABSOLUTE
    ../clib/printf_percent.s                 0x00000000   Number         0  _printf_a.o ABSOLUTE
    ../clib/printf_percent.s                 0x00000000   Number         0  _printf_percent.o ABSOLUTE
    ../clib/printf_percent.s                 0x00000000   Number         0  _printf_lli.o ABSOLUTE
    ../clib/printf_percent.s                 0x00000000   Number         0  _printf_lld.o ABSOLUTE
    ../clib/printf_percent.s                 0x00000000   Number         0  _printf_llu.o ABSOLUTE
    ../clib/printf_percent.s                 0x00000000   Number         0  _printf_ll.o ABSOLUTE
    ../clib/printf_percent.s                 0x00000000   Number         0  _printf_l.o ABSOLUTE
    ../clib/printf_percent.s                 0x00000000   Number         0  _printf_lc.o ABSOLUTE
    ../clib/printf_percent.s                 0x00000000   Number         0  _printf_ls.o ABSOLUTE
    ../clib/printf_percent.s                 0x00000000   Number         0  _printf_e.o ABSOLUTE
    ../clib/printf_percent.s                 0x00000000   Number         0  _printf_llo.o ABSOLUTE
    ../clib/printf_percent.s                 0x00000000   Number         0  _printf_llx.o ABSOLUTE
    ../clib/printf_percent.s                 0x00000000   Number         0  _printf_percent_end.o ABSOLUTE
    ../clib/printf_percent.s                 0x00000000   Number         0  _printf_i.o ABSOLUTE
    ../clib/printf_percent.s                 0x00000000   Number         0  _printf_c.o ABSOLUTE
    ../clib/printf_percent.s                 0x00000000   Number         0  _printf_s.o ABSOLUTE
    ../clib/printf_percent.s                 0x00000000   Number         0  _printf_n.o ABSOLUTE
    ../clib/printf_percent.s                 0x00000000   Number         0  _printf_x.o ABSOLUTE
    ../clib/printf_percent.s                 0x00000000   Number         0  _printf_p.o ABSOLUTE
    ../clib/printf_percent.s                 0x00000000   Number         0  _printf_o.o ABSOLUTE
    ../clib/printf_percent.s                 0x00000000   Number         0  _printf_d.o ABSOLUTE
    ../clib/printf_percent.s                 0x00000000   Number         0  _printf_u.o ABSOLUTE
    ../clib/printf_percent.s                 0x00000000   Number         0  _printf_f.o ABSOLUTE
    ../clib/signal.c                         0x00000000   Number         0  defsig_stak_inner.o ABSOLUTE
    ../clib/signal.c                         0x00000000   Number         0  defsig_rtred_inner.o ABSOLUTE
    ../clib/signal.c                         0x00000000   Number         0  defsig_fpe_inner.o ABSOLUTE
    ../clib/signal.c                         0x00000000   Number         0  defsig_abrt_inner.o ABSOLUTE
    ../clib/signal.c                         0x00000000   Number         0  defsig_pvfn_inner.o ABSOLUTE
    ../clib/signal.c                         0x00000000   Number         0  defsig_general.o ABSOLUTE
    ../clib/signal.c                         0x00000000   Number         0  __raise.o ABSOLUTE
    ../clib/signal.c                         0x00000000   Number         0  defsig_rtmem_inner.o ABSOLUTE
    ../clib/signal.c                         0x00000000   Number         0  defsig_exit.o ABSOLUTE
    ../clib/signal.c                         0x00000000   Number         0  defsig_other.o ABSOLUTE
    ../clib/signal.c                         0x00000000   Number         0  defsig_segv_inner.o ABSOLUTE
    ../clib/signal.c                         0x00000000   Number         0  defsig_rtmem_formal.o ABSOLUTE
    ../clib/signal.c                         0x00000000   Number         0  defsig_rtmem_outer.o ABSOLUTE
    ../clib/signal.c                         0x00000000   Number         0  defsig_cppl_inner.o ABSOLUTE
    ../clib/signal.s                         0x00000000   Number         0  defsig.o ABSOLUTE
    ../clib/stdlib.c                         0x00000000   Number         0  exit.o ABSOLUTE
    ../fplib/fpinit.s                        0x00000000   Number         0  fpinit.o ABSOLUTE
    ../fplib/istatus.s                       0x00000000   Number         0  istatus.o ABSOLUTE
    ../fplib/printf1.s                       0x00000000   Number         0  printf1.o ABSOLUTE
    ../fplib/printf2.s                       0x00000000   Number         0  printf2.o ABSOLUTE
    ../fplib/printf2a.s                      0x00000000   Number         0  printf2a.o ABSOLUTE
    ../fplib/printf2b.s                      0x00000000   Number         0  printf2b.o ABSOLUTE
    ../fplib/usenofp.s                       0x00000000   Number         0  usenofp.o ABSOLUTE
    ../mathlib/fpclassify.c                  0x00000000   Number         0  fpclassify.o ABSOLUTE
    ..\User\main.c                           0x00000000   Number         0  main.o ABSOLUTE
    ..\User\system.c                         0x00000000   Number         0  system.o ABSOLUTE
    ..\User\usart.c                          0x00000000   Number         0  usart.o ABSOLUTE
    ..\\User\\main.c                         0x00000000   Number         0  main.o ABSOLUTE
    ..\\User\\system.c                       0x00000000   Number         0  system.o ABSOLUTE
    ..\\User\\usart.c                        0x00000000   Number         0  usart.o ABSOLUTE
    C:\Users\nvan0\AppData\Local\Arm\Packs\ARM\CMSIS-FreeRTOS\10.5.1\CMSIS\RTOS2\FreeRTOS\Source\ARM\clib_arm.c 0x00000000   Number         0  clib_arm.o ABSOLUTE
    C:\Users\nvan0\AppData\Local\Arm\Packs\ARM\CMSIS-FreeRTOS\10.5.1\CMSIS\RTOS2\FreeRTOS\Source\cmsis_os2.c 0x00000000   Number         0  cmsis_os2.o ABSOLUTE
    C:\Users\nvan0\AppData\Local\Arm\Packs\ARM\CMSIS-FreeRTOS\10.5.1\CMSIS\RTOS2\FreeRTOS\Source\freertos_evr.c 0x00000000   Number         0  freertos_evr.o ABSOLUTE
    C:\Users\nvan0\AppData\Local\Arm\Packs\ARM\CMSIS-FreeRTOS\10.5.1\CMSIS\RTOS2\FreeRTOS\Source\os_systick.c 0x00000000   Number         0  os_systick.o ABSOLUTE
    C:\Users\nvan0\AppData\Local\Arm\Packs\ARM\CMSIS-FreeRTOS\10.5.1\Source\event_groups.c 0x00000000   Number         0  event_groups.o ABSOLUTE
    C:\Users\nvan0\AppData\Local\Arm\Packs\ARM\CMSIS-FreeRTOS\10.5.1\Source\list.c 0x00000000   Number         0  list.o ABSOLUTE
    C:\Users\nvan0\AppData\Local\Arm\Packs\ARM\CMSIS-FreeRTOS\10.5.1\Source\portable\MemMang\heap_4.c 0x00000000   Number         0  heap_4.o ABSOLUTE
    C:\Users\nvan0\AppData\Local\Arm\Packs\ARM\CMSIS-FreeRTOS\10.5.1\Source\portable\RVDS\ARM_CM3\port.c 0x00000000   Number         0  port.o ABSOLUTE
    C:\Users\nvan0\AppData\Local\Arm\Packs\ARM\CMSIS-FreeRTOS\10.5.1\Source\queue.c 0x00000000   Number         0  queue.o ABSOLUTE
    C:\Users\nvan0\AppData\Local\Arm\Packs\ARM\CMSIS-FreeRTOS\10.5.1\Source\tasks.c 0x00000000   Number         0  tasks.o ABSOLUTE
    C:\Users\nvan0\AppData\Local\Arm\Packs\ARM\CMSIS-FreeRTOS\10.5.1\Source\timers.c 0x00000000   Number         0  timers.o ABSOLUTE
    C:\Users\nvan0\AppData\Local\Arm\Packs\Keil\STM32F1xx_DFP\2.3.0\Device\StdPeriph_Driver\src\misc.c 0x00000000   Number         0  misc.o ABSOLUTE
    C:\Users\nvan0\AppData\Local\Arm\Packs\Keil\STM32F1xx_DFP\2.3.0\Device\StdPeriph_Driver\src\stm32f10x_gpio.c 0x00000000   Number         0  stm32f10x_gpio.o ABSOLUTE
    C:\Users\nvan0\AppData\Local\Arm\Packs\Keil\STM32F1xx_DFP\2.3.0\Device\StdPeriph_Driver\src\stm32f10x_rcc.c 0x00000000   Number         0  stm32f10x_rcc.o ABSOLUTE
    C:\Users\nvan0\AppData\Local\Arm\Packs\Keil\STM32F1xx_DFP\2.3.0\Device\StdPeriph_Driver\src\stm32f10x_usart.c 0x00000000   Number         0  stm32f10x_usart.o ABSOLUTE
    C:\\Users\\nvan0\\AppData\\Local\\Arm\\Packs\\ARM\\CMSIS-FreeRTOS\\10.5.1\\CMSIS\\RTOS2\\FreeRTOS\\Source\\ARM\\clib_arm.c 0x00000000   Number         0  clib_arm.o ABSOLUTE
    C:\\Users\\nvan0\\AppData\\Local\\Arm\\Packs\\ARM\\CMSIS-FreeRTOS\\10.5.1\\CMSIS\\RTOS2\\FreeRTOS\\Source\\cmsis_os2.c 0x00000000   Number         0  cmsis_os2.o ABSOLUTE
    C:\\Users\\nvan0\\AppData\\Local\\Arm\\Packs\\ARM\\CMSIS-FreeRTOS\\10.5.1\\CMSIS\\RTOS2\\FreeRTOS\\Source\\freertos_evr.c 0x00000000   Number         0  freertos_evr.o ABSOLUTE
    C:\\Users\\nvan0\\AppData\\Local\\Arm\\Packs\\ARM\\CMSIS-FreeRTOS\\10.5.1\\CMSIS\\RTOS2\\FreeRTOS\\Source\\os_systick.c 0x00000000   Number         0  os_systick.o ABSOLUTE
    C:\\Users\\nvan0\\AppData\\Local\\Arm\\Packs\\ARM\\CMSIS-FreeRTOS\\10.5.1\\Source\\event_groups.c 0x00000000   Number         0  event_groups.o ABSOLUTE
    C:\\Users\\nvan0\\AppData\\Local\\Arm\\Packs\\ARM\\CMSIS-FreeRTOS\\10.5.1\\Source\\list.c 0x00000000   Number         0  list.o ABSOLUTE
    C:\\Users\\nvan0\\AppData\\Local\\Arm\\Packs\\ARM\\CMSIS-FreeRTOS\\10.5.1\\Source\\portable\\MemMang\\heap_4.c 0x00000000   Number         0  heap_4.o ABSOLUTE
    C:\\Users\\nvan0\\AppData\\Local\\Arm\\Packs\\ARM\\CMSIS-FreeRTOS\\10.5.1\\Source\\portable\\RVDS\\ARM_CM3\\port.c 0x00000000   Number         0  port.o ABSOLUTE
    C:\\Users\\nvan0\\AppData\\Local\\Arm\\Packs\\ARM\\CMSIS-FreeRTOS\\10.5.1\\Source\\queue.c 0x00000000   Number         0  queue.o ABSOLUTE
    C:\\Users\\nvan0\\AppData\\Local\\Arm\\Packs\\ARM\\CMSIS-FreeRTOS\\10.5.1\\Source\\tasks.c 0x00000000   Number         0  tasks.o ABSOLUTE
    C:\\Users\\nvan0\\AppData\\Local\\Arm\\Packs\\ARM\\CMSIS-FreeRTOS\\10.5.1\\Source\\timers.c 0x00000000   Number         0  timers.o ABSOLUTE
    C:\\Users\\nvan0\\AppData\\Local\\Arm\\Packs\\Keil\\STM32F1xx_DFP\\2.3.0\\Device\\StdPeriph_Driver\\src\\misc.c 0x00000000   Number         0  misc.o ABSOLUTE
    C:\\Users\\nvan0\\AppData\\Local\\Arm\\Packs\\Keil\\STM32F1xx_DFP\\2.3.0\\Device\\StdPeriph_Driver\\src\\stm32f10x_gpio.c 0x00000000   Number         0  stm32f10x_gpio.o ABSOLUTE
    C:\\Users\\nvan0\\AppData\\Local\\Arm\\Packs\\Keil\\STM32F1xx_DFP\\2.3.0\\Device\\StdPeriph_Driver\\src\\stm32f10x_rcc.c 0x00000000   Number         0  stm32f10x_rcc.o ABSOLUTE
    C:\\Users\\nvan0\\AppData\\Local\\Arm\\Packs\\Keil\\STM32F1xx_DFP\\2.3.0\\Device\\StdPeriph_Driver\\src\\stm32f10x_usart.c 0x00000000   Number         0  stm32f10x_usart.o ABSOLUTE
    RTE\Device\STM32F103C8\startup_stm32f10x_md.s 0x00000000   Number         0  startup_stm32f10x_md.o ABSOLUTE
    RTE\Device\STM32F103C8\system_stm32f10x.c 0x00000000   Number         0  system_stm32f10x.o ABSOLUTE
    RTE\\Device\\STM32F103C8\\system_stm32f10x.c 0x00000000   Number         0  system_stm32f10x.o ABSOLUTE
    dc.s                                     0x00000000   Number         0  dc.o ABSOLUTE
    RESET                                    0x08000000   Section      236  startup_stm32f10x_md.o(RESET)
    !!!main                                  0x080000ec   Section        8  __main.o(!!!main)
    !!!scatter                               0x080000f4   Section       52  __scatter.o(!!!scatter)
    !!handler_copy                           0x08000128   Section       26  __scatter_copy.o(!!handler_copy)
    !!handler_zi                             0x08000144   Section       28  __scatter_zi.o(!!handler_zi)
    .ARM.Collect$$libinit$$00000000          0x08000160   Section        2  libinit.o(.ARM.Collect$$libinit$$00000000)
    .ARM.Collect$$libinit$$00000002          0x08000162   Section        0  libinit2.o(.ARM.Collect$$libinit$$00000002)
    .ARM.Collect$$libinit$$00000004          0x08000162   Section        0  libinit2.o(.ARM.Collect$$libinit$$00000004)
    .ARM.Collect$$libinit$$0000000A          0x08000162   Section        0  libinit2.o(.ARM.Collect$$libinit$$0000000A)
    .ARM.Collect$$libinit$$0000000C          0x08000162   Section        0  libinit2.o(.ARM.Collect$$libinit$$0000000C)
    .ARM.Collect$$libinit$$0000000E          0x08000162   Section        0  libinit2.o(.ARM.Collect$$libinit$$0000000E)
    .ARM.Collect$$libinit$$00000011          0x08000162   Section        0  libinit2.o(.ARM.Collect$$libinit$$00000011)
    .ARM.Collect$$libinit$$00000013          0x08000162   Section        0  libinit2.o(.ARM.Collect$$libinit$$00000013)
    .ARM.Collect$$libinit$$00000015          0x08000162   Section        0  libinit2.o(.ARM.Collect$$libinit$$00000015)
    .ARM.Collect$$libinit$$00000017          0x08000162   Section        0  libinit2.o(.ARM.Collect$$libinit$$00000017)
    .ARM.Collect$$libinit$$00000019          0x08000162   Section        0  libinit2.o(.ARM.Collect$$libinit$$00000019)
    .ARM.Collect$$libinit$$0000001B          0x08000162   Section        0  libinit2.o(.ARM.Collect$$libinit$$0000001B)
    .ARM.Collect$$libinit$$0000001D          0x08000162   Section        0  libinit2.o(.ARM.Collect$$libinit$$0000001D)
    .ARM.Collect$$libinit$$0000001F          0x08000162   Section        0  libinit2.o(.ARM.Collect$$libinit$$0000001F)
    .ARM.Collect$$libinit$$00000021          0x08000162   Section        0  libinit2.o(.ARM.Collect$$libinit$$00000021)
    .ARM.Collect$$libinit$$00000023          0x08000162   Section        0  libinit2.o(.ARM.Collect$$libinit$$00000023)
    .ARM.Collect$$libinit$$00000025          0x08000162   Section        0  libinit2.o(.ARM.Collect$$libinit$$00000025)
    .ARM.Collect$$libinit$$0000002C          0x08000162   Section        0  libinit2.o(.ARM.Collect$$libinit$$0000002C)
    .ARM.Collect$$libinit$$0000002E          0x08000162   Section        0  libinit2.o(.ARM.Collect$$libinit$$0000002E)
    .ARM.Collect$$libinit$$00000030          0x08000162   Section        0  libinit2.o(.ARM.Collect$$libinit$$00000030)
    .ARM.Collect$$libinit$$00000032          0x08000162   Section        0  libinit2.o(.ARM.Collect$$libinit$$00000032)
    .ARM.Collect$$libinit$$00000033          0x08000162   Section        2  libinit2.o(.ARM.Collect$$libinit$$00000033)
    .ARM.Collect$$libshutdown$$00000000      0x08000164   Section        2  libshutdown.o(.ARM.Collect$$libshutdown$$00000000)
    .ARM.Collect$$libshutdown$$00000002      0x08000166   Section        0  libshutdown2.o(.ARM.Collect$$libshutdown$$00000002)
    .ARM.Collect$$libshutdown$$00000004      0x08000166   Section        0  libshutdown2.o(.ARM.Collect$$libshutdown$$00000004)
    .ARM.Collect$$libshutdown$$00000007      0x08000166   Section        0  libshutdown2.o(.ARM.Collect$$libshutdown$$00000007)
    .ARM.Collect$$libshutdown$$0000000A      0x08000166   Section        0  libshutdown2.o(.ARM.Collect$$libshutdown$$0000000A)
    .ARM.Collect$$libshutdown$$0000000C      0x08000166   Section        0  libshutdown2.o(.ARM.Collect$$libshutdown$$0000000C)
    .ARM.Collect$$libshutdown$$0000000F      0x08000166   Section        0  libshutdown2.o(.ARM.Collect$$libshutdown$$0000000F)
    .ARM.Collect$$libshutdown$$00000010      0x08000166   Section        2  libshutdown2.o(.ARM.Collect$$libshutdown$$00000010)
    .ARM.Collect$$rtentry$$00000000          0x08000168   Section        0  __rtentry.o(.ARM.Collect$$rtentry$$00000000)
    .ARM.Collect$$rtentry$$00000002          0x08000168   Section        0  __rtentry2.o(.ARM.Collect$$rtentry$$00000002)
    .ARM.Collect$$rtentry$$00000004          0x08000168   Section        6  __rtentry4.o(.ARM.Collect$$rtentry$$00000004)
    .ARM.Collect$$rtentry$$00000008          0x0800016e   Section        8  __rtentry2.o(.ARM.Collect$$rtentry$$00000008)
    .ARM.Collect$$rtentry$$0000000A          0x08000176   Section        4  __rtentry2.o(.ARM.Collect$$rtentry$$0000000A)
    .ARM.Collect$$rtentry$$0000000C          0x0800017a   Section        0  __rtentry2.o(.ARM.Collect$$rtentry$$0000000C)
    .ARM.Collect$$rtentry$$0000000D          0x0800017a   Section        8  __rtentry2.o(.ARM.Collect$$rtentry$$0000000D)
    .ARM.Collect$$rtexit$$00000000           0x08000182   Section        2  rtexit.o(.ARM.Collect$$rtexit$$00000000)
    .ARM.Collect$$rtexit$$00000002           0x08000184   Section        0  rtexit2.o(.ARM.Collect$$rtexit$$00000002)
    .ARM.Collect$$rtexit$$00000003           0x08000184   Section        4  rtexit2.o(.ARM.Collect$$rtexit$$00000003)
    .ARM.Collect$$rtexit$$00000004           0x08000188   Section        6  rtexit2.o(.ARM.Collect$$rtexit$$00000004)
    .emb_text                                0x08000190   Section      150  port.o(.emb_text)
    .text                                    0x08000228   Section       64  startup_stm32f10x_md.o(.text)
    .text                                    0x08000268   Section      138  rt_memcpy_v6.o(.text)
    .text                                    0x080002f2   Section       16  aeabi_memset.o(.text)
    .text                                    0x08000302   Section       68  rt_memclr.o(.text)
    .text                                    0x08000346   Section       78  rt_memclr_w.o(.text)
    .text                                    0x08000394   Section        0  heapauxi.o(.text)
    .text                                    0x0800039a   Section      100  rt_memcpy_w.o(.text)
    .text                                    0x080003fe   Section       74  sys_stackheap_outer.o(.text)
    .text                                    0x08000448   Section        0  exit.o(.text)
    .text                                    0x0800045c   Section        8  libspace.o(.text)
    .text                                    0x08000464   Section        0  sys_exit.o(.text)
    .text                                    0x08000470   Section        2  use_no_semi.o(.text)
    .text                                    0x08000472   Section        0  indicate_semi.o(.text)
    i.GPIO_Init                              0x08000472   Section        0  stm32f10x_gpio.o(i.GPIO_Init)
    i.RCC_APB1PeriphClockCmd                 0x08000588   Section        0  stm32f10x_rcc.o(i.RCC_APB1PeriphClockCmd)
    i.RCC_APB2PeriphClockCmd                 0x080005a8   Section        0  stm32f10x_rcc.o(i.RCC_APB2PeriphClockCmd)
    i.RCC_GetClocksFreq                      0x080005c8   Section        0  stm32f10x_rcc.o(i.RCC_GetClocksFreq)
    i.RTOS_Run                               0x0800069c   Section        0  system.o(i.RTOS_Run)
    i.RTOS_Task_1                            0x08000704   Section        0  system.o(i.RTOS_Task_1)
    i.RTOS_Task_2                            0x08000784   Section        0  system.o(i.RTOS_Task_2)
    i.SetSysClock                            0x080007d8   Section        0  system_stm32f10x.o(i.SetSysClock)
    SetSysClock                              0x080007d9   Thumb Code     8  system_stm32f10x.o(i.SetSysClock)
    i.SetSysClockTo72                        0x080007e0   Section        0  system_stm32f10x.o(i.SetSysClockTo72)
    SetSysClockTo72                          0x080007e1   Thumb Code   214  system_stm32f10x.o(i.SetSysClockTo72)
    i.SysTick_Handler                        0x080008c0   Section        0  cmsis_os2.o(i.SysTick_Handler)
    i.SystemCoreClockUpdate                  0x080008d8   Section        0  system_stm32f10x.o(i.SystemCoreClockUpdate)
    i.SystemInit                             0x0800097c   Section        0  system_stm32f10x.o(i.SystemInit)
    i.USART1_IRQHandler                      0x080009dc   Section        0  usart.o(i.USART1_IRQHandler)
    i.USART2_IRQHandler                      0x08000a44   Section        0  usart.o(i.USART2_IRQHandler)
    i.USART3_IRQHandler                      0x08000aac   Section        0  usart.o(i.USART3_IRQHandler)
    i.USART_Cmd                              0x08000b14   Section        0  stm32f10x_usart.o(i.USART_Cmd)
    i.USART_Config                           0x08000b2c   Section        0  usart.o(i.USART_Config)
    i.USART_GetFlagStatus                    0x08000c6c   Section        0  stm32f10x_usart.o(i.USART_GetFlagStatus)
    i.USART_GetITStatus                      0x08000c86   Section        0  stm32f10x_usart.o(i.USART_GetITStatus)
    i.USART_ITConfig                         0x08000cda   Section        0  stm32f10x_usart.o(i.USART_ITConfig)
    i.USART_Init                             0x08000d24   Section        0  stm32f10x_usart.o(i.USART_Init)
    i.USART_ReceiveData                      0x08000dfc   Section        0  stm32f10x_usart.o(i.USART_ReceiveData)
    i.USART_SendChar                         0x08000e08   Section        0  usart.o(i.USART_SendChar)
    i.USART_SendData                         0x08000e2c   Section        0  stm32f10x_usart.o(i.USART_SendData)
    i.USART_SendString                       0x08000e34   Section        0  usart.o(i.USART_SendString)
    i.__NVIC_EnableIRQ                       0x08000e4a   Section        0  usart.o(i.__NVIC_EnableIRQ)
    __NVIC_EnableIRQ                         0x08000e4b   Thumb Code    34  usart.o(i.__NVIC_EnableIRQ)
    i._mutex_acquire                         0x08000e6c   Section        0  clib_arm.o(i._mutex_acquire)
    __tagsym$$used                           0x08000e6d   Number         0  clib_arm.o(i._mutex_acquire)
    i._mutex_free                            0x08000e88   Section        0  clib_arm.o(i._mutex_free)
    __tagsym$$used                           0x08000e89   Number         0  clib_arm.o(i._mutex_free)
    i._mutex_initialize                      0x08000ebc   Section        0  clib_arm.o(i._mutex_initialize)
    __tagsym$$used                           0x08000ebd   Number         0  clib_arm.o(i._mutex_initialize)
    i._mutex_release                         0x08000f28   Section        0  clib_arm.o(i._mutex_release)
    __tagsym$$used                           0x08000f29   Number         0  clib_arm.o(i._mutex_release)
    i._platform_post_stackheap_init          0x08000f46   Section        0  clib_arm.o(i._platform_post_stackheap_init)
    i.is_thread_mode                         0x08000f48   Section        0  clib_arm.o(i.is_thread_mode)
    is_thread_mode                           0x08000f49   Thumb Code    16  clib_arm.o(i.is_thread_mode)
    i.main                                   0x08000f58   Section        0  main.o(i.main)
    i.os_kernel_is_active                    0x08000f72   Section        0  clib_arm.o(i.os_kernel_is_active)
    os_kernel_is_active                      0x08000f73   Thumb Code    18  clib_arm.o(i.os_kernel_is_active)
    i.prvAddCurrentTaskToDelayedList         0x08000f84   Section        0  tasks.o(i.prvAddCurrentTaskToDelayedList)
    prvAddCurrentTaskToDelayedList           0x08000f85   Thumb Code   140  tasks.o(i.prvAddCurrentTaskToDelayedList)
    i.prvAddNewTaskToReadyList               0x08001028   Section        0  tasks.o(i.prvAddNewTaskToReadyList)
    prvAddNewTaskToReadyList                 0x08001029   Thumb Code   204  tasks.o(i.prvAddNewTaskToReadyList)
    i.prvCheckForValidListAndQueue           0x08001110   Section        0  timers.o(i.prvCheckForValidListAndQueue)
    prvCheckForValidListAndQueue             0x08001111   Thumb Code    62  timers.o(i.prvCheckForValidListAndQueue)
    i.prvCheckTasksWaitingTermination        0x0800116c   Section        0  tasks.o(i.prvCheckTasksWaitingTermination)
    prvCheckTasksWaitingTermination          0x0800116d   Thumb Code    60  tasks.o(i.prvCheckTasksWaitingTermination)
    i.prvCopyDataFromQueue                   0x080011b4   Section        0  queue.o(i.prvCopyDataFromQueue)
    prvCopyDataFromQueue                     0x080011b5   Thumb Code    42  queue.o(i.prvCopyDataFromQueue)
    i.prvCopyDataToQueue                     0x080011de   Section        0  queue.o(i.prvCopyDataToQueue)
    prvCopyDataToQueue                       0x080011df   Thumb Code   126  queue.o(i.prvCopyDataToQueue)
    i.prvDeleteTCB                           0x0800125c   Section        0  tasks.o(i.prvDeleteTCB)
    prvDeleteTCB                             0x0800125d   Thumb Code    40  tasks.o(i.prvDeleteTCB)
    i.prvGetDisinheritPriorityAfterTimeout   0x08001284   Section        0  queue.o(i.prvGetDisinheritPriorityAfterTimeout)
    prvGetDisinheritPriorityAfterTimeout     0x08001285   Thumb Code    20  queue.o(i.prvGetDisinheritPriorityAfterTimeout)
    i.prvGetNextExpireTime                   0x08001298   Section        0  timers.o(i.prvGetNextExpireTime)
    prvGetNextExpireTime                     0x08001299   Thumb Code    36  timers.o(i.prvGetNextExpireTime)
    i.prvHeapInit                            0x080012c0   Section        0  heap_4.o(i.prvHeapInit)
    prvHeapInit                              0x080012c1   Thumb Code    90  heap_4.o(i.prvHeapInit)
    i.prvIdleTask                            0x08001330   Section        0  tasks.o(i.prvIdleTask)
    prvIdleTask                              0x08001331   Thumb Code    32  tasks.o(i.prvIdleTask)
    i.prvInitialiseMutex                     0x08001358   Section        0  queue.o(i.prvInitialiseMutex)
    prvInitialiseMutex                       0x08001359   Thumb Code    30  queue.o(i.prvInitialiseMutex)
    i.prvInitialiseNewQueue                  0x08001376   Section        0  queue.o(i.prvInitialiseNewQueue)
    prvInitialiseNewQueue                    0x08001377   Thumb Code    42  queue.o(i.prvInitialiseNewQueue)
    i.prvInitialiseNewTask                   0x080013a0   Section        0  tasks.o(i.prvInitialiseNewTask)
    prvInitialiseNewTask                     0x080013a1   Thumb Code   134  tasks.o(i.prvInitialiseNewTask)
    i.prvInitialiseTaskLists                 0x08001428   Section        0  tasks.o(i.prvInitialiseTaskLists)
    prvInitialiseTaskLists                   0x08001429   Thumb Code    70  tasks.o(i.prvInitialiseTaskLists)
    i.prvInsertBlockIntoFreeList             0x08001490   Section        0  heap_4.o(i.prvInsertBlockIntoFreeList)
    prvInsertBlockIntoFreeList               0x08001491   Thumb Code    96  heap_4.o(i.prvInsertBlockIntoFreeList)
    i.prvInsertTimerInActiveList             0x080014f8   Section        0  timers.o(i.prvInsertTimerInActiveList)
    prvInsertTimerInActiveList               0x080014f9   Thumb Code    80  timers.o(i.prvInsertTimerInActiveList)
    i.prvIsQueueEmpty                        0x08001550   Section        0  queue.o(i.prvIsQueueEmpty)
    prvIsQueueEmpty                          0x08001551   Thumb Code    26  queue.o(i.prvIsQueueEmpty)
    i.prvIsQueueFull                         0x0800156a   Section        0  queue.o(i.prvIsQueueFull)
    prvIsQueueFull                           0x0800156b   Thumb Code    30  queue.o(i.prvIsQueueFull)
    i.prvProcessExpiredTimer                 0x08001588   Section        0  timers.o(i.prvProcessExpiredTimer)
    prvProcessExpiredTimer                   0x08001589   Thumb Code    62  timers.o(i.prvProcessExpiredTimer)
    i.prvProcessReceivedCommands             0x080015cc   Section        0  timers.o(i.prvProcessReceivedCommands)
    prvProcessReceivedCommands               0x080015cd   Thumb Code   268  timers.o(i.prvProcessReceivedCommands)
    i.prvProcessTimerOrBlockTask             0x080016dc   Section        0  timers.o(i.prvProcessTimerOrBlockTask)
    prvProcessTimerOrBlockTask               0x080016dd   Thumb Code   102  timers.o(i.prvProcessTimerOrBlockTask)
    i.prvReloadTimer                         0x08001750   Section        0  timers.o(i.prvReloadTimer)
    prvReloadTimer                           0x08001751   Thumb Code    40  timers.o(i.prvReloadTimer)
    i.prvResetNextTaskUnblockTime            0x08001778   Section        0  tasks.o(i.prvResetNextTaskUnblockTime)
    prvResetNextTaskUnblockTime              0x08001779   Thumb Code    40  tasks.o(i.prvResetNextTaskUnblockTime)
    i.prvSampleTimeNow                       0x080017a8   Section        0  timers.o(i.prvSampleTimeNow)
    prvSampleTimeNow                         0x080017a9   Thumb Code    40  timers.o(i.prvSampleTimeNow)
    i.prvSwitchTimerLists                    0x080017d4   Section        0  timers.o(i.prvSwitchTimerLists)
    prvSwitchTimerLists                      0x080017d5   Thumb Code    58  timers.o(i.prvSwitchTimerLists)
    i.prvTaskExitError                       0x08001818   Section        0  port.o(i.prvTaskExitError)
    prvTaskExitError                         0x08001819   Thumb Code    22  port.o(i.prvTaskExitError)
    i.prvTimerTask                           0x0800182e   Section        0  timers.o(i.prvTimerTask)
    prvTimerTask                             0x0800182f   Thumb Code    26  timers.o(i.prvTimerTask)
    i.prvUnlockQueue                         0x08001848   Section        0  queue.o(i.prvUnlockQueue)
    prvUnlockQueue                           0x08001849   Thumb Code   126  queue.o(i.prvUnlockQueue)
    i.pvPortMalloc                           0x080018c8   Section        0  heap_4.o(i.pvPortMalloc)
    i.pvTaskIncrementMutexHeldCount          0x080019ac   Section        0  tasks.o(i.pvTaskIncrementMutexHeldCount)
    i.pxPortInitialiseStack                  0x080019cc   Section        0  port.o(i.pxPortInitialiseStack)
    i.uxListRemove                           0x080019f0   Section        0  list.o(i.uxListRemove)
    i.vApplicationGetIdleTaskMemory          0x08001a18   Section        0  cmsis_os2.o(i.vApplicationGetIdleTaskMemory)
    i.vApplicationGetTimerTaskMemory         0x08001a30   Section        0  cmsis_os2.o(i.vApplicationGetTimerTaskMemory)
    i.vApplicationStackOverflowHook          0x08001a48   Section        0  cmsis_os2.o(i.vApplicationStackOverflowHook)
    i.vListInitialise                        0x08001a4a   Section        0  list.o(i.vListInitialise)
    i.vListInitialiseItem                    0x08001a64   Section        0  list.o(i.vListInitialiseItem)
    i.vListInsert                            0x08001a6a   Section        0  list.o(i.vListInsert)
    i.vPortEnterCritical                     0x08001aa0   Section        0  port.o(i.vPortEnterCritical)
    i.vPortExitCritical                      0x08001ac4   Section        0  port.o(i.vPortExitCritical)
    i.vPortFree                              0x08001ae4   Section        0  heap_4.o(i.vPortFree)
    i.vPortSetupTimerInterrupt               0x08001b30   Section        0  port.o(i.vPortSetupTimerInterrupt)
    i.vQueueDelete                           0x08001b58   Section        0  queue.o(i.vQueueDelete)
    i.vQueueWaitForMessageRestricted         0x08001b6c   Section        0  queue.o(i.vQueueWaitForMessageRestricted)
    i.vTaskDelay                             0x08001bb8   Section        0  tasks.o(i.vTaskDelay)
    i.vTaskInternalSetTimeOutState           0x08001bec   Section        0  tasks.o(i.vTaskInternalSetTimeOutState)
    i.vTaskMissedYield                       0x08001c04   Section        0  tasks.o(i.vTaskMissedYield)
    i.vTaskPlaceOnEventList                  0x08001c10   Section        0  tasks.o(i.vTaskPlaceOnEventList)
    i.vTaskPlaceOnEventListRestricted        0x08001c30   Section        0  tasks.o(i.vTaskPlaceOnEventListRestricted)
    i.vTaskPriorityDisinheritAfterTimeout    0x08001c7c   Section        0  tasks.o(i.vTaskPriorityDisinheritAfterTimeout)
    i.vTaskStartScheduler                    0x08001d3c   Section        0  tasks.o(i.vTaskStartScheduler)
    i.vTaskSuspendAll                        0x08001dd8   Section        0  tasks.o(i.vTaskSuspendAll)
    i.vTaskSwitchContext                     0x08001de8   Section        0  tasks.o(i.vTaskSwitchContext)
    i.xPortStartScheduler                    0x08001e98   Section        0  port.o(i.xPortStartScheduler)
    i.xPortSysTickHandler                    0x08001ecc   Section        0  port.o(i.xPortSysTickHandler)
    i.xQueueCreateMutex                      0x08001f00   Section        0  queue.o(i.xQueueCreateMutex)
    i.xQueueCreateMutexStatic                0x08001f22   Section        0  queue.o(i.xQueueCreateMutexStatic)
    i.xQueueGenericCreate                    0x08001f4c   Section        0  queue.o(i.xQueueGenericCreate)
    i.xQueueGenericCreateStatic              0x08001f9e   Section        0  queue.o(i.xQueueGenericCreateStatic)
    i.xQueueGenericReset                     0x08001fdc   Section        0  queue.o(i.xQueueGenericReset)
    i.xQueueGenericSend                      0x0800207c   Section        0  queue.o(i.xQueueGenericSend)
    i.xQueueReceive                          0x08002194   Section        0  queue.o(i.xQueueReceive)
    i.xQueueSemaphoreTake                    0x08002298   Section        0  queue.o(i.xQueueSemaphoreTake)
    i.xTaskCheckForTimeOut                   0x080023c8   Section        0  tasks.o(i.xTaskCheckForTimeOut)
    i.xTaskCreate                            0x08002428   Section        0  tasks.o(i.xTaskCreate)
    i.xTaskCreateStatic                      0x08002494   Section        0  tasks.o(i.xTaskCreateStatic)
    i.xTaskGetSchedulerState                 0x080024ec   Section        0  tasks.o(i.xTaskGetSchedulerState)
    i.xTaskGetTickCount                      0x0800250c   Section        0  tasks.o(i.xTaskGetTickCount)
    i.xTaskIncrementTick                     0x08002518   Section        0  tasks.o(i.xTaskIncrementTick)
    i.xTaskPriorityDisinherit                0x080026a8   Section        0  tasks.o(i.xTaskPriorityDisinherit)
    i.xTaskPriorityInherit                   0x0800273c   Section        0  tasks.o(i.xTaskPriorityInherit)
    i.xTaskRemoveFromEventList               0x08002814   Section        0  tasks.o(i.xTaskRemoveFromEventList)
    i.xTaskResumeAll                         0x0800291c   Section        0  tasks.o(i.xTaskResumeAll)
    i.xTimerCreateTimerTask                  0x08002a74   Section        0  timers.o(i.xTimerCreateTimerTask)
    .data                                    0x20000000   Section        4  system.o(.data)
    .data                                    0x20000004   Section       28  usart.o(.data)
    .data                                    0x20000020   Section       20  stm32f10x_rcc.o(.data)
    APBAHBPrescTable                         0x20000020   Data          16  stm32f10x_rcc.o(.data)
    ADCPrescTable                            0x20000030   Data           4  stm32f10x_rcc.o(.data)
    .data                                    0x20000034   Section       20  system_stm32f10x.o(.data)
    .data                                    0x20000048   Section       28  heap_4.o(.data)
    xStart                                   0x20000048   Data           8  heap_4.o(.data)
    pxEnd                                    0x20000050   Data           4  heap_4.o(.data)
    xFreeBytesRemaining                      0x20000054   Data           4  heap_4.o(.data)
    xMinimumEverFreeBytesRemaining           0x20000058   Data           4  heap_4.o(.data)
    xNumberOfSuccessfulAllocations           0x2000005c   Data           4  heap_4.o(.data)
    xNumberOfSuccessfulFrees                 0x20000060   Data           4  heap_4.o(.data)
    .data                                    0x20000064   Section        4  port.o(.data)
    uxCriticalNesting                        0x20000064   Data           4  port.o(.data)
    .data                                    0x20000068   Section       64  tasks.o(.data)
    pxDelayedTaskList                        0x2000006c   Data           4  tasks.o(.data)
    pxOverflowDelayedTaskList                0x20000070   Data           4  tasks.o(.data)
    uxDeletedTasksWaitingCleanUp             0x20000074   Data           4  tasks.o(.data)
    uxCurrentNumberOfTasks                   0x20000078   Data           4  tasks.o(.data)
    xTickCount                               0x2000007c   Data           4  tasks.o(.data)
    uxTopReadyPriority                       0x20000080   Data           4  tasks.o(.data)
    xSchedulerRunning                        0x20000084   Data           4  tasks.o(.data)
    xPendedTicks                             0x20000088   Data           4  tasks.o(.data)
    xYieldPending                            0x2000008c   Data           4  tasks.o(.data)
    xNumOfOverflows                          0x20000090   Data           4  tasks.o(.data)
    uxTaskNumber                             0x20000094   Data           4  tasks.o(.data)
    xNextTaskUnblockTime                     0x20000098   Data           4  tasks.o(.data)
    xIdleTaskHandle                          0x2000009c   Data           4  tasks.o(.data)
    uxSchedulerSuspended                     0x200000a4   Data           4  tasks.o(.data)
    .data                                    0x200000a8   Section       20  timers.o(.data)
    pxCurrentTimerList                       0x200000a8   Data           4  timers.o(.data)
    pxOverflowTimerList                      0x200000ac   Data           4  timers.o(.data)
    xTimerQueue                              0x200000b0   Data           4  timers.o(.data)
    xTimerTaskHandle                         0x200000b4   Data           4  timers.o(.data)
    xLastTime                                0x200000b8   Data           4  timers.o(.data)
    .bss                                     0x200000bc   Section     1000  main.o(.bss)
    .bss                                     0x200004a4   Section      916  clib_arm.o(.bss)
    os_libspace                              0x200004a4   Data         480  clib_arm.o(.bss)
    os_libspace_id                           0x20000684   Data          16  clib_arm.o(.bss)
    clib_mutex_cb                            0x20000694   Data         400  clib_arm.o(.bss)
    clib_mutex_id                            0x20000824   Data          20  clib_arm.o(.bss)
    .bss                                     0x20000838   Section     1016  cmsis_os2.o(.bss)
    Idle_TCB                                 0x20000838   Data          92  cmsis_os2.o(.bss)
    Idle_Stack                               0x20000894   Data         512  cmsis_os2.o(.bss)
    Timer_TCB                                0x20000a94   Data          92  cmsis_os2.o(.bss)
    Timer_Stack                              0x20000af0   Data         320  cmsis_os2.o(.bss)
    .bss                                     0x20000c30   Section     8192  heap_4.o(.bss)
    ucHeap                                   0x20000c30   Data        8192  heap_4.o(.bss)
    .bss                                     0x20002c30   Section     1220  tasks.o(.bss)
    pxReadyTasksLists                        0x20002c30   Data        1120  tasks.o(.bss)
    xDelayedTaskList1                        0x20003090   Data          20  tasks.o(.bss)
    xDelayedTaskList2                        0x200030a4   Data          20  tasks.o(.bss)
    xPendingReadyList                        0x200030b8   Data          20  tasks.o(.bss)
    xTasksWaitingTermination                 0x200030cc   Data          20  tasks.o(.bss)
    xSuspendedTaskList                       0x200030e0   Data          20  tasks.o(.bss)
    .bss                                     0x200030f4   Section      200  timers.o(.bss)
    xActiveTimerList1                        0x200030f4   Data          20  timers.o(.bss)
    xActiveTimerList2                        0x20003108   Data          20  timers.o(.bss)
    xStaticTimerQueue                        0x2000311c   Data          80  timers.o(.bss)
    ucStaticTimerQueueStorage                0x2000316c   Data          80  timers.o(.bss)
    .bss                                     0x200031bc   Section       96  libspace.o(.bss)
    HEAP                                     0x20003220   Section      512  startup_stm32f10x_md.o(HEAP)
    Heap_Mem                                 0x20003220   Data         512  startup_stm32f10x_md.o(HEAP)
    STACK                                    0x20003420   Section     1024  startup_stm32f10x_md.o(STACK)
    Stack_Mem                                0x20003420   Data        1024  startup_stm32f10x_md.o(STACK)
    __initial_sp                             0x20003820   Data           0  startup_stm32f10x_md.o(STACK)

    Global Symbols

    Symbol Name                              Value     Ov Type        Size  Object(Section)

    BuildAttributes$$THM_ISAv4$P$D$K$B$S$PE$A:L22UL41UL21$X:L11$S22US41US21$IEEE1$IW$USESV6$~STKCKD$USESV7$~SHL$OTIME$ROPI$IEEEJ$EBA8$UX$STANDARDLIB$REQ8$PRES8$EABIv2 0x00000000   Number         0  anon$$obj.o ABSOLUTE
    __ARM_use_no_argv                        0x00000000   Number         0  main.o ABSOLUTE
    _printf_flags                            0x00000000   Number         0  printf_stubs.o ABSOLUTE
    _printf_return_value                     0x00000000   Number         0  printf_stubs.o ABSOLUTE
    _printf_sizespec                         0x00000000   Number         0  printf_stubs.o ABSOLUTE
    _printf_widthprec                        0x00000000   Number         0  printf_stubs.o ABSOLUTE
    __ARM_exceptions_init                     - Undefined Weak Reference
    __alloca_initialize                       - Undefined Weak Reference
    __arm_preinit_                            - Undefined Weak Reference
    __cpp_initialize__aeabi_                  - Undefined Weak Reference
    __cxa_finalize                            - Undefined Weak Reference
    __sigvec_lookup                           - Undefined Weak Reference
    _atexit_init                              - Undefined Weak Reference
    _call_atexit_fns                          - Undefined Weak Reference
    _clock_init                               - Undefined Weak Reference
    _fp_trap_init                             - Undefined Weak Reference
    _fp_trap_shutdown                         - Undefined Weak Reference
    _get_lc_collate                           - Undefined Weak Reference
    _get_lc_monetary                          - Undefined Weak Reference
    _get_lc_time                              - Undefined Weak Reference
    _getenv_init                              - Undefined Weak Reference
    _handle_redirection                       - Undefined Weak Reference
    _init_alloc                               - Undefined Weak Reference
    _init_user_alloc                          - Undefined Weak Reference
    _initio                                   - Undefined Weak Reference
    _printf_mbtowc                            - Undefined Weak Reference
    _printf_wc                                - Undefined Weak Reference
    _rand_init                                - Undefined Weak Reference
    _signal_finish                            - Undefined Weak Reference
    _signal_init                              - Undefined Weak Reference
    _terminate_alloc                          - Undefined Weak Reference
    _terminate_user_alloc                     - Undefined Weak Reference
    _terminateio                              - Undefined Weak Reference
    __Vectors_Size                           0x000000ec   Number         0  startup_stm32f10x_md.o ABSOLUTE
    __Vectors                                0x08000000   Data           4  startup_stm32f10x_md.o(RESET)
    __Vectors_End                            0x080000ec   Data           0  startup_stm32f10x_md.o(RESET)
    __main                                   0x080000ed   Thumb Code     8  __main.o(!!!main)
    __scatterload                            0x080000f5   Thumb Code     0  __scatter.o(!!!scatter)
    __scatterload_rt2                        0x080000f5   Thumb Code    44  __scatter.o(!!!scatter)
    __scatterload_rt2_thumb_only             0x080000f5   Thumb Code     0  __scatter.o(!!!scatter)
    __scatterload_null                       0x08000103   Thumb Code     0  __scatter.o(!!!scatter)
    __scatterload_copy                       0x08000129   Thumb Code    26  __scatter_copy.o(!!handler_copy)
    __scatterload_zeroinit                   0x08000145   Thumb Code    28  __scatter_zi.o(!!handler_zi)
    __rt_lib_init                            0x08000161   Thumb Code     0  libinit.o(.ARM.Collect$$libinit$$00000000)
    __rt_lib_init_alloca_1                   0x08000163   Thumb Code     0  libinit2.o(.ARM.Collect$$libinit$$0000002E)
    __rt_lib_init_argv_1                     0x08000163   Thumb Code     0  libinit2.o(.ARM.Collect$$libinit$$0000002C)
    __rt_lib_init_atexit_1                   0x08000163   Thumb Code     0  libinit2.o(.ARM.Collect$$libinit$$0000001B)
    __rt_lib_init_clock_1                    0x08000163   Thumb Code     0  libinit2.o(.ARM.Collect$$libinit$$00000021)
    __rt_lib_init_cpp_1                      0x08000163   Thumb Code     0  libinit2.o(.ARM.Collect$$libinit$$00000032)
    __rt_lib_init_exceptions_1               0x08000163   Thumb Code     0  libinit2.o(.ARM.Collect$$libinit$$00000030)
    __rt_lib_init_fp_1                       0x08000163   Thumb Code     0  libinit2.o(.ARM.Collect$$libinit$$00000002)
    __rt_lib_init_fp_trap_1                  0x08000163   Thumb Code     0  libinit2.o(.ARM.Collect$$libinit$$0000001F)
    __rt_lib_init_getenv_1                   0x08000163   Thumb Code     0  libinit2.o(.ARM.Collect$$libinit$$00000023)
    __rt_lib_init_heap_1                     0x08000163   Thumb Code     0  libinit2.o(.ARM.Collect$$libinit$$0000000A)
    __rt_lib_init_lc_collate_1               0x08000163   Thumb Code     0  libinit2.o(.ARM.Collect$$libinit$$00000011)
    __rt_lib_init_lc_ctype_1                 0x08000163   Thumb Code     0  libinit2.o(.ARM.Collect$$libinit$$00000013)
    __rt_lib_init_lc_monetary_1              0x08000163   Thumb Code     0  libinit2.o(.ARM.Collect$$libinit$$00000015)
    __rt_lib_init_lc_numeric_1               0x08000163   Thumb Code     0  libinit2.o(.ARM.Collect$$libinit$$00000017)
    __rt_lib_init_lc_time_1                  0x08000163   Thumb Code     0  libinit2.o(.ARM.Collect$$libinit$$00000019)
    __rt_lib_init_preinit_1                  0x08000163   Thumb Code     0  libinit2.o(.ARM.Collect$$libinit$$00000004)
    __rt_lib_init_rand_1                     0x08000163   Thumb Code     0  libinit2.o(.ARM.Collect$$libinit$$0000000E)
    __rt_lib_init_return                     0x08000163   Thumb Code     0  libinit2.o(.ARM.Collect$$libinit$$00000033)
    __rt_lib_init_signal_1                   0x08000163   Thumb Code     0  libinit2.o(.ARM.Collect$$libinit$$0000001D)
    __rt_lib_init_stdio_1                    0x08000163   Thumb Code     0  libinit2.o(.ARM.Collect$$libinit$$00000025)
    __rt_lib_init_user_alloc_1               0x08000163   Thumb Code     0  libinit2.o(.ARM.Collect$$libinit$$0000000C)
    __rt_lib_shutdown                        0x08000165   Thumb Code     0  libshutdown.o(.ARM.Collect$$libshutdown$$00000000)
    __rt_lib_shutdown_cpp_1                  0x08000167   Thumb Code     0  libshutdown2.o(.ARM.Collect$$libshutdown$$00000002)
    __rt_lib_shutdown_fp_trap_1              0x08000167   Thumb Code     0  libshutdown2.o(.ARM.Collect$$libshutdown$$00000007)
    __rt_lib_shutdown_heap_1                 0x08000167   Thumb Code     0  libshutdown2.o(.ARM.Collect$$libshutdown$$0000000F)
    __rt_lib_shutdown_return                 0x08000167   Thumb Code     0  libshutdown2.o(.ARM.Collect$$libshutdown$$00000010)
    __rt_lib_shutdown_signal_1               0x08000167   Thumb Code     0  libshutdown2.o(.ARM.Collect$$libshutdown$$0000000A)
    __rt_lib_shutdown_stdio_1                0x08000167   Thumb Code     0  libshutdown2.o(.ARM.Collect$$libshutdown$$00000004)
    __rt_lib_shutdown_user_alloc_1           0x08000167   Thumb Code     0  libshutdown2.o(.ARM.Collect$$libshutdown$$0000000C)
    __rt_entry                               0x08000169   Thumb Code     0  __rtentry.o(.ARM.Collect$$rtentry$$00000000)
    __rt_entry_presh_1                       0x08000169   Thumb Code     0  __rtentry2.o(.ARM.Collect$$rtentry$$00000002)
    __rt_entry_sh                            0x08000169   Thumb Code     0  __rtentry4.o(.ARM.Collect$$rtentry$$00000004)
    __rt_entry_postsh_1                      0x0800016f   Thumb Code     0  __rtentry2.o(.ARM.Collect$$rtentry$$00000008)
    __rt_entry_li                            0x08000177   Thumb Code     0  __rtentry2.o(.ARM.Collect$$rtentry$$0000000A)
    __rt_entry_main                          0x0800017b   Thumb Code     0  __rtentry2.o(.ARM.Collect$$rtentry$$0000000D)
    __rt_entry_postli_1                      0x0800017b   Thumb Code     0  __rtentry2.o(.ARM.Collect$$rtentry$$0000000C)
    __rt_exit                                0x08000183   Thumb Code     0  rtexit.o(.ARM.Collect$$rtexit$$00000000)
    __rt_exit_ls                             0x08000185   Thumb Code     0  rtexit2.o(.ARM.Collect$$rtexit$$00000003)
    __rt_exit_prels_1                        0x08000185   Thumb Code     0  rtexit2.o(.ARM.Collect$$rtexit$$00000002)
    __rt_exit_exit                           0x08000189   Thumb Code     0  rtexit2.o(.ARM.Collect$$rtexit$$00000004)
    SVC_Handler                              0x08000191   Thumb Code    32  port.o(.emb_text)
    __asm___6_port_c_39a90d8d__prvStartFirstTask 0x080001b5   Thumb Code    28  port.o(.emb_text)
    PendSV_Handler                           0x080001d5   Thumb Code    72  port.o(.emb_text)
    vPortGetIPSR                             0x08000221   Thumb Code     6  port.o(.emb_text)
    Reset_Handler                            0x08000229   Thumb Code     8  startup_stm32f10x_md.o(.text)
    NMI_Handler                              0x08000231   Thumb Code     2  startup_stm32f10x_md.o(.text)
    HardFault_Handler                        0x08000233   Thumb Code     2  startup_stm32f10x_md.o(.text)
    MemManage_Handler                        0x08000235   Thumb Code     2  startup_stm32f10x_md.o(.text)
    BusFault_Handler                         0x08000237   Thumb Code     2  startup_stm32f10x_md.o(.text)
    UsageFault_Handler                       0x08000239   Thumb Code     2  startup_stm32f10x_md.o(.text)
    DebugMon_Handler                         0x0800023d   Thumb Code     2  startup_stm32f10x_md.o(.text)
    ADC1_2_IRQHandler                        0x08000243   Thumb Code     0  startup_stm32f10x_md.o(.text)
    CAN1_RX1_IRQHandler                      0x08000243   Thumb Code     0  startup_stm32f10x_md.o(.text)
    CAN1_SCE_IRQHandler                      0x08000243   Thumb Code     0  startup_stm32f10x_md.o(.text)
    DMA1_Channel1_IRQHandler                 0x08000243   Thumb Code     0  startup_stm32f10x_md.o(.text)
    DMA1_Channel2_IRQHandler                 0x08000243   Thumb Code     0  startup_stm32f10x_md.o(.text)
    DMA1_Channel3_IRQHandler                 0x08000243   Thumb Code     0  startup_stm32f10x_md.o(.text)
    DMA1_Channel4_IRQHandler                 0x08000243   Thumb Code     0  startup_stm32f10x_md.o(.text)
    DMA1_Channel5_IRQHandler                 0x08000243   Thumb Code     0  startup_stm32f10x_md.o(.text)
    DMA1_Channel6_IRQHandler                 0x08000243   Thumb Code     0  startup_stm32f10x_md.o(.text)
    DMA1_Channel7_IRQHandler                 0x08000243   Thumb Code     0  startup_stm32f10x_md.o(.text)
    EXTI0_IRQHandler                         0x08000243   Thumb Code     0  startup_stm32f10x_md.o(.text)
    EXTI15_10_IRQHandler                     0x08000243   Thumb Code     0  startup_stm32f10x_md.o(.text)
    EXTI1_IRQHandler                         0x08000243   Thumb Code     0  startup_stm32f10x_md.o(.text)
    EXTI2_IRQHandler                         0x08000243   Thumb Code     0  startup_stm32f10x_md.o(.text)
    EXTI3_IRQHandler                         0x08000243   Thumb Code     0  startup_stm32f10x_md.o(.text)
    EXTI4_IRQHandler                         0x08000243   Thumb Code     0  startup_stm32f10x_md.o(.text)
    EXTI9_5_IRQHandler                       0x08000243   Thumb Code     0  startup_stm32f10x_md.o(.text)
    FLASH_IRQHandler                         0x08000243   Thumb Code     0  startup_stm32f10x_md.o(.text)
    I2C1_ER_IRQHandler                       0x08000243   Thumb Code     0  startup_stm32f10x_md.o(.text)
    I2C1_EV_IRQHandler                       0x08000243   Thumb Code     0  startup_stm32f10x_md.o(.text)
    I2C2_ER_IRQHandler                       0x08000243   Thumb Code     0  startup_stm32f10x_md.o(.text)
    I2C2_EV_IRQHandler                       0x08000243   Thumb Code     0  startup_stm32f10x_md.o(.text)
    PVD_IRQHandler                           0x08000243   Thumb Code     0  startup_stm32f10x_md.o(.text)
    RCC_IRQHandler                           0x08000243   Thumb Code     0  startup_stm32f10x_md.o(.text)
    RTCAlarm_IRQHandler                      0x08000243   Thumb Code     0  startup_stm32f10x_md.o(.text)
    RTC_IRQHandler                           0x08000243   Thumb Code     0  startup_stm32f10x_md.o(.text)
    SPI1_IRQHandler                          0x08000243   Thumb Code     0  startup_stm32f10x_md.o(.text)
    SPI2_IRQHandler                          0x08000243   Thumb Code     0  startup_stm32f10x_md.o(.text)
    TAMPER_IRQHandler                        0x08000243   Thumb Code     0  startup_stm32f10x_md.o(.text)
    TIM1_BRK_IRQHandler                      0x08000243   Thumb Code     0  startup_stm32f10x_md.o(.text)
    TIM1_CC_IRQHandler                       0x08000243   Thumb Code     0  startup_stm32f10x_md.o(.text)
    TIM1_TRG_COM_IRQHandler                  0x08000243   Thumb Code     0  startup_stm32f10x_md.o(.text)
    TIM1_UP_IRQHandler                       0x08000243   Thumb Code     0  startup_stm32f10x_md.o(.text)
    TIM2_IRQHandler                          0x08000243   Thumb Code     0  startup_stm32f10x_md.o(.text)
    TIM3_IRQHandler                          0x08000243   Thumb Code     0  startup_stm32f10x_md.o(.text)
    TIM4_IRQHandler                          0x08000243   Thumb Code     0  startup_stm32f10x_md.o(.text)
    USBWakeUp_IRQHandler                     0x08000243   Thumb Code     0  startup_stm32f10x_md.o(.text)
    USB_HP_CAN1_TX_IRQHandler                0x08000243   Thumb Code     0  startup_stm32f10x_md.o(.text)
    USB_LP_CAN1_RX0_IRQHandler               0x08000243   Thumb Code     0  startup_stm32f10x_md.o(.text)
    WWDG_IRQHandler                          0x08000243   Thumb Code     0  startup_stm32f10x_md.o(.text)
    __user_initial_stackheap                 0x08000245   Thumb Code     0  startup_stm32f10x_md.o(.text)
    __aeabi_memcpy                           0x08000269   Thumb Code     0  rt_memcpy_v6.o(.text)
    __rt_memcpy                              0x08000269   Thumb Code   138  rt_memcpy_v6.o(.text)
    _memcpy_lastbytes                        0x080002cf   Thumb Code     0  rt_memcpy_v6.o(.text)
    __aeabi_memset                           0x080002f3   Thumb Code    16  aeabi_memset.o(.text)
    __aeabi_memclr                           0x08000303   Thumb Code     0  rt_memclr.o(.text)
    __rt_memclr                              0x08000303   Thumb Code    68  rt_memclr.o(.text)
    _memset                                  0x08000307   Thumb Code     0  rt_memclr.o(.text)
    __aeabi_memclr4                          0x08000347   Thumb Code     0  rt_memclr_w.o(.text)
    __aeabi_memclr8                          0x08000347   Thumb Code     0  rt_memclr_w.o(.text)
    __rt_memclr_w                            0x08000347   Thumb Code    78  rt_memclr_w.o(.text)
    _memset_w                                0x0800034b   Thumb Code     0  rt_memclr_w.o(.text)
    __use_two_region_memory                  0x08000395   Thumb Code     2  heapauxi.o(.text)
    __rt_heap_escrow$2region                 0x08000397   Thumb Code     2  heapauxi.o(.text)
    __rt_heap_expand$2region                 0x08000399   Thumb Code     2  heapauxi.o(.text)
    __aeabi_memcpy4                          0x0800039b   Thumb Code     0  rt_memcpy_w.o(.text)
    __aeabi_memcpy8                          0x0800039b   Thumb Code     0  rt_memcpy_w.o(.text)
    __rt_memcpy_w                            0x0800039b   Thumb Code   100  rt_memcpy_w.o(.text)
    _memcpy_lastbytes_aligned                0x080003e3   Thumb Code     0  rt_memcpy_w.o(.text)
    __user_setup_stackheap                   0x080003ff   Thumb Code    74  sys_stackheap_outer.o(.text)
    exit                                     0x08000449   Thumb Code    18  exit.o(.text)
    __user_libspace                          0x0800045d   Thumb Code     8  libspace.o(.text)
    __user_perproc_libspace                  0x0800045d   Thumb Code     0  libspace.o(.text)
    _sys_exit                                0x08000465   Thumb Code     8  sys_exit.o(.text)
    __I$use$semihosting                      0x08000471   Thumb Code     0  use_no_semi.o(.text)
    __use_no_semihosting_swi                 0x08000471   Thumb Code     2  use_no_semi.o(.text)
    GPIO_Init                                0x08000473   Thumb Code   278  stm32f10x_gpio.o(i.GPIO_Init)
    __semihosting_library_function           0x08000473   Thumb Code     0  indicate_semi.o(.text)
    RCC_APB1PeriphClockCmd                   0x08000589   Thumb Code    26  stm32f10x_rcc.o(i.RCC_APB1PeriphClockCmd)
    RCC_APB2PeriphClockCmd                   0x080005a9   Thumb Code    26  stm32f10x_rcc.o(i.RCC_APB2PeriphClockCmd)
    RCC_GetClocksFreq                        0x080005c9   Thumb Code   192  stm32f10x_rcc.o(i.RCC_GetClocksFreq)
    RTOS_Run                                 0x0800069d   Thumb Code    76  system.o(i.RTOS_Run)
    RTOS_Task_1                              0x08000705   Thumb Code    60  system.o(i.RTOS_Task_1)
    RTOS_Task_2                              0x08000785   Thumb Code    46  system.o(i.RTOS_Task_2)
    SysTick_Handler                          0x080008c1   Thumb Code    22  cmsis_os2.o(i.SysTick_Handler)
    SystemCoreClockUpdate                    0x080008d9   Thumb Code   142  system_stm32f10x.o(i.SystemCoreClockUpdate)
    SystemInit                               0x0800097d   Thumb Code    78  system_stm32f10x.o(i.SystemInit)
    USART1_IRQHandler                        0x080009dd   Thumb Code    82  usart.o(i.USART1_IRQHandler)
    USART2_IRQHandler                        0x08000a45   Thumb Code    82  usart.o(i.USART2_IRQHandler)
    USART3_IRQHandler                        0x08000aad   Thumb Code    82  usart.o(i.USART3_IRQHandler)
    USART_Cmd                                0x08000b15   Thumb Code    24  stm32f10x_usart.o(i.USART_Cmd)
    USART_Config                             0x08000b2d   Thumb Code   284  usart.o(i.USART_Config)
    USART_GetFlagStatus                      0x08000c6d   Thumb Code    26  stm32f10x_usart.o(i.USART_GetFlagStatus)
    USART_GetITStatus                        0x08000c87   Thumb Code    84  stm32f10x_usart.o(i.USART_GetITStatus)
    USART_ITConfig                           0x08000cdb   Thumb Code    74  stm32f10x_usart.o(i.USART_ITConfig)
    USART_Init                               0x08000d25   Thumb Code   210  stm32f10x_usart.o(i.USART_Init)
    USART_ReceiveData                        0x08000dfd   Thumb Code    10  stm32f10x_usart.o(i.USART_ReceiveData)
    USART_SendChar                           0x08000e09   Thumb Code    32  usart.o(i.USART_SendChar)
    USART_SendData                           0x08000e2d   Thumb Code     8  stm32f10x_usart.o(i.USART_SendData)
    USART_SendString                         0x08000e35   Thumb Code    22  usart.o(i.USART_SendString)
    _mutex_acquire                           0x08000e6d   Thumb Code    28  clib_arm.o(i._mutex_acquire)
    _mutex_free                              0x08000e89   Thumb Code    46  clib_arm.o(i._mutex_free)
    _mutex_initialize                        0x08000ebd   Thumb Code    98  clib_arm.o(i._mutex_initialize)
    _mutex_release                           0x08000f29   Thumb Code    30  clib_arm.o(i._mutex_release)
    _platform_post_stackheap_init            0x08000f47   Thumb Code     2  clib_arm.o(i._platform_post_stackheap_init)
    main                                     0x08000f59   Thumb Code    26  main.o(i.main)
    pvPortMalloc                             0x080018c9   Thumb Code   208  heap_4.o(i.pvPortMalloc)
    pvTaskIncrementMutexHeldCount            0x080019ad   Thumb Code    26  tasks.o(i.pvTaskIncrementMutexHeldCount)
    pxPortInitialiseStack                    0x080019cd   Thumb Code    30  port.o(i.pxPortInitialiseStack)
    uxListRemove                             0x080019f1   Thumb Code    40  list.o(i.uxListRemove)
    vApplicationGetIdleTaskMemory            0x08001a19   Thumb Code    14  cmsis_os2.o(i.vApplicationGetIdleTaskMemory)
    vApplicationGetTimerTaskMemory           0x08001a31   Thumb Code    14  cmsis_os2.o(i.vApplicationGetTimerTaskMemory)
    vApplicationStackOverflowHook            0x08001a49   Thumb Code     2  cmsis_os2.o(i.vApplicationStackOverflowHook)
    vListInitialise                          0x08001a4b   Thumb Code    26  list.o(i.vListInitialise)
    vListInitialiseItem                      0x08001a65   Thumb Code     6  list.o(i.vListInitialiseItem)
    vListInsert                              0x08001a6b   Thumb Code    52  list.o(i.vListInsert)
    vPortEnterCritical                       0x08001aa1   Thumb Code    30  port.o(i.vPortEnterCritical)
    vPortExitCritical                        0x08001ac5   Thumb Code    28  port.o(i.vPortExitCritical)
    vPortFree                                0x08001ae5   Thumb Code    68  heap_4.o(i.vPortFree)
    vPortSetupTimerInterrupt                 0x08001b31   Thumb Code    36  port.o(i.vPortSetupTimerInterrupt)
    vQueueDelete                             0x08001b59   Thumb Code    20  queue.o(i.vQueueDelete)
    vQueueWaitForMessageRestricted           0x08001b6d   Thumb Code    74  queue.o(i.vQueueWaitForMessageRestricted)
    vTaskDelay                               0x08001bb9   Thumb Code    46  tasks.o(i.vTaskDelay)
    vTaskInternalSetTimeOutState             0x08001bed   Thumb Code    14  tasks.o(i.vTaskInternalSetTimeOutState)
    vTaskMissedYield                         0x08001c05   Thumb Code     8  tasks.o(i.vTaskMissedYield)
    vTaskPlaceOnEventList                    0x08001c11   Thumb Code    28  tasks.o(i.vTaskPlaceOnEventList)
    vTaskPlaceOnEventListRestricted          0x08001c31   Thumb Code    70  tasks.o(i.vTaskPlaceOnEventListRestricted)
    vTaskPriorityDisinheritAfterTimeout      0x08001c7d   Thumb Code   182  tasks.o(i.vTaskPriorityDisinheritAfterTimeout)
    vTaskStartScheduler                      0x08001d3d   Thumb Code   124  tasks.o(i.vTaskStartScheduler)
    vTaskSuspendAll                          0x08001dd9   Thumb Code    12  tasks.o(i.vTaskSuspendAll)
    vTaskSwitchContext                       0x08001de9   Thumb Code   154  tasks.o(i.vTaskSwitchContext)
    xPortStartScheduler                      0x08001e99   Thumb Code    42  port.o(i.xPortStartScheduler)
    xPortSysTickHandler                      0x08001ecd   Thumb Code    46  port.o(i.xPortSysTickHandler)
    xQueueCreateMutex                        0x08001f01   Thumb Code    34  queue.o(i.xQueueCreateMutex)
    xQueueCreateMutexStatic                  0x08001f23   Thumb Code    42  queue.o(i.xQueueCreateMutexStatic)
    xQueueGenericCreate                      0x08001f4d   Thumb Code    82  queue.o(i.xQueueGenericCreate)
    xQueueGenericCreateStatic                0x08001f9f   Thumb Code    62  queue.o(i.xQueueGenericCreateStatic)
    xQueueGenericReset                       0x08001fdd   Thumb Code   156  queue.o(i.xQueueGenericReset)
    xQueueGenericSend                        0x0800207d   Thumb Code   276  queue.o(i.xQueueGenericSend)
    xQueueReceive                            0x08002195   Thumb Code   256  queue.o(i.xQueueReceive)
    xQueueSemaphoreTake                      0x08002299   Thumb Code   300  queue.o(i.xQueueSemaphoreTake)
    xTaskCheckForTimeOut                     0x080023c9   Thumb Code    88  tasks.o(i.xTaskCheckForTimeOut)
    xTaskCreate                              0x08002429   Thumb Code   108  tasks.o(i.xTaskCreate)
    xTaskCreateStatic                        0x08002495   Thumb Code    86  tasks.o(i.xTaskCreateStatic)
    xTaskGetSchedulerState                   0x080024ed   Thumb Code    24  tasks.o(i.xTaskGetSchedulerState)
    xTaskGetTickCount                        0x0800250d   Thumb Code     6  tasks.o(i.xTaskGetTickCount)
    xTaskIncrementTick                       0x08002519   Thumb Code   354  tasks.o(i.xTaskIncrementTick)
    xTaskPriorityDisinherit                  0x080026a9   Thumb Code   138  tasks.o(i.xTaskPriorityDisinherit)
    xTaskPriorityInherit                     0x0800273d   Thumb Code   202  tasks.o(i.xTaskPriorityInherit)
    xTaskRemoveFromEventList                 0x08002815   Thumb Code   238  tasks.o(i.xTaskRemoveFromEventList)
    xTaskResumeAll                           0x0800291d   Thumb Code   308  tasks.o(i.xTaskResumeAll)
    xTimerCreateTimerTask                    0x08002a75   Thumb Code    76  timers.o(i.xTimerCreateTimerTask)
    Region$$Table$$Base                      0x08002ad4   Number         0  anon$$obj.o(Region$$Table)
    Region$$Table$$Limit                     0x08002af4   Number         0  anon$$obj.o(Region$$Table)
    xSemaphoreBin                            0x20000000   Data           4  system.o(.data)
    GPIOx                                    0x20000004   Data           4  usart.o(.data)
    USARTx                                   0x20000008   Data           4  usart.o(.data)
    GetChar                                  0x2000000c   Data           1  usart.o(.data)
    locate                                   0x20000010   Data           4  usart.o(.data)
    count                                    0x20000014   Data           4  usart.o(.data)
    stt_flag                                 0x20000018   Data           4  usart.o(.data)
    Tx_pin                                   0x2000001c   Data           2  usart.o(.data)
    Rx_pin                                   0x2000001e   Data           2  usart.o(.data)
    SystemCoreClock                          0x20000034   Data           4  system_stm32f10x.o(.data)
    AHBPrescTable                            0x20000038   Data          16  system_stm32f10x.o(.data)
    pxCurrentTCB                             0x20000068   Data           4  tasks.o(.data)
    uxTopUsedPriority                        0x200000a0   Data           4  tasks.o(.data)
    Recei                                    0x200000bc   Data        1000  main.o(.bss)
    __libspace_start                         0x200031bc   Data          96  libspace.o(.bss)
    __temporary_stack_top$libspace           0x2000321c   Data           0  libspace.o(.bss)



==============================================================================

Memory Map of the image

  Image Entry point : 0x080000ed

  Load Region LR_IROM1 (Base: 0x08000000, Size: 0x00002bb0, Max: 0x00010000, ABSOLUTE)

    Execution Region ER_IROM1 (Exec base: 0x08000000, Load base: 0x08000000, Size: 0x00002af4, Max: 0x00010000, ABSOLUTE)

    Exec Addr    Load Addr    Size         Type   Attr      Idx    E Section Name        Object

    0x08000000   0x08000000   0x000000ec   Data   RO         1570    RESET               startup_stm32f10x_md.o
    0x080000ec   0x080000ec   0x00000008   Code   RO         2810  * !!!main             c_w.l(__main.o)
    0x080000f4   0x080000f4   0x00000034   Code   RO         3131    !!!scatter          c_w.l(__scatter.o)
    0x08000128   0x08000128   0x0000001a   Code   RO         3133    !!handler_copy      c_w.l(__scatter_copy.o)
    0x08000142   0x08000142   0x00000002   PAD
    0x08000144   0x08000144   0x0000001c   Code   RO         3135    !!handler_zi        c_w.l(__scatter_zi.o)
    0x08000160   0x08000160   0x00000002   Code   RO         2993    .ARM.Collect$$libinit$$00000000  c_w.l(libinit.o)
    0x08000162   0x08000162   0x00000000   Code   RO         3008    .ARM.Collect$$libinit$$00000002  c_w.l(libinit2.o)
    0x08000162   0x08000162   0x00000000   Code   RO         3010    .ARM.Collect$$libinit$$00000004  c_w.l(libinit2.o)
    0x08000162   0x08000162   0x00000000   Code   RO         3013    .ARM.Collect$$libinit$$0000000A  c_w.l(libinit2.o)
    0x08000162   0x08000162   0x00000000   Code   RO         3015    .ARM.Collect$$libinit$$0000000C  c_w.l(libinit2.o)
    0x08000162   0x08000162   0x00000000   Code   RO         3017    .ARM.Collect$$libinit$$0000000E  c_w.l(libinit2.o)
    0x08000162   0x08000162   0x00000000   Code   RO         3020    .ARM.Collect$$libinit$$00000011  c_w.l(libinit2.o)
    0x08000162   0x08000162   0x00000000   Code   RO         3022    .ARM.Collect$$libinit$$00000013  c_w.l(libinit2.o)
    0x08000162   0x08000162   0x00000000   Code   RO         3024    .ARM.Collect$$libinit$$00000015  c_w.l(libinit2.o)
    0x08000162   0x08000162   0x00000000   Code   RO         3026    .ARM.Collect$$libinit$$00000017  c_w.l(libinit2.o)
    0x08000162   0x08000162   0x00000000   Code   RO         3028    .ARM.Collect$$libinit$$00000019  c_w.l(libinit2.o)
    0x08000162   0x08000162   0x00000000   Code   RO         3030    .ARM.Collect$$libinit$$0000001B  c_w.l(libinit2.o)
    0x08000162   0x08000162   0x00000000   Code   RO         3032    .ARM.Collect$$libinit$$0000001D  c_w.l(libinit2.o)
    0x08000162   0x08000162   0x00000000   Code   RO         3034    .ARM.Collect$$libinit$$0000001F  c_w.l(libinit2.o)
    0x08000162   0x08000162   0x00000000   Code   RO         3036    .ARM.Collect$$libinit$$00000021  c_w.l(libinit2.o)
    0x08000162   0x08000162   0x00000000   Code   RO         3038    .ARM.Collect$$libinit$$00000023  c_w.l(libinit2.o)
    0x08000162   0x08000162   0x00000000   Code   RO         3040    .ARM.Collect$$libinit$$00000025  c_w.l(libinit2.o)
    0x08000162   0x08000162   0x00000000   Code   RO         3044    .ARM.Collect$$libinit$$0000002C  c_w.l(libinit2.o)
    0x08000162   0x08000162   0x00000000   Code   RO         3046    .ARM.Collect$$libinit$$0000002E  c_w.l(libinit2.o)
    0x08000162   0x08000162   0x00000000   Code   RO         3048    .ARM.Collect$$libinit$$00000030  c_w.l(libinit2.o)
    0x08000162   0x08000162   0x00000000   Code   RO         3050    .ARM.Collect$$libinit$$00000032  c_w.l(libinit2.o)
    0x08000162   0x08000162   0x00000002   Code   RO         3051    .ARM.Collect$$libinit$$00000033  c_w.l(libinit2.o)
    0x08000164   0x08000164   0x00000002   Code   RO         3071    .ARM.Collect$$libshutdown$$00000000  c_w.l(libshutdown.o)
    0x08000166   0x08000166   0x00000000   Code   RO         3084    .ARM.Collect$$libshutdown$$00000002  c_w.l(libshutdown2.o)
    0x08000166   0x08000166   0x00000000   Code   RO         3086    .ARM.Collect$$libshutdown$$00000004  c_w.l(libshutdown2.o)
    0x08000166   0x08000166   0x00000000   Code   RO         3089    .ARM.Collect$$libshutdown$$00000007  c_w.l(libshutdown2.o)
    0x08000166   0x08000166   0x00000000   Code   RO         3092    .ARM.Collect$$libshutdown$$0000000A  c_w.l(libshutdown2.o)
    0x08000166   0x08000166   0x00000000   Code   RO         3094    .ARM.Collect$$libshutdown$$0000000C  c_w.l(libshutdown2.o)
    0x08000166   0x08000166   0x00000000   Code   RO         3097    .ARM.Collect$$libshutdown$$0000000F  c_w.l(libshutdown2.o)
    0x08000166   0x08000166   0x00000002   Code   RO         3098    .ARM.Collect$$libshutdown$$00000010  c_w.l(libshutdown2.o)
    0x08000168   0x08000168   0x00000000   Code   RO         2812    .ARM.Collect$$rtentry$$00000000  c_w.l(__rtentry.o)
    0x08000168   0x08000168   0x00000000   Code   RO         2915    .ARM.Collect$$rtentry$$00000002  c_w.l(__rtentry2.o)
    0x08000168   0x08000168   0x00000006   Code   RO         2927    .ARM.Collect$$rtentry$$00000004  c_w.l(__rtentry4.o)
    0x0800016e   0x0800016e   0x00000008   Code   RO         2916    .ARM.Collect$$rtentry$$00000008  c_w.l(__rtentry2.o)
    0x08000176   0x08000176   0x00000004   Code   RO         2918    .ARM.Collect$$rtentry$$0000000A  c_w.l(__rtentry2.o)
    0x0800017a   0x0800017a   0x00000000   Code   RO         2920    .ARM.Collect$$rtentry$$0000000C  c_w.l(__rtentry2.o)
    0x0800017a   0x0800017a   0x00000008   Code   RO         2921    .ARM.Collect$$rtentry$$0000000D  c_w.l(__rtentry2.o)
    0x08000182   0x08000182   0x00000002   Code   RO         3002    .ARM.Collect$$rtexit$$00000000  c_w.l(rtexit.o)
    0x08000184   0x08000184   0x00000000   Code   RO         3053    .ARM.Collect$$rtexit$$00000002  c_w.l(rtexit2.o)
    0x08000184   0x08000184   0x00000004   Code   RO         3054    .ARM.Collect$$rtexit$$00000003  c_w.l(rtexit2.o)
    0x08000188   0x08000188   0x00000006   Code   RO         3055    .ARM.Collect$$rtexit$$00000004  c_w.l(rtexit2.o)
    0x0800018e   0x0800018e   0x00000002   PAD
    0x08000190   0x08000190   0x00000096   Code   RO         1894    .emb_text           port.o
    0x08000226   0x08000226   0x00000002   PAD
    0x08000228   0x08000228   0x00000040   Code   RO         1571    .text               startup_stm32f10x_md.o
    0x08000268   0x08000268   0x0000008a   Code   RO         2798    .text               c_w.l(rt_memcpy_v6.o)
    0x080002f2   0x080002f2   0x00000010   Code   RO         2800    .text               c_w.l(aeabi_memset.o)
    0x08000302   0x08000302   0x00000044   Code   RO         2802    .text               c_w.l(rt_memclr.o)
    0x08000346   0x08000346   0x0000004e   Code   RO         2804    .text               c_w.l(rt_memclr_w.o)
    0x08000394   0x08000394   0x00000006   Code   RO         2808    .text               c_w.l(heapauxi.o)
    0x0800039a   0x0800039a   0x00000064   Code   RO         2904    .text               c_w.l(rt_memcpy_w.o)
    0x080003fe   0x080003fe   0x0000004a   Code   RO         2947    .text               c_w.l(sys_stackheap_outer.o)
    0x08000448   0x08000448   0x00000012   Code   RO         2988    .text               c_w.l(exit.o)
    0x0800045a   0x0800045a   0x00000002   PAD
    0x0800045c   0x0800045c   0x00000008   Code   RO         2999    .text               c_w.l(libspace.o)
    0x08000464   0x08000464   0x0000000c   Code   RO         3063    .text               c_w.l(sys_exit.o)
    0x08000470   0x08000470   0x00000002   Code   RO         3074    .text               c_w.l(use_no_semi.o)
    0x08000472   0x08000472   0x00000000   Code   RO         3076    .text               c_w.l(indicate_semi.o)
    0x08000472   0x08000472   0x00000116   Code   RO         1047    i.GPIO_Init         stm32f10x_gpio.o
    0x08000588   0x08000588   0x00000020   Code   RO         1169    i.RCC_APB1PeriphClockCmd  stm32f10x_rcc.o
    0x080005a8   0x080005a8   0x00000020   Code   RO         1171    i.RCC_APB2PeriphClockCmd  stm32f10x_rcc.o
    0x080005c8   0x080005c8   0x000000d4   Code   RO         1179    i.RCC_GetClocksFreq  stm32f10x_rcc.o
    0x0800069c   0x0800069c   0x00000068   Code   RO          136    i.RTOS_Run          system.o
    0x08000704   0x08000704   0x00000080   Code   RO          137    i.RTOS_Task_1       system.o
    0x08000784   0x08000784   0x00000054   Code   RO          138    i.RTOS_Task_2       system.o
    0x080007d8   0x080007d8   0x00000008   Code   RO         1578    i.SetSysClock       system_stm32f10x.o
    0x080007e0   0x080007e0   0x000000e0   Code   RO         1579    i.SetSysClockTo72   system_stm32f10x.o
    0x080008c0   0x080008c0   0x00000016   Code   RO          384    i.SysTick_Handler   cmsis_os2.o
    0x080008d6   0x080008d6   0x00000002   PAD
    0x080008d8   0x080008d8   0x000000a4   Code   RO         1580    i.SystemCoreClockUpdate  system_stm32f10x.o
    0x0800097c   0x0800097c   0x00000060   Code   RO         1581    i.SystemInit        system_stm32f10x.o
    0x080009dc   0x080009dc   0x00000068   Code   RO          192    i.USART1_IRQHandler  usart.o
    0x08000a44   0x08000a44   0x00000068   Code   RO          193    i.USART2_IRQHandler  usart.o
    0x08000aac   0x08000aac   0x00000068   Code   RO          194    i.USART3_IRQHandler  usart.o
    0x08000b14   0x08000b14   0x00000018   Code   RO         1383    i.USART_Cmd         stm32f10x_usart.o
    0x08000b2c   0x08000b2c   0x00000140   Code   RO          196    i.USART_Config      usart.o
    0x08000c6c   0x08000c6c   0x0000001a   Code   RO         1386    i.USART_GetFlagStatus  stm32f10x_usart.o
    0x08000c86   0x08000c86   0x00000054   Code   RO         1387    i.USART_GetITStatus  stm32f10x_usart.o
    0x08000cda   0x08000cda   0x0000004a   Code   RO         1389    i.USART_ITConfig    stm32f10x_usart.o
    0x08000d24   0x08000d24   0x000000d8   Code   RO         1390    i.USART_Init        stm32f10x_usart.o
    0x08000dfc   0x08000dfc   0x0000000a   Code   RO         1397    i.USART_ReceiveData  stm32f10x_usart.o
    0x08000e06   0x08000e06   0x00000002   PAD
    0x08000e08   0x08000e08   0x00000024   Code   RO          199    i.USART_SendChar    usart.o
    0x08000e2c   0x08000e2c   0x00000008   Code   RO         1400    i.USART_SendData    stm32f10x_usart.o
    0x08000e34   0x08000e34   0x00000016   Code   RO          201    i.USART_SendString  usart.o
    0x08000e4a   0x08000e4a   0x00000022   Code   RO          202    i.__NVIC_EnableIRQ  usart.o
    0x08000e6c   0x08000e6c   0x0000001c   Code   RO          300    i._mutex_acquire    clib_arm.o
    0x08000e88   0x08000e88   0x00000034   Code   RO          301    i._mutex_free       clib_arm.o
    0x08000ebc   0x08000ebc   0x0000006c   Code   RO          302    i._mutex_initialize  clib_arm.o
    0x08000f28   0x08000f28   0x0000001e   Code   RO          303    i._mutex_release    clib_arm.o
    0x08000f46   0x08000f46   0x00000002   Code   RO          304    i._platform_post_stackheap_init  clib_arm.o
    0x08000f48   0x08000f48   0x00000010   Code   RO          305    i.is_thread_mode    clib_arm.o
    0x08000f58   0x08000f58   0x0000001a   Code   RO            4    i.main              main.o
    0x08000f72   0x08000f72   0x00000012   Code   RO          306    i.os_kernel_is_active  clib_arm.o
    0x08000f84   0x08000f84   0x000000a4   Code   RO         2214    i.prvAddCurrentTaskToDelayedList  tasks.o
    0x08001028   0x08001028   0x000000e8   Code   RO         2215    i.prvAddNewTaskToReadyList  tasks.o
    0x08001110   0x08001110   0x0000005c   Code   RO         2611    i.prvCheckForValidListAndQueue  timers.o
    0x0800116c   0x0800116c   0x00000048   Code   RO         2216    i.prvCheckTasksWaitingTermination  tasks.o
    0x080011b4   0x080011b4   0x0000002a   Code   RO         1977    i.prvCopyDataFromQueue  queue.o
    0x080011de   0x080011de   0x0000007e   Code   RO         1978    i.prvCopyDataToQueue  queue.o
    0x0800125c   0x0800125c   0x00000028   Code   RO         2217    i.prvDeleteTCB      tasks.o
    0x08001284   0x08001284   0x00000014   Code   RO         1979    i.prvGetDisinheritPriorityAfterTimeout  queue.o
    0x08001298   0x08001298   0x00000028   Code   RO         2612    i.prvGetNextExpireTime  timers.o
    0x080012c0   0x080012c0   0x00000070   Code   RO         1821    i.prvHeapInit       heap_4.o
    0x08001330   0x08001330   0x00000028   Code   RO         2218    i.prvIdleTask       tasks.o
    0x08001358   0x08001358   0x0000001e   Code   RO         1980    i.prvInitialiseMutex  queue.o
    0x08001376   0x08001376   0x0000002a   Code   RO         1981    i.prvInitialiseNewQueue  queue.o
    0x080013a0   0x080013a0   0x00000086   Code   RO         2219    i.prvInitialiseNewTask  tasks.o
    0x08001426   0x08001426   0x00000002   PAD
    0x08001428   0x08001428   0x00000068   Code   RO         2220    i.prvInitialiseTaskLists  tasks.o
    0x08001490   0x08001490   0x00000068   Code   RO         1822    i.prvInsertBlockIntoFreeList  heap_4.o
    0x080014f8   0x080014f8   0x00000058   Code   RO         2614    i.prvInsertTimerInActiveList  timers.o
    0x08001550   0x08001550   0x0000001a   Code   RO         1982    i.prvIsQueueEmpty   queue.o
    0x0800156a   0x0800156a   0x0000001e   Code   RO         1983    i.prvIsQueueFull    queue.o
    0x08001588   0x08001588   0x00000044   Code   RO         2615    i.prvProcessExpiredTimer  timers.o
    0x080015cc   0x080015cc   0x00000110   Code   RO         2616    i.prvProcessReceivedCommands  timers.o
    0x080016dc   0x080016dc   0x00000074   Code   RO         2617    i.prvProcessTimerOrBlockTask  timers.o
    0x08001750   0x08001750   0x00000028   Code   RO         2618    i.prvReloadTimer    timers.o
    0x08001778   0x08001778   0x00000030   Code   RO         2222    i.prvResetNextTaskUnblockTime  tasks.o
    0x080017a8   0x080017a8   0x0000002c   Code   RO         2619    i.prvSampleTimeNow  timers.o
    0x080017d4   0x080017d4   0x00000044   Code   RO         2620    i.prvSwitchTimerLists  timers.o
    0x08001818   0x08001818   0x00000016   Code   RO         1895    i.prvTaskExitError  port.o
    0x0800182e   0x0800182e   0x0000001a   Code   RO         2621    i.prvTimerTask      timers.o
    0x08001848   0x08001848   0x0000007e   Code   RO         1984    i.prvUnlockQueue    queue.o
    0x080018c6   0x080018c6   0x00000002   PAD
    0x080018c8   0x080018c8   0x000000e4   Code   RO         1824    i.pvPortMalloc      heap_4.o
    0x080019ac   0x080019ac   0x00000020   Code   RO         2225    i.pvTaskIncrementMutexHeldCount  tasks.o
    0x080019cc   0x080019cc   0x00000024   Code   RO         1896    i.pxPortInitialiseStack  port.o
    0x080019f0   0x080019f0   0x00000028   Code   RO         1770    i.uxListRemove      list.o
    0x08001a18   0x08001a18   0x00000018   Code   RO          457    i.vApplicationGetIdleTaskMemory  cmsis_os2.o
    0x08001a30   0x08001a30   0x00000018   Code   RO          458    i.vApplicationGetTimerTaskMemory  cmsis_os2.o
    0x08001a48   0x08001a48   0x00000002   Code   RO          459    i.vApplicationStackOverflowHook  cmsis_os2.o
    0x08001a4a   0x08001a4a   0x0000001a   Code   RO         1771    i.vListInitialise   list.o
    0x08001a64   0x08001a64   0x00000006   Code   RO         1772    i.vListInitialiseItem  list.o
    0x08001a6a   0x08001a6a   0x00000034   Code   RO         1773    i.vListInsert       list.o
    0x08001a9e   0x08001a9e   0x00000002   PAD
    0x08001aa0   0x08001aa0   0x00000024   Code   RO         1898    i.vPortEnterCritical  port.o
    0x08001ac4   0x08001ac4   0x00000020   Code   RO         1899    i.vPortExitCritical  port.o
    0x08001ae4   0x08001ae4   0x0000004c   Code   RO         1825    i.vPortFree         heap_4.o
    0x08001b30   0x08001b30   0x00000028   Code   RO         1900    i.vPortSetupTimerInterrupt  port.o
    0x08001b58   0x08001b58   0x00000014   Code   RO         1990    i.vQueueDelete      queue.o
    0x08001b6c   0x08001b6c   0x0000004a   Code   RO         1992    i.vQueueWaitForMessageRestricted  queue.o
    0x08001bb6   0x08001bb6   0x00000002   PAD
    0x08001bb8   0x08001bb8   0x00000034   Code   RO         2235    i.vTaskDelay        tasks.o
    0x08001bec   0x08001bec   0x00000018   Code   RO         2240    i.vTaskInternalSetTimeOutState  tasks.o
    0x08001c04   0x08001c04   0x0000000c   Code   RO         2241    i.vTaskMissedYield  tasks.o
    0x08001c10   0x08001c10   0x00000020   Code   RO         2242    i.vTaskPlaceOnEventList  tasks.o
    0x08001c30   0x08001c30   0x0000004c   Code   RO         2243    i.vTaskPlaceOnEventListRestricted  tasks.o
    0x08001c7c   0x08001c7c   0x000000c0   Code   RO         2245    i.vTaskPriorityDisinheritAfterTimeout  tasks.o
    0x08001d3c   0x08001d3c   0x0000009c   Code   RO         2251    i.vTaskStartScheduler  tasks.o
    0x08001dd8   0x08001dd8   0x00000010   Code   RO         2253    i.vTaskSuspendAll   tasks.o
    0x08001de8   0x08001de8   0x000000b0   Code   RO         2254    i.vTaskSwitchContext  tasks.o
    0x08001e98   0x08001e98   0x00000034   Code   RO         1901    i.xPortStartScheduler  port.o
    0x08001ecc   0x08001ecc   0x00000034   Code   RO         1902    i.xPortSysTickHandler  port.o
    0x08001f00   0x08001f00   0x00000022   Code   RO         1995    i.xQueueCreateMutex  queue.o
    0x08001f22   0x08001f22   0x0000002a   Code   RO         1996    i.xQueueCreateMutexStatic  queue.o
    0x08001f4c   0x08001f4c   0x00000052   Code   RO         1997    i.xQueueGenericCreate  queue.o
    0x08001f9e   0x08001f9e   0x0000003e   Code   RO         1998    i.xQueueGenericCreateStatic  queue.o
    0x08001fdc   0x08001fdc   0x000000a0   Code   RO         1999    i.xQueueGenericReset  queue.o
    0x0800207c   0x0800207c   0x00000118   Code   RO         2000    i.xQueueGenericSend  queue.o
    0x08002194   0x08002194   0x00000104   Code   RO         2010    i.xQueueReceive     queue.o
    0x08002298   0x08002298   0x00000130   Code   RO         2012    i.xQueueSemaphoreTake  queue.o
    0x080023c8   0x080023c8   0x00000060   Code   RO         2256    i.xTaskCheckForTimeOut  tasks.o
    0x08002428   0x08002428   0x0000006c   Code   RO         2257    i.xTaskCreate       tasks.o
    0x08002494   0x08002494   0x00000056   Code   RO         2258    i.xTaskCreateStatic  tasks.o
    0x080024ea   0x080024ea   0x00000002   PAD
    0x080024ec   0x080024ec   0x00000020   Code   RO         2265    i.xTaskGetSchedulerState  tasks.o
    0x0800250c   0x0800250c   0x0000000c   Code   RO         2266    i.xTaskGetTickCount  tasks.o
    0x08002518   0x08002518   0x00000190   Code   RO         2268    i.xTaskIncrementTick  tasks.o
    0x080026a8   0x080026a8   0x00000094   Code   RO         2269    i.xTaskPriorityDisinherit  tasks.o
    0x0800273c   0x0800273c   0x000000d8   Code   RO         2270    i.xTaskPriorityInherit  tasks.o
    0x08002814   0x08002814   0x00000108   Code   RO         2271    i.xTaskRemoveFromEventList  tasks.o
    0x0800291c   0x0800291c   0x00000158   Code   RO         2272    i.xTaskResumeAll    tasks.o
    0x08002a74   0x08002a74   0x00000060   Code   RO         2630    i.xTimerCreateTimerTask  timers.o
    0x08002ad4   0x08002ad4   0x00000020   Data   RO         3129    Region$$Table       anon$$obj.o


    Execution Region RW_IRAM1 (Exec base: 0x20000000, Load base: 0x08002af4, Size: 0x00003820, Max: 0x00005000, ABSOLUTE)

    Exec Addr    Load Addr    Size         Type   Attr      Idx    E Section Name        Object

    0x20000000   0x08002af4   0x00000004   Data   RW          139    .data               system.o
    0x20000004   0x08002af8   0x0000001c   Data   RW          204    .data               usart.o
    0x20000020   0x08002b14   0x00000014   Data   RW         1199    .data               stm32f10x_rcc.o
    0x20000034   0x08002b28   0x00000014   Data   RW         1582    .data               system_stm32f10x.o
    0x20000048   0x08002b3c   0x0000001c   Data   RW         1831    .data               heap_4.o
    0x20000064   0x08002b58   0x00000004   Data   RW         1903    .data               port.o
    0x20000068   0x08002b5c   0x00000040   Data   RW         2275    .data               tasks.o
    0x200000a8   0x08002b9c   0x00000014   Data   RW         2640    .data               timers.o
    0x200000bc        -       0x000003e8   Zero   RW            5    .bss                main.o
    0x200004a4        -       0x00000394   Zero   RW          307    .bss                clib_arm.o
    0x20000838        -       0x000003f8   Zero   RW          460    .bss                cmsis_os2.o
    0x20000c30        -       0x00002000   Zero   RW         1830    .bss                heap_4.o
    0x20002c30        -       0x000004c4   Zero   RW         2274    .bss                tasks.o
    0x200030f4        -       0x000000c8   Zero   RW         2639    .bss                timers.o
    0x200031bc        -       0x00000060   Zero   RW         3000    .bss                c_w.l(libspace.o)
    0x2000321c   0x08002bb0   0x00000004   PAD
    0x20003220        -       0x00000200   Zero   RW         1569    HEAP                startup_stm32f10x_md.o
    0x20003420        -       0x00000400   Zero   RW         1568    STACK               startup_stm32f10x_md.o


==============================================================================

Image component sizes


      Code (inc. data)   RO Data    RW Data    ZI Data      Debug   Object Name

       254         16          0          0        916      27228   clib_arm.o
        72         20          0          0       1016      31051   cmsis_os2.o
         0          0          0          0          0      12012   event_groups.o
       520         58          0         28       8192       5063   heap_4.o
       124          0          0          0          0      12469   list.o
        26          0          0          0       1000     251867   main.o
       420         48          0          4          0       9528   port.o
      1760         16          0          0          0      19047   queue.o
        64         26        236          0       1536        796   startup_stm32f10x_md.o
       278          0          0          0          0       2296   stm32f10x_gpio.o
       276         32          0         20          0       4914   stm32f10x_rcc.o
       442          6          0          0          0       6949   stm32f10x_usart.o
       316        134          0          4          0       1563   system.o
       492         50          0         20          0       2913   system_stm32f10x.o
      3308        372          0         64       1220      46061   tasks.o
       950        110          0         20        200      11848   timers.o
       724        106          0         28          0       4358   usart.o

    ----------------------------------------------------------------------
     10042        994        268        188      14080     449963   Object Totals
         0          0         32          0          0          0   (incl. Generated)
        16          0          0          0          0          0   (incl. Padding)

    ----------------------------------------------------------------------

      Code (inc. data)   RO Data    RW Data    ZI Data      Debug   Library Member Name

         8          0          0          0          0         68   __main.o
         0          0          0          0          0          0   __rtentry.o
        20          0          0          0          0          0   __rtentry2.o
         6          0          0          0          0          0   __rtentry4.o
        52          8          0          0          0          0   __scatter.o
        26          0          0          0          0          0   __scatter_copy.o
        28          0          0          0          0          0   __scatter_zi.o
        16          0          0          0          0         68   aeabi_memset.o
        18          0          0          0          0         80   exit.o
         6          0          0          0          0        152   heapauxi.o
         0          0          0          0          0          0   indicate_semi.o
         2          0          0          0          0          0   libinit.o
         2          0          0          0          0          0   libinit2.o
         2          0          0          0          0          0   libshutdown.o
         2          0          0          0          0          0   libshutdown2.o
         8          4          0          0         96         68   libspace.o
        68          0          0          0          0         68   rt_memclr.o
        78          0          0          0          0         80   rt_memclr_w.o
       138          0          0          0          0         68   rt_memcpy_v6.o
       100          0          0          0          0         80   rt_memcpy_w.o
         2          0          0          0          0          0   rtexit.o
        10          0          0          0          0          0   rtexit2.o
        12          4          0          0          0         68   sys_exit.o
        74          0          0          0          0         80   sys_stackheap_outer.o
         2          0          0          0          0         68   use_no_semi.o

    ----------------------------------------------------------------------
       686         16          0          0        100        948   Library Totals
         6          0          0          0          4          0   (incl. Padding)

    ----------------------------------------------------------------------

      Code (inc. data)   RO Data    RW Data    ZI Data      Debug   Library Name

       680         16          0          0         96        948   c_w.l

    ----------------------------------------------------------------------
       686         16          0          0        100        948   Library Totals

    ----------------------------------------------------------------------

==============================================================================


      Code (inc. data)   RO Data    RW Data    ZI Data      Debug   

     10728       1010        268        188      14180     444927   Grand Totals
     10728       1010        268        188      14180     444927   ELF Image Totals
     10728       1010        268        188          0          0   ROM Totals

==============================================================================

    Total RO  Size (Code + RO Data)                10996 (  10.74kB)
    Total RW  Size (RW Data + ZI Data)             14368 (  14.03kB)
    Total ROM Size (Code + RO Data + RW Data)      11184 (  10.92kB)

==============================================================================

